<?xml version="1.0"?>
<link_info>
   <banner>TI ARM Linker PC v16.9.4.LTS</banner>
   <copyright>Copyright (c) 1996-2017 Texas Instruments Incorporated</copyright>
   <link_time>0x5aa7d35e</link_time>
   <link_errors>0x0</link_errors>
   <output_file>Music_IMU.out</output_file>
   <entry_point>
      <name>_c_int00</name>
      <address>0x55d9</address>
   </entry_point>
   <input_file_list>
      <input_file id="fl-2">
         <path>.\</path>
         <kind>object</kind>
         <file>BLE_serial.obj</file>
         <name>BLE_serial.obj</name>
      </input_file>
      <input_file id="fl-3">
         <path>.\</path>
         <kind>object</kind>
         <file>main.obj</file>
         <name>main.obj</name>
      </input_file>
      <input_file id="fl-4">
         <path>.\</path>
         <kind>object</kind>
         <file>tm4c123gh6pm_startup_ccs.obj</file>
         <name>tm4c123gh6pm_startup_ccs.obj</name>
      </input_file>
      <input_file id="fl-5">
         <path>.\FreeRTOS\Source\</path>
         <kind>object</kind>
         <file>croutine.obj</file>
         <name>croutine.obj</name>
      </input_file>
      <input_file id="fl-6">
         <path>.\FreeRTOS\Source\</path>
         <kind>object</kind>
         <file>event_groups.obj</file>
         <name>event_groups.obj</name>
      </input_file>
      <input_file id="fl-7">
         <path>.\FreeRTOS\Source\</path>
         <kind>object</kind>
         <file>list.obj</file>
         <name>list.obj</name>
      </input_file>
      <input_file id="fl-8">
         <path>.\FreeRTOS\Source\</path>
         <kind>object</kind>
         <file>queue.obj</file>
         <name>queue.obj</name>
      </input_file>
      <input_file id="fl-9">
         <path>.\FreeRTOS\Source\</path>
         <kind>object</kind>
         <file>stream_buffer.obj</file>
         <name>stream_buffer.obj</name>
      </input_file>
      <input_file id="fl-a">
         <path>.\FreeRTOS\Source\</path>
         <kind>object</kind>
         <file>tasks.obj</file>
         <name>tasks.obj</name>
      </input_file>
      <input_file id="fl-b">
         <path>.\FreeRTOS\Source\</path>
         <kind>object</kind>
         <file>timers.obj</file>
         <name>timers.obj</name>
      </input_file>
      <input_file id="fl-c">
         <path>.\FreeRTOS\Source\portable\CCS\ARM_CM4F\</path>
         <kind>object</kind>
         <file>port.obj</file>
         <name>port.obj</name>
      </input_file>
      <input_file id="fl-d">
         <path>.\FreeRTOS\Source\portable\CCS\ARM_CM4F\</path>
         <kind>object</kind>
         <file>portasm.obj</file>
         <name>portasm.obj</name>
      </input_file>
      <input_file id="fl-e">
         <path>.\FreeRTOS\Source\portable\MemMang\</path>
         <kind>object</kind>
         <file>heap_1.obj</file>
         <name>heap_1.obj</name>
      </input_file>
      <input_file id="fl-f">
         <path>.\driverlib\</path>
         <kind>object</kind>
         <file>adc.obj</file>
         <name>adc.obj</name>
      </input_file>
      <input_file id="fl-10">
         <path>.\driverlib\</path>
         <kind>object</kind>
         <file>aes.obj</file>
         <name>aes.obj</name>
      </input_file>
      <input_file id="fl-11">
         <path>.\driverlib\</path>
         <kind>object</kind>
         <file>can.obj</file>
         <name>can.obj</name>
      </input_file>
      <input_file id="fl-12">
         <path>.\driverlib\</path>
         <kind>object</kind>
         <file>comp.obj</file>
         <name>comp.obj</name>
      </input_file>
      <input_file id="fl-13">
         <path>.\driverlib\</path>
         <kind>object</kind>
         <file>cpu.obj</file>
         <name>cpu.obj</name>
      </input_file>
      <input_file id="fl-14">
         <path>.\driverlib\</path>
         <kind>object</kind>
         <file>crc.obj</file>
         <name>crc.obj</name>
      </input_file>
      <input_file id="fl-15">
         <path>.\driverlib\</path>
         <kind>object</kind>
         <file>des.obj</file>
         <name>des.obj</name>
      </input_file>
      <input_file id="fl-16">
         <path>.\driverlib\</path>
         <kind>object</kind>
         <file>eeprom.obj</file>
         <name>eeprom.obj</name>
      </input_file>
      <input_file id="fl-17">
         <path>.\driverlib\</path>
         <kind>object</kind>
         <file>emac.obj</file>
         <name>emac.obj</name>
      </input_file>
      <input_file id="fl-18">
         <path>.\driverlib\</path>
         <kind>object</kind>
         <file>epi.obj</file>
         <name>epi.obj</name>
      </input_file>
      <input_file id="fl-19">
         <path>.\driverlib\</path>
         <kind>object</kind>
         <file>epi_workaround_ccs.obj</file>
         <name>epi_workaround_ccs.obj</name>
      </input_file>
      <input_file id="fl-1a">
         <path>.\driverlib\</path>
         <kind>object</kind>
         <file>flash.obj</file>
         <name>flash.obj</name>
      </input_file>
      <input_file id="fl-1b">
         <path>.\driverlib\</path>
         <kind>object</kind>
         <file>fpu.obj</file>
         <name>fpu.obj</name>
      </input_file>
      <input_file id="fl-1c">
         <path>.\driverlib\</path>
         <kind>object</kind>
         <file>gpio.obj</file>
         <name>gpio.obj</name>
      </input_file>
      <input_file id="fl-1d">
         <path>.\driverlib\</path>
         <kind>object</kind>
         <file>hibernate.obj</file>
         <name>hibernate.obj</name>
      </input_file>
      <input_file id="fl-1e">
         <path>.\driverlib\</path>
         <kind>object</kind>
         <file>i2c.obj</file>
         <name>i2c.obj</name>
      </input_file>
      <input_file id="fl-1f">
         <path>.\driverlib\</path>
         <kind>object</kind>
         <file>interrupt.obj</file>
         <name>interrupt.obj</name>
      </input_file>
      <input_file id="fl-20">
         <path>.\driverlib\</path>
         <kind>object</kind>
         <file>lcd.obj</file>
         <name>lcd.obj</name>
      </input_file>
      <input_file id="fl-21">
         <path>.\driverlib\</path>
         <kind>object</kind>
         <file>mpu.obj</file>
         <name>mpu.obj</name>
      </input_file>
      <input_file id="fl-22">
         <path>.\driverlib\</path>
         <kind>object</kind>
         <file>onewire.obj</file>
         <name>onewire.obj</name>
      </input_file>
      <input_file id="fl-23">
         <path>.\driverlib\</path>
         <kind>object</kind>
         <file>pwm.obj</file>
         <name>pwm.obj</name>
      </input_file>
      <input_file id="fl-24">
         <path>.\driverlib\</path>
         <kind>object</kind>
         <file>qei.obj</file>
         <name>qei.obj</name>
      </input_file>
      <input_file id="fl-25">
         <path>.\driverlib\</path>
         <kind>object</kind>
         <file>shamd5.obj</file>
         <name>shamd5.obj</name>
      </input_file>
      <input_file id="fl-26">
         <path>.\driverlib\</path>
         <kind>object</kind>
         <file>ssi.obj</file>
         <name>ssi.obj</name>
      </input_file>
      <input_file id="fl-27">
         <path>.\driverlib\</path>
         <kind>object</kind>
         <file>sw_crc.obj</file>
         <name>sw_crc.obj</name>
      </input_file>
      <input_file id="fl-28">
         <path>.\driverlib\</path>
         <kind>object</kind>
         <file>sysctl.obj</file>
         <name>sysctl.obj</name>
      </input_file>
      <input_file id="fl-29">
         <path>.\driverlib\</path>
         <kind>object</kind>
         <file>sysexc.obj</file>
         <name>sysexc.obj</name>
      </input_file>
      <input_file id="fl-2a">
         <path>.\driverlib\</path>
         <kind>object</kind>
         <file>systick.obj</file>
         <name>systick.obj</name>
      </input_file>
      <input_file id="fl-2b">
         <path>.\driverlib\</path>
         <kind>object</kind>
         <file>timer.obj</file>
         <name>timer.obj</name>
      </input_file>
      <input_file id="fl-2c">
         <path>.\driverlib\</path>
         <kind>object</kind>
         <file>uart.obj</file>
         <name>uart.obj</name>
      </input_file>
      <input_file id="fl-2d">
         <path>.\driverlib\</path>
         <kind>object</kind>
         <file>udma.obj</file>
         <name>udma.obj</name>
      </input_file>
      <input_file id="fl-2e">
         <path>.\driverlib\</path>
         <kind>object</kind>
         <file>usb.obj</file>
         <name>usb.obj</name>
      </input_file>
      <input_file id="fl-2f">
         <path>.\driverlib\</path>
         <kind>object</kind>
         <file>watchdog.obj</file>
         <name>watchdog.obj</name>
      </input_file>
      <input_file id="fl-37">
         <kind>object</kind>
         <file>&lt;internal&gt;</file>
         <name>&lt;internal&gt;</name>
      </input_file>
      <input_file id="fl-ed">
         <path>C:\ti\ccsv7\tools\compiler\ti-cgt-arm_16.9.4.LTS\lib\</path>
         <kind>archive</kind>
         <file>rtsv7M4_T_le_v4SPD16_eabi.lib</file>
         <name>boot.obj</name>
      </input_file>
      <input_file id="fl-ee">
         <path>C:\ti\ccsv7\tools\compiler\ti-cgt-arm_16.9.4.LTS\lib\</path>
         <kind>archive</kind>
         <file>rtsv7M4_T_le_v4SPD16_eabi.lib</file>
         <name>copy_decompress_lzss.obj</name>
      </input_file>
      <input_file id="fl-ef">
         <path>C:\ti\ccsv7\tools\compiler\ti-cgt-arm_16.9.4.LTS\lib\</path>
         <kind>archive</kind>
         <file>rtsv7M4_T_le_v4SPD16_eabi.lib</file>
         <name>copy_decompress_none.obj</name>
      </input_file>
      <input_file id="fl-f0">
         <path>C:\ti\ccsv7\tools\compiler\ti-cgt-arm_16.9.4.LTS\lib\</path>
         <kind>archive</kind>
         <file>rtsv7M4_T_le_v4SPD16_eabi.lib</file>
         <name>copy_zero_init.obj</name>
      </input_file>
      <input_file id="fl-f1">
         <path>C:\ti\ccsv7\tools\compiler\ti-cgt-arm_16.9.4.LTS\lib\</path>
         <kind>archive</kind>
         <file>rtsv7M4_T_le_v4SPD16_eabi.lib</file>
         <name>exit.obj</name>
      </input_file>
      <input_file id="fl-f2">
         <path>C:\ti\ccsv7\tools\compiler\ti-cgt-arm_16.9.4.LTS\lib\</path>
         <kind>archive</kind>
         <file>rtsv7M4_T_le_v4SPD16_eabi.lib</file>
         <name>memcpy_t2.obj</name>
      </input_file>
      <input_file id="fl-f3">
         <path>C:\ti\ccsv7\tools\compiler\ti-cgt-arm_16.9.4.LTS\lib\</path>
         <kind>archive</kind>
         <file>rtsv7M4_T_le_v4SPD16_eabi.lib</file>
         <name>memset_t2.obj</name>
      </input_file>
      <input_file id="fl-f4">
         <path>C:\ti\ccsv7\tools\compiler\ti-cgt-arm_16.9.4.LTS\lib\</path>
         <kind>archive</kind>
         <file>rtsv7M4_T_le_v4SPD16_eabi.lib</file>
         <name>mpu_init.obj</name>
      </input_file>
      <input_file id="fl-f5">
         <path>C:\ti\ccsv7\tools\compiler\ti-cgt-arm_16.9.4.LTS\lib\</path>
         <kind>archive</kind>
         <file>rtsv7M4_T_le_v4SPD16_eabi.lib</file>
         <name>pre_init.obj</name>
      </input_file>
      <input_file id="fl-f6">
         <path>C:\ti\ccsv7\tools\compiler\ti-cgt-arm_16.9.4.LTS\lib\</path>
         <kind>archive</kind>
         <file>rtsv7M4_T_le_v4SPD16_eabi.lib</file>
         <name>stkdepth_vars.obj</name>
      </input_file>
      <input_file id="fl-f7">
         <path>C:\ti\ccsv7\tools\compiler\ti-cgt-arm_16.9.4.LTS\lib\</path>
         <kind>archive</kind>
         <file>rtsv7M4_T_le_v4SPD16_eabi.lib</file>
         <name>_lock.obj</name>
      </input_file>
      <input_file id="fl-f8">
         <path>C:\ti\ccsv7\tools\compiler\ti-cgt-arm_16.9.4.LTS\lib\</path>
         <kind>archive</kind>
         <file>rtsv7M4_T_le_v4SPD16_eabi.lib</file>
         <name>args_main.obj</name>
      </input_file>
      <input_file id="fl-f9">
         <path>C:\ti\ccsv7\tools\compiler\ti-cgt-arm_16.9.4.LTS\lib\</path>
         <kind>archive</kind>
         <file>rtsv7M4_T_le_v4SPD16_eabi.lib</file>
         <name>autoinit.obj</name>
      </input_file>
      <input_file id="fl-fa">
         <path>C:\ti\ccsv7\tools\compiler\ti-cgt-arm_16.9.4.LTS\lib\</path>
         <kind>archive</kind>
         <file>rtsv7M4_T_le_v4SPD16_eabi.lib</file>
         <name>cpy_tbl.obj</name>
      </input_file>
      <input_file id="fl-fb">
         <path>C:\ti\ccsv7\tools\compiler\ti-cgt-arm_16.9.4.LTS\lib\</path>
         <kind>archive</kind>
         <file>rtsv7M4_T_le_v4SPD16_eabi.lib</file>
         <name>startup.obj</name>
      </input_file>
   </input_file_list>
   <object_component_list>
      <object_component id="oc-f">
         <name>.intvecs</name>
         <load_address>0x0</load_address>
         <run_address>0x0</run_address>
         <size>0x26c</size>
         <input_file_ref idref="fl-4"/>
      </object_component>
      <object_component id="oc-e8">
         <name>.text</name>
         <load_address>0x26c</load_address>
         <run_address>0x26c</run_address>
         <size>0x1328</size>
         <input_file_ref idref="fl-a"/>
      </object_component>
      <object_component id="oc-d0">
         <name>.text</name>
         <load_address>0x1594</load_address>
         <run_address>0x1594</run_address>
         <size>0xf88</size>
         <input_file_ref idref="fl-28"/>
      </object_component>
      <object_component id="oc-d6">
         <name>.text</name>
         <load_address>0x251c</load_address>
         <run_address>0x251c</run_address>
         <size>0xba0</size>
         <input_file_ref idref="fl-1c"/>
      </object_component>
      <object_component id="oc-20f">
         <name>.text</name>
         <load_address>0x30bc</load_address>
         <run_address>0x30bc</run_address>
         <size>0xb50</size>
         <input_file_ref idref="fl-8"/>
      </object_component>
      <object_component id="oc-dc">
         <name>.text</name>
         <load_address>0x3c0c</load_address>
         <run_address>0x3c0c</run_address>
         <size>0x638</size>
         <input_file_ref idref="fl-2c"/>
      </object_component>
      <object_component id="oc-170">
         <name>.text</name>
         <load_address>0x4244</load_address>
         <run_address>0x4244</run_address>
         <size>0x570</size>
         <input_file_ref idref="fl-b"/>
      </object_component>
      <object_component id="oc-118">
         <name>.text</name>
         <load_address>0x47b4</load_address>
         <run_address>0x47b4</run_address>
         <size>0x3c0</size>
         <input_file_ref idref="fl-1f"/>
      </object_component>
      <object_component id="oc-e2">
         <name>.text</name>
         <load_address>0x4b74</load_address>
         <run_address>0x4b74</run_address>
         <size>0x396</size>
         <input_file_ref idref="fl-6"/>
      </object_component>
      <object_component id="oc-57">
         <name>.text</name>
         <load_address>0x4f0a</load_address>
         <run_address>0x4f0a</run_address>
         <size>0x2</size>
         <input_file_ref idref="fl-f4"/>
      </object_component>
      <object_component id="oc-155">
         <name>.text</name>
         <load_address>0x4f0c</load_address>
         <run_address>0x4f0c</run_address>
         <size>0x13c</size>
         <input_file_ref idref="fl-c"/>
      </object_component>
      <object_component id="oc-14f">
         <name>.text</name>
         <load_address>0x5048</load_address>
         <run_address>0x5048</run_address>
         <size>0x12a</size>
         <input_file_ref idref="fl-7"/>
      </object_component>
      <object_component id="oc-9f">
         <name>.text</name>
         <load_address>0x5172</load_address>
         <run_address>0x5172</run_address>
         <size>0x2</size>
         <input_file_ref idref="fl-fb"/>
      </object_component>
      <object_component id="oc-a7">
         <name>.text</name>
         <load_address>0x5174</load_address>
         <run_address>0x5174</run_address>
         <size>0xfc</size>
         <input_file_ref idref="fl-3"/>
      </object_component>
      <object_component id="oc-1f3">
         <name>.text</name>
         <load_address>0x5270</load_address>
         <run_address>0x5270</run_address>
         <size>0xda</size>
         <input_file_ref idref="fl-d"/>
      </object_component>
      <object_component id="oc-149">
         <name>.text</name>
         <load_address>0x534c</load_address>
         <run_address>0x534c</run_address>
         <size>0x9c</size>
         <input_file_ref idref="fl-e"/>
      </object_component>
      <object_component id="oc-3f">
         <name>.text</name>
         <load_address>0x53e8</load_address>
         <run_address>0x53e8</run_address>
         <size>0x9c</size>
         <input_file_ref idref="fl-f2"/>
      </object_component>
      <object_component id="oc-4b">
         <name>.text</name>
         <load_address>0x5484</load_address>
         <run_address>0x5484</run_address>
         <size>0x7a</size>
         <input_file_ref idref="fl-f3"/>
      </object_component>
      <object_component id="oc-63">
         <name>.text</name>
         <load_address>0x5500</load_address>
         <run_address>0x5500</run_address>
         <size>0x70</size>
         <input_file_ref idref="fl-f9"/>
      </object_component>
      <object_component id="oc-12">
         <name>.text:decompress:lzss</name>
         <load_address>0x5570</load_address>
         <run_address>0x5570</run_address>
         <size>0x68</size>
         <input_file_ref idref="fl-ee"/>
      </object_component>
      <object_component id="oc-24">
         <name>.text</name>
         <load_address>0x55d8</load_address>
         <run_address>0x55d8</run_address>
         <size>0x54</size>
         <input_file_ref idref="fl-ed"/>
      </object_component>
      <object_component id="oc-6f">
         <name>.text</name>
         <load_address>0x562c</load_address>
         <run_address>0x562c</run_address>
         <size>0x54</size>
         <input_file_ref idref="fl-f1"/>
      </object_component>
      <object_component id="oc-99">
         <name>.text</name>
         <load_address>0x5680</load_address>
         <run_address>0x5680</run_address>
         <size>0x4c</size>
         <input_file_ref idref="fl-fa"/>
      </object_component>
      <object_component id="oc-11e">
         <name>.text</name>
         <load_address>0x56cc</load_address>
         <run_address>0x56cc</run_address>
         <size>0x3e</size>
         <input_file_ref idref="fl-13"/>
      </object_component>
      <object_component id="oc-69">
         <name>.text</name>
         <load_address>0x570c</load_address>
         <run_address>0x570c</run_address>
         <size>0x18</size>
         <input_file_ref idref="fl-f8"/>
      </object_component>
      <object_component id="oc-fd">
         <name>.text</name>
         <load_address>0x5724</load_address>
         <run_address>0x5724</run_address>
         <size>0x14</size>
         <input_file_ref idref="fl-f7"/>
      </object_component>
      <object_component id="oc-18">
         <name>.text:decompress:none</name>
         <load_address>0x5738</load_address>
         <run_address>0x5738</run_address>
         <size>0xe</size>
         <input_file_ref idref="fl-ef"/>
      </object_component>
      <object_component id="oc-1e">
         <name>.text:decompress:ZI</name>
         <load_address>0x5746</load_address>
         <run_address>0x5746</run_address>
         <size>0xc</size>
         <input_file_ref idref="fl-f0"/>
      </object_component>
      <object_component id="oc-2b">
         <name>.text</name>
         <load_address>0x5752</load_address>
         <run_address>0x5752</run_address>
         <size>0xc</size>
         <input_file_ref idref="fl-4"/>
      </object_component>
      <object_component id="oc-12d">
         <name>.text:SysCtlDelay</name>
         <load_address>0x575e</load_address>
         <run_address>0x575e</run_address>
         <size>0x6</size>
         <input_file_ref idref="fl-28"/>
      </object_component>
      <object_component id="oc-5d">
         <name>.text</name>
         <load_address>0x5764</load_address>
         <run_address>0x5764</run_address>
         <size>0x4</size>
         <input_file_ref idref="fl-f5"/>
      </object_component>
      <object_component id="oc-12a">
         <name>.const:g_pppui32XTALtoVCO</name>
         <load_address>0x5768</load_address>
         <run_address>0x5768</run_address>
         <size>0x1b0</size>
         <input_file_ref idref="fl-28"/>
      </object_component>
      <object_component id="oc-136">
         <name>.const:g_ppui32GPIOIntMapSnowflake</name>
         <load_address>0x5918</load_address>
         <run_address>0x5918</run_address>
         <size>0xd8</size>
         <input_file_ref idref="fl-1c"/>
      </object_component>
      <object_component id="oc-130">
         <name>.const:g_ppui32GPIOIntMapBlizzard</name>
         <load_address>0x59f0</load_address>
         <run_address>0x59f0</run_address>
         <size>0xc0</size>
         <input_file_ref idref="fl-1c"/>
      </object_component>
      <object_component id="oc-1b4">
         <name>.const:g_pui32Regs</name>
         <load_address>0x5ab0</load_address>
         <run_address>0x5ab0</run_address>
         <size>0x9c</size>
         <input_file_ref idref="fl-1f"/>
      </object_component>
      <object_component id="oc-139">
         <name>.const:g_pui32GPIOBaseAddrs</name>
         <load_address>0x5b4c</load_address>
         <run_address>0x5b4c</run_address>
         <size>0x90</size>
         <input_file_ref idref="fl-1c"/>
      </object_component>
      <object_component id="oc-124">
         <name>.const:g_pui32Xtals</name>
         <load_address>0x5bdc</load_address>
         <run_address>0x5bdc</run_address>
         <size>0x6c</size>
         <input_file_ref idref="fl-28"/>
      </object_component>
      <object_component id="oc-13e">
         <name>.const:g_ppui32UARTIntMap</name>
         <load_address>0x5c48</load_address>
         <run_address>0x5c48</run_address>
         <size>0x40</size>
         <input_file_ref idref="fl-2c"/>
      </object_component>
      <object_component id="oc-144">
         <name>.const:g_ppui32UARTIntMapSnowflake</name>
         <load_address>0x5c88</load_address>
         <run_address>0x5c88</run_address>
         <size>0x40</size>
         <input_file_ref idref="fl-2c"/>
      </object_component>
      <object_component id="oc-115">
         <name>.const:g_sXTALtoMEMTIM</name>
         <load_address>0x5cc8</load_address>
         <run_address>0x5cc8</run_address>
         <size>0x30</size>
         <input_file_ref idref="fl-28"/>
      </object_component>
      <object_component id="oc-1b1">
         <name>.const:g_pui32Priority</name>
         <load_address>0x5cf8</load_address>
         <run_address>0x5cf8</run_address>
         <size>0x20</size>
         <input_file_ref idref="fl-1f"/>
      </object_component>
      <object_component id="oc-1ba">
         <name>.const:g_pui32Dii16Regs</name>
         <load_address>0x5d18</load_address>
         <run_address>0x5d18</run_address>
         <size>0x14</size>
         <input_file_ref idref="fl-1f"/>
      </object_component>
      <object_component id="oc-1b7">
         <name>.const:g_pui32EnRegs</name>
         <load_address>0x5d2c</load_address>
         <run_address>0x5d2c</run_address>
         <size>0x14</size>
         <input_file_ref idref="fl-1f"/>
      </object_component>
      <object_component id="oc-1bd">
         <name>.const:g_pui32PendRegs</name>
         <load_address>0x5d40</load_address>
         <run_address>0x5d40</run_address>
         <size>0x14</size>
         <input_file_ref idref="fl-1f"/>
      </object_component>
      <object_component id="oc-1c0">
         <name>.const:g_pui32UnpendRegs</name>
         <load_address>0x5d54</load_address>
         <run_address>0x5d54</run_address>
         <size>0x14</size>
         <input_file_ref idref="fl-1f"/>
      </object_component>
      <object_component id="oc-127">
         <name>.const:g_pui32VCOFrequencies</name>
         <load_address>0x5d68</load_address>
         <run_address>0x5d68</run_address>
         <size>0x8</size>
         <input_file_ref idref="fl-28"/>
      </object_component>
      <object_component id="oc-133">
         <name>.const</name>
         <load_address>0x5d70</load_address>
         <run_address>0x5d70</run_address>
         <size>0x8</size>
         <input_file_ref idref="fl-1c"/>
      </object_component>
      <object_component id="oc-141">
         <name>.const</name>
         <load_address>0x5d78</load_address>
         <run_address>0x5d78</run_address>
         <size>0x8</size>
         <input_file_ref idref="fl-2c"/>
      </object_component>
      <object_component id="oc-251">
         <name>.const</name>
         <load_address>0x5d80</load_address>
         <run_address>0x5d80</run_address>
         <size>0x4</size>
         <input_file_ref idref="fl-c"/>
      </object_component>
      <object_component id="oc-297">
         <name>.cinit..data.load</name>
         <load_address>0x5d88</load_address>
         <run_address>0x5d88</run_address>
         <size>0x17</size>
      </object_component>
      <object_component id="oc-294">
         <name>__TI_handler_table</name>
         <load_address>0x5da0</load_address>
         <run_address>0x5da0</run_address>
         <size>0xc</size>
      </object_component>
      <object_component id="oc-298">
         <name>.cinit..bss.load</name>
         <load_address>0x5db0</load_address>
         <run_address>0x5db0</run_address>
         <size>0x8</size>
      </object_component>
      <object_component id="oc-296">
         <name>.cinit..vtable.load</name>
         <load_address>0x5db8</load_address>
         <run_address>0x5db8</run_address>
         <size>0x8</size>
      </object_component>
      <object_component id="oc-295">
         <name>__TI_cinit_table</name>
         <load_address>0x5dc0</load_address>
         <run_address>0x5dc0</run_address>
         <size>0x18</size>
      </object_component>
      <object_component id="oc-1ae">
         <name>.vtable</name>
         <uninitialized>true</uninitialized>
         <run_address>0x20000000</run_address>
         <size>0x26c</size>
         <input_file_ref idref="fl-1f"/>
      </object_component>
      <object_component id="oc-167">
         <name>.data</name>
         <load_address>0x200055c0</load_address>
         <run_address>0x200055c0</run_address>
         <size>0x34</size>
         <input_file_ref idref="fl-a"/>
      </object_component>
      <object_component id="oc-215">
         <name>.data</name>
         <load_address>0x20005600</load_address>
         <run_address>0x20005600</run_address>
         <size>0xc</size>
         <input_file_ref idref="fl-b"/>
      </object_component>
      <object_component id="oc-1f8">
         <name>.data</name>
         <load_address>0x2000561c</load_address>
         <run_address>0x2000561c</run_address>
         <size>0x4</size>
         <input_file_ref idref="fl-c"/>
      </object_component>
      <object_component id="oc-1e4">
         <name>.data</name>
         <load_address>0x20005614</load_address>
         <run_address>0x20005614</run_address>
         <size>0x8</size>
         <input_file_ref idref="fl-e"/>
      </object_component>
      <object_component id="oc-af">
         <name>.data:$O1$$</name>
         <load_address>0x200055f4</load_address>
         <run_address>0x200055f4</run_address>
         <size>0xc</size>
         <input_file_ref idref="fl-f1"/>
      </object_component>
      <object_component id="oc-75">
         <name>.data</name>
         <load_address>0x20005620</load_address>
         <run_address>0x20005620</run_address>
         <size>0x4</size>
         <input_file_ref idref="fl-f6"/>
      </object_component>
      <object_component id="oc-b2">
         <name>.data:$O1$$</name>
         <load_address>0x2000560c</load_address>
         <run_address>0x2000560c</run_address>
         <size>0x8</size>
         <input_file_ref idref="fl-f7"/>
      </object_component>
      <object_component id="oc-16a">
         <name>.bss:pxReadyTasksLists</name>
         <uninitialized>true</uninitialized>
         <run_address>0x2000526c</run_address>
         <size>0x64</size>
         <input_file_ref idref="fl-a"/>
      </object_component>
      <object_component id="oc-17f">
         <name>.bss:xDelayedTaskList1</name>
         <uninitialized>true</uninitialized>
         <run_address>0x20005348</run_address>
         <size>0x14</size>
         <input_file_ref idref="fl-a"/>
      </object_component>
      <object_component id="oc-182">
         <name>.bss:xDelayedTaskList2</name>
         <uninitialized>true</uninitialized>
         <run_address>0x2000535c</run_address>
         <size>0x14</size>
         <input_file_ref idref="fl-a"/>
      </object_component>
      <object_component id="oc-17c">
         <name>.bss</name>
         <uninitialized>true</uninitialized>
         <run_address>0x200053ac</run_address>
         <size>0x8</size>
         <input_file_ref idref="fl-a"/>
      </object_component>
      <object_component id="oc-179">
         <name>.bss:xPendingReadyList</name>
         <uninitialized>true</uninitialized>
         <run_address>0x20005370</run_address>
         <size>0x14</size>
         <input_file_ref idref="fl-a"/>
      </object_component>
      <object_component id="oc-16d">
         <name>.bss:xTasksWaitingTermination</name>
         <uninitialized>true</uninitialized>
         <run_address>0x20005398</run_address>
         <size>0x14</size>
         <input_file_ref idref="fl-a"/>
      </object_component>
      <object_component id="oc-176">
         <name>.bss:xSuspendedTaskList</name>
         <uninitialized>true</uninitialized>
         <run_address>0x20005384</run_address>
         <size>0x14</size>
         <input_file_ref idref="fl-a"/>
      </object_component>
      <object_component id="oc-21b">
         <name>.bss:xActiveTimerList1</name>
         <uninitialized>true</uninitialized>
         <run_address>0x20005320</run_address>
         <size>0x14</size>
         <input_file_ref idref="fl-b"/>
      </object_component>
      <object_component id="oc-21e">
         <name>.bss:xActiveTimerList2</name>
         <uninitialized>true</uninitialized>
         <run_address>0x20005334</run_address>
         <size>0x14</size>
         <input_file_ref idref="fl-b"/>
      </object_component>
      <object_component id="oc-218">
         <name>.bss</name>
         <uninitialized>true</uninitialized>
         <run_address>0x200053b4</run_address>
         <size>0x8</size>
         <input_file_ref idref="fl-b"/>
      </object_component>
      <object_component id="oc-1e7">
         <name>.bss:ucHeap</name>
         <uninitialized>true</uninitialized>
         <run_address>0x2000026c</run_address>
         <size>0x5000</size>
         <input_file_ref idref="fl-e"/>
      </object_component>
      <object_component id="oc-ee">
         <name>.common:Serials</name>
         <uninitialized>true</uninitialized>
         <run_address>0x200053bc</run_address>
         <size>0x4</size>
      </object_component>
      <object_component id="oc-259">
         <name>.common:xQueueRegistry</name>
         <uninitialized>true</uninitialized>
         <run_address>0x200052d0</run_address>
         <size>0x50</size>
      </object_component>
      <object_component id="oc-2a">
         <name>.stack</name>
         <uninitialized>true</uninitialized>
         <run_address>0x200053c0</run_address>
         <size>0x0</size>
         <input_file_ref idref="fl-ed"/>
      </object_component>
      <object_component id="oc-299">
         <name>.stack</name>
         <uninitialized>true</uninitialized>
         <run_address>0x200053c0</run_address>
         <size>0x0</size>
      </object_component>
      <object_component id="oc-ef">
         <name>.debug_info</name>
         <load_address>0x0</load_address>
         <run_address>0x0</run_address>
         <size>0x600</size>
         <input_file_ref idref="fl-2"/>
      </object_component>
      <object_component id="oc-18c">
         <name>.debug_info</name>
         <load_address>0x600</load_address>
         <run_address>0x600</run_address>
         <size>0x30c</size>
         <input_file_ref idref="fl-2"/>
      </object_component>
      <object_component id="oc-1a2">
         <name>.debug_info</name>
         <load_address>0x90c</load_address>
         <run_address>0x90c</run_address>
         <size>0x3ce</size>
         <input_file_ref idref="fl-2"/>
      </object_component>
      <object_component id="oc-ba">
         <name>.debug_info</name>
         <load_address>0xcda</load_address>
         <run_address>0xcda</run_address>
         <size>0x8b</size>
         <input_file_ref idref="fl-2"/>
      </object_component>
      <object_component id="oc-15c">
         <name>.debug_info</name>
         <load_address>0xd65</load_address>
         <run_address>0xd65</run_address>
         <size>0x39</size>
         <input_file_ref idref="fl-2"/>
      </object_component>
      <object_component id="oc-25d">
         <name>.debug_info</name>
         <load_address>0xd9e</load_address>
         <run_address>0xd9e</run_address>
         <size>0x46</size>
         <input_file_ref idref="fl-2"/>
      </object_component>
      <object_component id="oc-193">
         <name>.debug_info</name>
         <load_address>0xde4</load_address>
         <run_address>0xde4</run_address>
         <size>0x46</size>
         <input_file_ref idref="fl-2"/>
      </object_component>
      <object_component id="oc-186">
         <name>.debug_info</name>
         <load_address>0xe2a</load_address>
         <run_address>0xe2a</run_address>
         <size>0x2c</size>
         <input_file_ref idref="fl-2"/>
      </object_component>
      <object_component id="oc-7c">
         <name>.debug_info</name>
         <load_address>0xe56</load_address>
         <run_address>0xe56</run_address>
         <size>0x18b</size>
         <input_file_ref idref="fl-2"/>
      </object_component>
      <object_component id="oc-198">
         <name>.debug_info</name>
         <load_address>0xfe1</load_address>
         <run_address>0xfe1</run_address>
         <size>0x46</size>
         <input_file_ref idref="fl-2"/>
      </object_component>
      <object_component id="oc-162">
         <name>.debug_info</name>
         <load_address>0x1027</load_address>
         <run_address>0x1027</run_address>
         <size>0x53</size>
         <input_file_ref idref="fl-2"/>
      </object_component>
      <object_component id="oc-19d">
         <name>.debug_info</name>
         <load_address>0x107a</load_address>
         <run_address>0x107a</run_address>
         <size>0x14c</size>
         <input_file_ref idref="fl-2"/>
      </object_component>
      <object_component id="oc-f1">
         <name>.debug_info</name>
         <load_address>0x11c6</load_address>
         <run_address>0x11c6</run_address>
         <size>0x67c</size>
         <input_file_ref idref="fl-3"/>
      </object_component>
      <object_component id="oc-a8">
         <name>.debug_info</name>
         <load_address>0x1842</load_address>
         <run_address>0x1842</run_address>
         <size>0x3c0</size>
         <input_file_ref idref="fl-3"/>
      </object_component>
      <object_component id="oc-33">
         <name>.debug_info</name>
         <load_address>0x1c02</load_address>
         <run_address>0x1c02</run_address>
         <size>0x287</size>
         <input_file_ref idref="fl-4"/>
      </object_component>
      <object_component id="oc-10">
         <name>.debug_info</name>
         <load_address>0x1e89</load_address>
         <run_address>0x1e89</run_address>
         <size>0xd8</size>
         <input_file_ref idref="fl-4"/>
      </object_component>
      <object_component id="oc-2c">
         <name>.debug_info</name>
         <load_address>0x1f61</load_address>
         <run_address>0x1f61</run_address>
         <size>0x254</size>
         <input_file_ref idref="fl-4"/>
      </object_component>
      <object_component id="oc-3a">
         <name>.debug_info</name>
         <load_address>0x21b5</load_address>
         <run_address>0x21b5</run_address>
         <size>0x84</size>
         <input_file_ref idref="fl-4"/>
      </object_component>
      <object_component id="oc-161">
         <name>.debug_info</name>
         <load_address>0x2239</load_address>
         <run_address>0x2239</run_address>
         <size>0x630</size>
         <input_file_ref idref="fl-6"/>
      </object_component>
      <object_component id="oc-e3">
         <name>.debug_info</name>
         <load_address>0x2869</load_address>
         <run_address>0x2869</run_address>
         <size>0x1347</size>
         <input_file_ref idref="fl-6"/>
      </object_component>
      <object_component id="oc-1ec">
         <name>.debug_info</name>
         <load_address>0x3bb0</load_address>
         <run_address>0x3bb0</run_address>
         <size>0x110</size>
         <input_file_ref idref="fl-6"/>
      </object_component>
      <object_component id="oc-204">
         <name>.debug_info</name>
         <load_address>0x3cc0</load_address>
         <run_address>0x3cc0</run_address>
         <size>0x3ce</size>
         <input_file_ref idref="fl-6"/>
      </object_component>
      <object_component id="oc-1ff">
         <name>.debug_info</name>
         <load_address>0x408e</load_address>
         <run_address>0x408e</run_address>
         <size>0x62</size>
         <input_file_ref idref="fl-6"/>
      </object_component>
      <object_component id="oc-1f2">
         <name>.debug_info</name>
         <load_address>0x40f0</load_address>
         <run_address>0x40f0</run_address>
         <size>0x343</size>
         <input_file_ref idref="fl-7"/>
      </object_component>
      <object_component id="oc-150">
         <name>.debug_info</name>
         <load_address>0x4433</load_address>
         <run_address>0x4433</run_address>
         <size>0x4e1</size>
         <input_file_ref idref="fl-7"/>
      </object_component>
      <object_component id="oc-25a">
         <name>.debug_info</name>
         <load_address>0x4914</load_address>
         <run_address>0x4914</run_address>
         <size>0x75b</size>
         <input_file_ref idref="fl-8"/>
      </object_component>
      <object_component id="oc-210">
         <name>.debug_info</name>
         <load_address>0x506f</load_address>
         <run_address>0x506f</run_address>
         <size>0x2c76</size>
         <input_file_ref idref="fl-8"/>
      </object_component>
      <object_component id="oc-270">
         <name>.debug_info</name>
         <load_address>0x7ce5</load_address>
         <run_address>0x7ce5</run_address>
         <size>0x1a5</size>
         <input_file_ref idref="fl-8"/>
      </object_component>
      <object_component id="oc-90">
         <name>.debug_info</name>
         <load_address>0x7e8a</load_address>
         <run_address>0x7e8a</run_address>
         <size>0x2c</size>
         <input_file_ref idref="fl-9"/>
      </object_component>
      <object_component id="oc-18b">
         <name>.debug_info</name>
         <load_address>0x7eb6</load_address>
         <run_address>0x7eb6</run_address>
         <size>0x734</size>
         <input_file_ref idref="fl-a"/>
      </object_component>
      <object_component id="oc-168">
         <name>.debug_info</name>
         <load_address>0x85ea</load_address>
         <run_address>0x85ea</run_address>
         <size>0x338</size>
         <input_file_ref idref="fl-a"/>
      </object_component>
      <object_component id="oc-16b">
         <name>.debug_info</name>
         <load_address>0x8922</load_address>
         <run_address>0x8922</run_address>
         <size>0xdf</size>
         <input_file_ref idref="fl-a"/>
      </object_component>
      <object_component id="oc-180">
         <name>.debug_info</name>
         <load_address>0x8a01</load_address>
         <run_address>0x8a01</run_address>
         <size>0xdf</size>
         <input_file_ref idref="fl-a"/>
      </object_component>
      <object_component id="oc-183">
         <name>.debug_info</name>
         <load_address>0x8ae0</load_address>
         <run_address>0x8ae0</run_address>
         <size>0xdf</size>
         <input_file_ref idref="fl-a"/>
      </object_component>
      <object_component id="oc-17d">
         <name>.debug_info</name>
         <load_address>0x8bbf</load_address>
         <run_address>0x8bbf</run_address>
         <size>0x122</size>
         <input_file_ref idref="fl-a"/>
      </object_component>
      <object_component id="oc-17a">
         <name>.debug_info</name>
         <load_address>0x8ce1</load_address>
         <run_address>0x8ce1</run_address>
         <size>0xdf</size>
         <input_file_ref idref="fl-a"/>
      </object_component>
      <object_component id="oc-16e">
         <name>.debug_info</name>
         <load_address>0x8dc0</load_address>
         <run_address>0x8dc0</run_address>
         <size>0xed</size>
         <input_file_ref idref="fl-a"/>
      </object_component>
      <object_component id="oc-177">
         <name>.debug_info</name>
         <load_address>0x8ead</load_address>
         <run_address>0x8ead</run_address>
         <size>0xe1</size>
         <input_file_ref idref="fl-a"/>
      </object_component>
      <object_component id="oc-e9">
         <name>.debug_info</name>
         <load_address>0x8f8e</load_address>
         <run_address>0x8f8e</run_address>
         <size>0x3f60</size>
         <input_file_ref idref="fl-a"/>
      </object_component>
      <object_component id="oc-234">
         <name>.debug_info</name>
         <load_address>0xceee</load_address>
         <run_address>0xceee</run_address>
         <size>0x107</size>
         <input_file_ref idref="fl-a"/>
      </object_component>
      <object_component id="oc-222">
         <name>.debug_info</name>
         <load_address>0xcff5</load_address>
         <run_address>0xcff5</run_address>
         <size>0x810</size>
         <input_file_ref idref="fl-b"/>
      </object_component>
      <object_component id="oc-21c">
         <name>.debug_info</name>
         <load_address>0xd805</load_address>
         <run_address>0xd805</run_address>
         <size>0xdf</size>
         <input_file_ref idref="fl-b"/>
      </object_component>
      <object_component id="oc-21f">
         <name>.debug_info</name>
         <load_address>0xd8e4</load_address>
         <run_address>0xd8e4</run_address>
         <size>0xdf</size>
         <input_file_ref idref="fl-b"/>
      </object_component>
      <object_component id="oc-219">
         <name>.debug_info</name>
         <load_address>0xd9c3</load_address>
         <run_address>0xd9c3</run_address>
         <size>0x117</size>
         <input_file_ref idref="fl-b"/>
      </object_component>
      <object_component id="oc-216">
         <name>.debug_info</name>
         <load_address>0xdada</load_address>
         <run_address>0xdada</run_address>
         <size>0x103</size>
         <input_file_ref idref="fl-b"/>
      </object_component>
      <object_component id="oc-171">
         <name>.debug_info</name>
         <load_address>0xdbdd</load_address>
         <run_address>0xdbdd</run_address>
         <size>0x1bed</size>
         <input_file_ref idref="fl-b"/>
      </object_component>
      <object_component id="oc-223">
         <name>.debug_info</name>
         <load_address>0xf7ca</load_address>
         <run_address>0xf7ca</run_address>
         <size>0x1ba</size>
         <input_file_ref idref="fl-b"/>
      </object_component>
      <object_component id="oc-1fc">
         <name>.debug_info</name>
         <load_address>0xf984</load_address>
         <run_address>0xf984</run_address>
         <size>0x419</size>
         <input_file_ref idref="fl-c"/>
      </object_component>
      <object_component id="oc-252">
         <name>.debug_info</name>
         <load_address>0xfd9d</load_address>
         <run_address>0xfd9d</run_address>
         <size>0x10c</size>
         <input_file_ref idref="fl-c"/>
      </object_component>
      <object_component id="oc-1f9">
         <name>.debug_info</name>
         <load_address>0xfea9</load_address>
         <run_address>0xfea9</run_address>
         <size>0xf3</size>
         <input_file_ref idref="fl-c"/>
      </object_component>
      <object_component id="oc-156">
         <name>.debug_info</name>
         <load_address>0xff9c</load_address>
         <run_address>0xff9c</run_address>
         <size>0x713</size>
         <input_file_ref idref="fl-c"/>
      </object_component>
      <object_component id="oc-1f4">
         <name>.debug_info</name>
         <load_address>0x106af</load_address>
         <run_address>0x106af</run_address>
         <size>0x244</size>
         <input_file_ref idref="fl-d"/>
      </object_component>
      <object_component id="oc-1eb">
         <name>.debug_info</name>
         <load_address>0x108f3</load_address>
         <run_address>0x108f3</run_address>
         <size>0x3db</size>
         <input_file_ref idref="fl-e"/>
      </object_component>
      <object_component id="oc-1e8">
         <name>.debug_info</name>
         <load_address>0x10cce</load_address>
         <run_address>0x10cce</run_address>
         <size>0xda</size>
         <input_file_ref idref="fl-e"/>
      </object_component>
      <object_component id="oc-1e5">
         <name>.debug_info</name>
         <load_address>0x10da8</load_address>
         <run_address>0x10da8</run_address>
         <size>0xe8</size>
         <input_file_ref idref="fl-e"/>
      </object_component>
      <object_component id="oc-14a">
         <name>.debug_info</name>
         <load_address>0x10e90</load_address>
         <run_address>0x10e90</run_address>
         <size>0x3f8</size>
         <input_file_ref idref="fl-e"/>
      </object_component>
      <object_component id="oc-120">
         <name>.debug_info</name>
         <load_address>0x11288</load_address>
         <run_address>0x11288</run_address>
         <size>0x325</size>
         <input_file_ref idref="fl-13"/>
      </object_component>
      <object_component id="oc-13d">
         <name>.debug_info</name>
         <load_address>0x115ad</load_address>
         <run_address>0x115ad</run_address>
         <size>0x33c</size>
         <input_file_ref idref="fl-1c"/>
      </object_component>
      <object_component id="oc-131">
         <name>.debug_info</name>
         <load_address>0x118e9</load_address>
         <run_address>0x118e9</run_address>
         <size>0xe9</size>
         <input_file_ref idref="fl-1c"/>
      </object_component>
      <object_component id="oc-134">
         <name>.debug_info</name>
         <load_address>0x119d2</load_address>
         <run_address>0x119d2</run_address>
         <size>0x137</size>
         <input_file_ref idref="fl-1c"/>
      </object_component>
      <object_component id="oc-137">
         <name>.debug_info</name>
         <load_address>0x11b09</load_address>
         <run_address>0x11b09</run_address>
         <size>0xeb</size>
         <input_file_ref idref="fl-1c"/>
      </object_component>
      <object_component id="oc-13a">
         <name>.debug_info</name>
         <load_address>0x11bf4</load_address>
         <run_address>0x11bf4</run_address>
         <size>0xdd</size>
         <input_file_ref idref="fl-1c"/>
      </object_component>
      <object_component id="oc-d9">
         <name>.debug_info</name>
         <load_address>0x11cd1</load_address>
         <run_address>0x11cd1</run_address>
         <size>0x310c</size>
         <input_file_ref idref="fl-1c"/>
      </object_component>
      <object_component id="oc-1c4">
         <name>.debug_info</name>
         <load_address>0x14ddd</load_address>
         <run_address>0x14ddd</run_address>
         <size>0x314</size>
         <input_file_ref idref="fl-1f"/>
      </object_component>
      <object_component id="oc-1b2">
         <name>.debug_info</name>
         <load_address>0x150f1</load_address>
         <run_address>0x150f1</run_address>
         <size>0xd8</size>
         <input_file_ref idref="fl-1f"/>
      </object_component>
      <object_component id="oc-1b5">
         <name>.debug_info</name>
         <load_address>0x151c9</load_address>
         <run_address>0x151c9</run_address>
         <size>0xd0</size>
         <input_file_ref idref="fl-1f"/>
      </object_component>
      <object_component id="oc-1b8">
         <name>.debug_info</name>
         <load_address>0x15299</load_address>
         <run_address>0x15299</run_address>
         <size>0xd4</size>
         <input_file_ref idref="fl-1f"/>
      </object_component>
      <object_component id="oc-1bb">
         <name>.debug_info</name>
         <load_address>0x1536d</load_address>
         <run_address>0x1536d</run_address>
         <size>0xda</size>
         <input_file_ref idref="fl-1f"/>
      </object_component>
      <object_component id="oc-1be">
         <name>.debug_info</name>
         <load_address>0x15447</load_address>
         <run_address>0x15447</run_address>
         <size>0xd8</size>
         <input_file_ref idref="fl-1f"/>
      </object_component>
      <object_component id="oc-1c1">
         <name>.debug_info</name>
         <load_address>0x1551f</load_address>
         <run_address>0x1551f</run_address>
         <size>0xdc</size>
         <input_file_ref idref="fl-1f"/>
      </object_component>
      <object_component id="oc-1af">
         <name>.debug_info</name>
         <load_address>0x155fb</load_address>
         <run_address>0x155fb</run_address>
         <size>0xd9</size>
         <input_file_ref idref="fl-1f"/>
      </object_component>
      <object_component id="oc-119">
         <name>.debug_info</name>
         <load_address>0x156d4</load_address>
         <run_address>0x156d4</run_address>
         <size>0xcd9</size>
         <input_file_ref idref="fl-1f"/>
      </object_component>
      <object_component id="oc-12f">
         <name>.debug_info</name>
         <load_address>0x163ad</load_address>
         <run_address>0x163ad</run_address>
         <size>0x399</size>
         <input_file_ref idref="fl-28"/>
      </object_component>
      <object_component id="oc-125">
         <name>.debug_info</name>
         <load_address>0x16746</load_address>
         <run_address>0x16746</run_address>
         <size>0xcf</size>
         <input_file_ref idref="fl-28"/>
      </object_component>
      <object_component id="oc-12b">
         <name>.debug_info</name>
         <load_address>0x16815</load_address>
         <run_address>0x16815</run_address>
         <size>0xdb</size>
         <input_file_ref idref="fl-28"/>
      </object_component>
      <object_component id="oc-116">
         <name>.debug_info</name>
         <load_address>0x168f0</load_address>
         <run_address>0x168f0</run_address>
         <size>0xd5</size>
         <input_file_ref idref="fl-28"/>
      </object_component>
      <object_component id="oc-128">
         <name>.debug_info</name>
         <load_address>0x169c5</load_address>
         <run_address>0x169c5</run_address>
         <size>0xe2</size>
         <input_file_ref idref="fl-28"/>
      </object_component>
      <object_component id="oc-d1">
         <name>.debug_info</name>
         <load_address>0x16aa7</load_address>
         <run_address>0x16aa7</run_address>
         <size>0x2b1f</size>
         <input_file_ref idref="fl-28"/>
      </object_component>
      <object_component id="oc-1ce">
         <name>.debug_info</name>
         <load_address>0x195c6</load_address>
         <run_address>0x195c6</run_address>
         <size>0x51</size>
         <input_file_ref idref="fl-28"/>
      </object_component>
      <object_component id="oc-148">
         <name>.debug_info</name>
         <load_address>0x19617</load_address>
         <run_address>0x19617</run_address>
         <size>0x31e</size>
         <input_file_ref idref="fl-2c"/>
      </object_component>
      <object_component id="oc-13f">
         <name>.debug_info</name>
         <load_address>0x19935</load_address>
         <run_address>0x19935</run_address>
         <size>0xd9</size>
         <input_file_ref idref="fl-2c"/>
      </object_component>
      <object_component id="oc-142">
         <name>.debug_info</name>
         <load_address>0x19a0e</load_address>
         <run_address>0x19a0e</run_address>
         <size>0x123</size>
         <input_file_ref idref="fl-2c"/>
      </object_component>
      <object_component id="oc-145">
         <name>.debug_info</name>
         <load_address>0x19b31</load_address>
         <run_address>0x19b31</run_address>
         <size>0xeb</size>
         <input_file_ref idref="fl-2c"/>
      </object_component>
      <object_component id="oc-de">
         <name>.debug_info</name>
         <load_address>0x19c1c</load_address>
         <run_address>0x19c1c</run_address>
         <size>0x26eb</size>
         <input_file_ref idref="fl-2c"/>
      </object_component>
      <object_component id="oc-26">
         <name>.debug_info</name>
         <load_address>0x1c307</load_address>
         <run_address>0x1c307</run_address>
         <size>0x160</size>
         <input_file_ref idref="fl-ed"/>
      </object_component>
      <object_component id="oc-86">
         <name>.debug_info</name>
         <load_address>0x1c467</load_address>
         <run_address>0x1c467</run_address>
         <size>0x293</size>
         <input_file_ref idref="fl-ee"/>
      </object_component>
      <object_component id="oc-14">
         <name>.debug_info</name>
         <load_address>0x1c6fa</load_address>
         <run_address>0x1c6fa</run_address>
         <size>0x245</size>
         <input_file_ref idref="fl-ee"/>
      </object_component>
      <object_component id="oc-35">
         <name>.debug_info</name>
         <load_address>0x1c93f</load_address>
         <run_address>0x1c93f</run_address>
         <size>0x60</size>
         <input_file_ref idref="fl-ee"/>
      </object_component>
      <object_component id="oc-81">
         <name>.debug_info</name>
         <load_address>0x1c99f</load_address>
         <run_address>0x1c99f</run_address>
         <size>0x46</size>
         <input_file_ref idref="fl-ee"/>
      </object_component>
      <object_component id="oc-4a">
         <name>.debug_info</name>
         <load_address>0x1c9e5</load_address>
         <run_address>0x1c9e5</run_address>
         <size>0x2da</size>
         <input_file_ref idref="fl-ef"/>
      </object_component>
      <object_component id="oc-19">
         <name>.debug_info</name>
         <load_address>0x1ccbf</load_address>
         <run_address>0x1ccbf</run_address>
         <size>0x1df</size>
         <input_file_ref idref="fl-ef"/>
      </object_component>
      <object_component id="oc-45">
         <name>.debug_info</name>
         <load_address>0x1ce9e</load_address>
         <run_address>0x1ce9e</run_address>
         <size>0x46</size>
         <input_file_ref idref="fl-ef"/>
      </object_component>
      <object_component id="oc-88">
         <name>.debug_info</name>
         <load_address>0x1cee4</load_address>
         <run_address>0x1cee4</run_address>
         <size>0x2c</size>
         <input_file_ref idref="fl-ef"/>
      </object_component>
      <object_component id="oc-56">
         <name>.debug_info</name>
         <load_address>0x1cf10</load_address>
         <run_address>0x1cf10</run_address>
         <size>0x2c9</size>
         <input_file_ref idref="fl-f0"/>
      </object_component>
      <object_component id="oc-20">
         <name>.debug_info</name>
         <load_address>0x1d1d9</load_address>
         <run_address>0x1d1d9</run_address>
         <size>0x1aa</size>
         <input_file_ref idref="fl-f0"/>
      </object_component>
      <object_component id="oc-51">
         <name>.debug_info</name>
         <load_address>0x1d383</load_address>
         <run_address>0x1d383</run_address>
         <size>0x46</size>
         <input_file_ref idref="fl-f0"/>
      </object_component>
      <object_component id="oc-b6">
         <name>.debug_info</name>
         <load_address>0x1d3c9</load_address>
         <run_address>0x1d3c9</run_address>
         <size>0x3ce</size>
         <input_file_ref idref="fl-f1"/>
      </object_component>
      <object_component id="oc-b0">
         <name>.debug_info</name>
         <load_address>0x1d797</load_address>
         <run_address>0x1d797</run_address>
         <size>0x185</size>
         <input_file_ref idref="fl-f1"/>
      </object_component>
      <object_component id="oc-70">
         <name>.debug_info</name>
         <load_address>0x1d91c</load_address>
         <run_address>0x1d91c</run_address>
         <size>0x214</size>
         <input_file_ref idref="fl-f1"/>
      </object_component>
      <object_component id="oc-40">
         <name>.debug_info</name>
         <load_address>0x1db30</load_address>
         <run_address>0x1db30</run_address>
         <size>0x111</size>
         <input_file_ref idref="fl-f2"/>
      </object_component>
      <object_component id="oc-4d">
         <name>.debug_info</name>
         <load_address>0x1dc41</load_address>
         <run_address>0x1dc41</run_address>
         <size>0x13f</size>
         <input_file_ref idref="fl-f3"/>
      </object_component>
      <object_component id="oc-58">
         <name>.debug_info</name>
         <load_address>0x1dd80</load_address>
         <run_address>0x1dd80</run_address>
         <size>0x138</size>
         <input_file_ref idref="fl-f4"/>
      </object_component>
      <object_component id="oc-5e">
         <name>.debug_info</name>
         <load_address>0x1deb8</load_address>
         <run_address>0x1deb8</run_address>
         <size>0x148</size>
         <input_file_ref idref="fl-f5"/>
      </object_component>
      <object_component id="oc-76">
         <name>.debug_info</name>
         <load_address>0x1e000</load_address>
         <run_address>0x1e000</run_address>
         <size>0x109</size>
         <input_file_ref idref="fl-f6"/>
      </object_component>
      <object_component id="oc-105">
         <name>.debug_info</name>
         <load_address>0x1e109</load_address>
         <run_address>0x1e109</run_address>
         <size>0x2be</size>
         <input_file_ref idref="fl-f7"/>
      </object_component>
      <object_component id="oc-b3">
         <name>.debug_info</name>
         <load_address>0x1e3c7</load_address>
         <run_address>0x1e3c7</run_address>
         <size>0x113</size>
         <input_file_ref idref="fl-f7"/>
      </object_component>
      <object_component id="oc-fe">
         <name>.debug_info</name>
         <load_address>0x1e4da</load_address>
         <run_address>0x1e4da</run_address>
         <size>0x21f</size>
         <input_file_ref idref="fl-f7"/>
      </object_component>
      <object_component id="oc-ae">
         <name>.debug_info</name>
         <load_address>0x1e6f9</load_address>
         <run_address>0x1e6f9</run_address>
         <size>0x300</size>
         <input_file_ref idref="fl-f8"/>
      </object_component>
      <object_component id="oc-6c">
         <name>.debug_info</name>
         <load_address>0x1e9f9</load_address>
         <run_address>0x1e9f9</run_address>
         <size>0x167</size>
         <input_file_ref idref="fl-f8"/>
      </object_component>
      <object_component id="oc-f6">
         <name>.debug_info</name>
         <load_address>0x1eb60</load_address>
         <run_address>0x1eb60</run_address>
         <size>0x5e</size>
         <input_file_ref idref="fl-f8"/>
      </object_component>
      <object_component id="oc-a6">
         <name>.debug_info</name>
         <load_address>0x1ebbe</load_address>
         <run_address>0x1ebbe</run_address>
         <size>0x483</size>
         <input_file_ref idref="fl-f9"/>
      </object_component>
      <object_component id="oc-66">
         <name>.debug_info</name>
         <load_address>0x1f041</load_address>
         <run_address>0x1f041</run_address>
         <size>0x190</size>
         <input_file_ref idref="fl-f9"/>
      </object_component>
      <object_component id="oc-c6">
         <name>.debug_info</name>
         <load_address>0x1f1d1</load_address>
         <run_address>0x1f1d1</run_address>
         <size>0x39</size>
         <input_file_ref idref="fl-f9"/>
      </object_component>
      <object_component id="oc-110">
         <name>.debug_info</name>
         <load_address>0x1f20a</load_address>
         <run_address>0x1f20a</run_address>
         <size>0x39</size>
         <input_file_ref idref="fl-f9"/>
      </object_component>
      <object_component id="oc-cb">
         <name>.debug_info</name>
         <load_address>0x1f243</load_address>
         <run_address>0x1f243</run_address>
         <size>0xcd</size>
         <input_file_ref idref="fl-f9"/>
      </object_component>
      <object_component id="oc-c2">
         <name>.debug_info</name>
         <load_address>0x1f310</load_address>
         <run_address>0x1f310</run_address>
         <size>0x37a</size>
         <input_file_ref idref="fl-fa"/>
      </object_component>
      <object_component id="oc-9a">
         <name>.debug_info</name>
         <load_address>0x1f68a</load_address>
         <run_address>0x1f68a</run_address>
         <size>0x183</size>
         <input_file_ref idref="fl-fa"/>
      </object_component>
      <object_component id="oc-10b">
         <name>.debug_info</name>
         <load_address>0x1f80d</load_address>
         <run_address>0x1f80d</run_address>
         <size>0x2c</size>
         <input_file_ref idref="fl-fa"/>
      </object_component>
      <object_component id="oc-a0">
         <name>.debug_info</name>
         <load_address>0x1f839</load_address>
         <run_address>0x1f839</run_address>
         <size>0x145</size>
         <input_file_ref idref="fl-fb"/>
      </object_component>
      <object_component id="oc-29a">
         <name>.debug_info</name>
         <load_address>0x1f97e</load_address>
         <run_address>0x1f97e</run_address>
         <size>0x8e</size>
      </object_component>
      <object_component id="oc-192">
         <name>.debug_line</name>
         <load_address>0x0</load_address>
         <run_address>0x0</run_address>
         <size>0xcc</size>
         <input_file_ref idref="fl-2"/>
      </object_component>
      <object_component id="oc-18f">
         <name>.debug_line</name>
         <load_address>0xcc</load_address>
         <run_address>0xcc</run_address>
         <size>0x5c</size>
         <input_file_ref idref="fl-2"/>
      </object_component>
      <object_component id="oc-1a5">
         <name>.debug_line</name>
         <load_address>0x128</load_address>
         <run_address>0x128</run_address>
         <size>0x60</size>
         <input_file_ref idref="fl-2"/>
      </object_component>
      <object_component id="oc-bd">
         <name>.debug_line</name>
         <load_address>0x188</load_address>
         <run_address>0x188</run_address>
         <size>0x20</size>
         <input_file_ref idref="fl-2"/>
      </object_component>
      <object_component id="oc-15f">
         <name>.debug_line</name>
         <load_address>0x1a8</load_address>
         <run_address>0x1a8</run_address>
         <size>0x64</size>
         <input_file_ref idref="fl-2"/>
      </object_component>
      <object_component id="oc-260">
         <name>.debug_line</name>
         <load_address>0x20c</load_address>
         <run_address>0x20c</run_address>
         <size>0x5d</size>
         <input_file_ref idref="fl-2"/>
      </object_component>
      <object_component id="oc-196">
         <name>.debug_line</name>
         <load_address>0x269</load_address>
         <run_address>0x269</run_address>
         <size>0x5e</size>
         <input_file_ref idref="fl-2"/>
      </object_component>
      <object_component id="oc-189">
         <name>.debug_line</name>
         <load_address>0x2c7</load_address>
         <run_address>0x2c7</run_address>
         <size>0x60</size>
         <input_file_ref idref="fl-2"/>
      </object_component>
      <object_component id="oc-7f">
         <name>.debug_line</name>
         <load_address>0x327</load_address>
         <run_address>0x327</run_address>
         <size>0x65</size>
         <input_file_ref idref="fl-2"/>
      </object_component>
      <object_component id="oc-19b">
         <name>.debug_line</name>
         <load_address>0x38c</load_address>
         <run_address>0x38c</run_address>
         <size>0x65</size>
         <input_file_ref idref="fl-2"/>
      </object_component>
      <object_component id="oc-165">
         <name>.debug_line</name>
         <load_address>0x3f1</load_address>
         <run_address>0x3f1</run_address>
         <size>0x6f</size>
         <input_file_ref idref="fl-2"/>
      </object_component>
      <object_component id="oc-1a0">
         <name>.debug_line</name>
         <load_address>0x460</load_address>
         <run_address>0x460</run_address>
         <size>0x5c</size>
         <input_file_ref idref="fl-2"/>
      </object_component>
      <object_component id="oc-1a8">
         <name>.debug_line</name>
         <load_address>0x4bc</load_address>
         <run_address>0x4bc</run_address>
         <size>0xfa</size>
         <input_file_ref idref="fl-3"/>
      </object_component>
      <object_component id="oc-ab">
         <name>.debug_line</name>
         <load_address>0x5b6</load_address>
         <run_address>0x5b6</run_address>
         <size>0x61</size>
         <input_file_ref idref="fl-3"/>
      </object_component>
      <object_component id="oc-7b">
         <name>.debug_line</name>
         <load_address>0x617</load_address>
         <run_address>0x617</run_address>
         <size>0x41</size>
         <input_file_ref idref="fl-4"/>
      </object_component>
      <object_component id="oc-32">
         <name>.debug_line</name>
         <load_address>0x658</load_address>
         <run_address>0x658</run_address>
         <size>0x41</size>
         <input_file_ref idref="fl-4"/>
      </object_component>
      <object_component id="oc-30">
         <name>.debug_line</name>
         <load_address>0x699</load_address>
         <run_address>0x699</run_address>
         <size>0xa1</size>
         <input_file_ref idref="fl-4"/>
      </object_component>
      <object_component id="oc-3d">
         <name>.debug_line</name>
         <load_address>0x73a</load_address>
         <run_address>0x73a</run_address>
         <size>0x20</size>
         <input_file_ref idref="fl-4"/>
      </object_component>
      <object_component id="oc-1fe">
         <name>.debug_line</name>
         <load_address>0x75a</load_address>
         <run_address>0x75a</run_address>
         <size>0x127</size>
         <input_file_ref idref="fl-6"/>
      </object_component>
      <object_component id="oc-e6">
         <name>.debug_line</name>
         <load_address>0x881</load_address>
         <run_address>0x881</run_address>
         <size>0x2e9</size>
         <input_file_ref idref="fl-6"/>
      </object_component>
      <object_component id="oc-1ef">
         <name>.debug_line</name>
         <load_address>0xb6a</load_address>
         <run_address>0xb6a</run_address>
         <size>0x65</size>
         <input_file_ref idref="fl-6"/>
      </object_component>
      <object_component id="oc-207">
         <name>.debug_line</name>
         <load_address>0xbcf</load_address>
         <run_address>0xbcf</run_address>
         <size>0x60</size>
         <input_file_ref idref="fl-6"/>
      </object_component>
      <object_component id="oc-202">
         <name>.debug_line</name>
         <load_address>0xc2f</load_address>
         <run_address>0xc2f</run_address>
         <size>0x45</size>
         <input_file_ref idref="fl-6"/>
      </object_component>
      <object_component id="oc-250">
         <name>.debug_line</name>
         <load_address>0xc74</load_address>
         <run_address>0xc74</run_address>
         <size>0x20</size>
         <input_file_ref idref="fl-7"/>
      </object_component>
      <object_component id="oc-154">
         <name>.debug_line</name>
         <load_address>0xc94</load_address>
         <run_address>0xc94</run_address>
         <size>0xf3</size>
         <input_file_ref idref="fl-7"/>
      </object_component>
      <object_component id="oc-26f">
         <name>.debug_line</name>
         <load_address>0xd87</load_address>
         <run_address>0xd87</run_address>
         <size>0x18a</size>
         <input_file_ref idref="fl-8"/>
      </object_component>
      <object_component id="oc-213">
         <name>.debug_line</name>
         <load_address>0xf11</load_address>
         <run_address>0xf11</run_address>
         <size>0x759</size>
         <input_file_ref idref="fl-8"/>
      </object_component>
      <object_component id="oc-273">
         <name>.debug_line</name>
         <load_address>0x166a</load_address>
         <run_address>0x166a</run_address>
         <size>0x3e</size>
         <input_file_ref idref="fl-8"/>
      </object_component>
      <object_component id="oc-93">
         <name>.debug_line</name>
         <load_address>0x16a8</load_address>
         <run_address>0x16a8</run_address>
         <size>0x65</size>
         <input_file_ref idref="fl-9"/>
      </object_component>
      <object_component id="oc-233">
         <name>.debug_line</name>
         <load_address>0x170d</load_address>
         <run_address>0x170d</run_address>
         <size>0x129</size>
         <input_file_ref idref="fl-a"/>
      </object_component>
      <object_component id="oc-20a">
         <name>.debug_line</name>
         <load_address>0x1836</load_address>
         <run_address>0x1836</run_address>
         <size>0x3e</size>
         <input_file_ref idref="fl-a"/>
      </object_component>
      <object_component id="oc-20c">
         <name>.debug_line</name>
         <load_address>0x1874</load_address>
         <run_address>0x1874</run_address>
         <size>0x3e</size>
         <input_file_ref idref="fl-a"/>
      </object_component>
      <object_component id="oc-22f">
         <name>.debug_line</name>
         <load_address>0x18b2</load_address>
         <run_address>0x18b2</run_address>
         <size>0x3e</size>
         <input_file_ref idref="fl-a"/>
      </object_component>
      <object_component id="oc-231">
         <name>.debug_line</name>
         <load_address>0x18f0</load_address>
         <run_address>0x18f0</run_address>
         <size>0x3e</size>
         <input_file_ref idref="fl-a"/>
      </object_component>
      <object_component id="oc-22d">
         <name>.debug_line</name>
         <load_address>0x192e</load_address>
         <run_address>0x192e</run_address>
         <size>0x3e</size>
         <input_file_ref idref="fl-a"/>
      </object_component>
      <object_component id="oc-22b">
         <name>.debug_line</name>
         <load_address>0x196c</load_address>
         <run_address>0x196c</run_address>
         <size>0x3e</size>
         <input_file_ref idref="fl-a"/>
      </object_component>
      <object_component id="oc-20e">
         <name>.debug_line</name>
         <load_address>0x19aa</load_address>
         <run_address>0x19aa</run_address>
         <size>0x3e</size>
         <input_file_ref idref="fl-a"/>
      </object_component>
      <object_component id="oc-229">
         <name>.debug_line</name>
         <load_address>0x19e8</load_address>
         <run_address>0x19e8</run_address>
         <size>0x3e</size>
         <input_file_ref idref="fl-a"/>
      </object_component>
      <object_component id="oc-ec">
         <name>.debug_line</name>
         <load_address>0x1a26</load_address>
         <run_address>0x1a26</run_address>
         <size>0xaa6</size>
         <input_file_ref idref="fl-a"/>
      </object_component>
      <object_component id="oc-237">
         <name>.debug_line</name>
         <load_address>0x24cc</load_address>
         <run_address>0x24cc</run_address>
         <size>0x3e</size>
         <input_file_ref idref="fl-a"/>
      </object_component>
      <object_component id="oc-26b">
         <name>.debug_line</name>
         <load_address>0x250a</load_address>
         <run_address>0x250a</run_address>
         <size>0x164</size>
         <input_file_ref idref="fl-b"/>
      </object_component>
      <object_component id="oc-267">
         <name>.debug_line</name>
         <load_address>0x266e</load_address>
         <run_address>0x266e</run_address>
         <size>0x3f</size>
         <input_file_ref idref="fl-b"/>
      </object_component>
      <object_component id="oc-269">
         <name>.debug_line</name>
         <load_address>0x26ad</load_address>
         <run_address>0x26ad</run_address>
         <size>0x3f</size>
         <input_file_ref idref="fl-b"/>
      </object_component>
      <object_component id="oc-265">
         <name>.debug_line</name>
         <load_address>0x26ec</load_address>
         <run_address>0x26ec</run_address>
         <size>0x3f</size>
         <input_file_ref idref="fl-b"/>
      </object_component>
      <object_component id="oc-263">
         <name>.debug_line</name>
         <load_address>0x272b</load_address>
         <run_address>0x272b</run_address>
         <size>0x3f</size>
         <input_file_ref idref="fl-b"/>
      </object_component>
      <object_component id="oc-174">
         <name>.debug_line</name>
         <load_address>0x276a</load_address>
         <run_address>0x276a</run_address>
         <size>0x417</size>
         <input_file_ref idref="fl-b"/>
      </object_component>
      <object_component id="oc-226">
         <name>.debug_line</name>
         <load_address>0x2b81</load_address>
         <run_address>0x2b81</run_address>
         <size>0x3f</size>
         <input_file_ref idref="fl-b"/>
      </object_component>
      <object_component id="oc-258">
         <name>.debug_line</name>
         <load_address>0x2bc0</load_address>
         <run_address>0x2bc0</run_address>
         <size>0x8f</size>
         <input_file_ref idref="fl-c"/>
      </object_component>
      <object_component id="oc-26d">
         <name>.debug_line</name>
         <load_address>0x2c4f</load_address>
         <run_address>0x2c4f</run_address>
         <size>0x53</size>
         <input_file_ref idref="fl-c"/>
      </object_component>
      <object_component id="oc-256">
         <name>.debug_line</name>
         <load_address>0x2ca2</load_address>
         <run_address>0x2ca2</run_address>
         <size>0x53</size>
         <input_file_ref idref="fl-c"/>
      </object_component>
      <object_component id="oc-159">
         <name>.debug_line</name>
         <load_address>0x2cf5</load_address>
         <run_address>0x2cf5</run_address>
         <size>0x155</size>
         <input_file_ref idref="fl-c"/>
      </object_component>
      <object_component id="oc-1f7">
         <name>.debug_line</name>
         <load_address>0x2e4a</load_address>
         <run_address>0x2e4a</run_address>
         <size>0xe8</size>
         <input_file_ref idref="fl-d"/>
      </object_component>
      <object_component id="oc-24e">
         <name>.debug_line</name>
         <load_address>0x2f32</load_address>
         <run_address>0x2f32</run_address>
         <size>0x5c</size>
         <input_file_ref idref="fl-e"/>
      </object_component>
      <object_component id="oc-24c">
         <name>.debug_line</name>
         <load_address>0x2f8e</load_address>
         <run_address>0x2f8e</run_address>
         <size>0x50</size>
         <input_file_ref idref="fl-e"/>
      </object_component>
      <object_component id="oc-24a">
         <name>.debug_line</name>
         <load_address>0x2fde</load_address>
         <run_address>0x2fde</run_address>
         <size>0x50</size>
         <input_file_ref idref="fl-e"/>
      </object_component>
      <object_component id="oc-14d">
         <name>.debug_line</name>
         <load_address>0x302e</load_address>
         <run_address>0x302e</run_address>
         <size>0xd3</size>
         <input_file_ref idref="fl-e"/>
      </object_component>
      <object_component id="oc-11f">
         <name>.debug_line</name>
         <load_address>0x3101</load_address>
         <run_address>0x3101</run_address>
         <size>0xd9</size>
         <input_file_ref idref="fl-13"/>
      </object_component>
      <object_component id="oc-1db">
         <name>.debug_line</name>
         <load_address>0x31da</load_address>
         <run_address>0x31da</run_address>
         <size>0x53</size>
         <input_file_ref idref="fl-1c"/>
      </object_component>
      <object_component id="oc-1d3">
         <name>.debug_line</name>
         <load_address>0x322d</load_address>
         <run_address>0x322d</run_address>
         <size>0x37</size>
         <input_file_ref idref="fl-1c"/>
      </object_component>
      <object_component id="oc-1d5">
         <name>.debug_line</name>
         <load_address>0x3264</load_address>
         <run_address>0x3264</run_address>
         <size>0x37</size>
         <input_file_ref idref="fl-1c"/>
      </object_component>
      <object_component id="oc-1d7">
         <name>.debug_line</name>
         <load_address>0x329b</load_address>
         <run_address>0x329b</run_address>
         <size>0x37</size>
         <input_file_ref idref="fl-1c"/>
      </object_component>
      <object_component id="oc-1d9">
         <name>.debug_line</name>
         <load_address>0x32d2</load_address>
[...]
         <object_component_ref idref="oc-d0"/>
      </symbol>
      <symbol id="sm-789">
         <name>SysCtlPWMClockGet</name>
         <value>0x2331</value>
         <object_component_ref idref="oc-d0"/>
      </symbol>
      <symbol id="sm-78a">
         <name>SysCtlDeepSleepPowerSet</name>
         <value>0x1ae1</value>
         <object_component_ref idref="oc-d0"/>
      </symbol>
      <symbol id="sm-78b">
         <name>SysCtlClockOutConfig</name>
         <value>0x24bd</value>
         <object_component_ref idref="oc-d0"/>
      </symbol>
      <symbol id="sm-78c">
         <name>SysCtlNMIStatus</name>
         <value>0x2491</value>
         <object_component_ref idref="oc-d0"/>
      </symbol>
      <symbol id="sm-78d">
         <name>SysCtlDeepSleepClockConfigSet</name>
         <value>0x228d</value>
         <object_component_ref idref="oc-d0"/>
      </symbol>
      <symbol id="sm-78e">
         <name>SysCtlDelay</name>
         <value>0x575f</value>
         <object_component_ref idref="oc-12d"/>
      </symbol>
      <symbol id="sm-78f">
         <name>SysCtlVoltageEventClear</name>
         <value>0x23bd</value>
         <object_component_ref idref="oc-d0"/>
      </symbol>
      <symbol id="sm-790">
         <name>SysCtlLDOSleepSet</name>
         <value>0x1aa1</value>
         <object_component_ref idref="oc-d0"/>
      </symbol>
      <symbol id="sm-791">
         <name>SysCtlMOSCConfigSet</name>
         <value>0x1b37</value>
         <object_component_ref idref="oc-d0"/>
      </symbol>
      <symbol id="sm-792">
         <name>SysCtlPeripheralEnable</name>
         <value>0x1835</value>
         <object_component_ref idref="oc-d0"/>
      </symbol>
      <symbol id="sm-793">
         <name>SysCtlIntEnable</name>
         <value>0x1a49</value>
         <object_component_ref idref="oc-d0"/>
      </symbol>
      <symbol id="sm-794">
         <name>SysCtlNMIClear</name>
         <value>0x24a1</value>
         <object_component_ref idref="oc-d0"/>
      </symbol>
      <symbol id="sm-795">
         <name>SysCtlPeripheralPowerOff</name>
         <value>0x1771</value>
         <object_component_ref idref="oc-d0"/>
      </symbol>
      <symbol id="sm-796">
         <name>SysCtlSleepPowerSet</name>
         <value>0x1acd</value>
         <object_component_ref idref="oc-d0"/>
      </symbol>
      <symbol id="sm-797">
         <name>SysCtlDeepSleep</name>
         <value>0x1b01</value>
         <object_component_ref idref="oc-d0"/>
      </symbol>
      <symbol id="sm-798">
         <name>SysCtlLDODeepSleepSet</name>
         <value>0x1ab7</value>
         <object_component_ref idref="oc-d0"/>
      </symbol>
      <symbol id="sm-799">
         <name>SysCtlPeripheralPowerOn</name>
         <value>0x1735</value>
         <object_component_ref idref="oc-d0"/>
      </symbol>
      <symbol id="sm-79a">
         <name>SysCtlPeripheralDeepSleepDisable</name>
         <value>0x1985</value>
         <object_component_ref idref="oc-d0"/>
      </symbol>
      <symbol id="sm-79b">
         <name>SysCtlPeripheralSleepDisable</name>
         <value>0x18f9</value>
         <object_component_ref idref="oc-d0"/>
      </symbol>
      <symbol id="sm-79c">
         <name>SysCtlVCOGet</name>
         <value>0x23d1</value>
         <object_component_ref idref="oc-d0"/>
      </symbol>
      <symbol id="sm-79d">
         <name>SysCtlResetBehaviorSet</name>
         <value>0x1b9d</value>
         <object_component_ref idref="oc-d0"/>
      </symbol>
      <symbol id="sm-79e">
         <name>SysCtlReset</name>
         <value>0x1af1</value>
         <object_component_ref idref="oc-d0"/>
      </symbol>
      <symbol id="sm-79f">
         <name>SysCtlGPIOAHBDisable</name>
         <value>0x2363</value>
         <object_component_ref idref="oc-d0"/>
      </symbol>
      <symbol id="sm-7a0">
         <name>SysCtlSRAMSizeGet</name>
         <value>0x1657</value>
         <object_component_ref idref="oc-d0"/>
      </symbol>
      <symbol id="sm-7a1">
         <name>SysCtlClockGet</name>
         <value>0x20c5</value>
         <object_component_ref idref="oc-d0"/>
      </symbol>
      <symbol id="sm-7a2">
         <name>SysCtlPeripheralDisable</name>
         <value>0x1871</value>
         <object_component_ref idref="oc-d0"/>
      </symbol>
      <symbol id="sm-7a3">
         <name>SysCtlPWMClockSet</name>
         <value>0x2317</value>
         <object_component_ref idref="oc-d0"/>
      </symbol>
      <symbol id="sm-7a4">
         <name>SysCtlUSBPLLEnable</name>
         <value>0x237f</value>
         <object_component_ref idref="oc-d0"/>
      </symbol>
      <symbol id="sm-7a5">
         <name>SysCtlPeripheralSleepEnable</name>
         <value>0x18b5</value>
         <object_component_ref idref="oc-d0"/>
      </symbol>
      <symbol id="sm-7a6">
         <name>SysCtlIntUnregister</name>
         <value>0x1a39</value>
         <object_component_ref idref="oc-d0"/>
      </symbol>
      <symbol id="sm-7a7">
         <name>SysCtlUSBPLLDisable</name>
         <value>0x238b</value>
         <object_component_ref idref="oc-d0"/>
      </symbol>
      <symbol id="sm-7a8">
         <name>SysCtlPeripheralReady</name>
         <value>0x16f5</value>
         <object_component_ref idref="oc-d0"/>
      </symbol>
      <symbol id="sm-7a9">
         <name>SysCtlPIOSCCalibrate</name>
         <value>0x1b4d</value>
         <object_component_ref idref="oc-d0"/>
      </symbol>
      <symbol id="sm-7aa">
         <name>SysCtlResetCauseClear</name>
         <value>0x1b23</value>
         <object_component_ref idref="oc-d0"/>
      </symbol>
      <symbol id="sm-7ab">
         <name>SysCtlLDOSleepGet</name>
         <value>0x1ab1</value>
         <object_component_ref idref="oc-d0"/>
      </symbol>
      <symbol id="sm-7ac">
         <name>SysCtlClockFreqSet</name>
         <value>0x1bfd</value>
         <object_component_ref idref="oc-d0"/>
      </symbol>
      <symbol id="sm-7ad">
         <name>SysCtlPeripheralReset</name>
         <value>0x17ad</value>
         <object_component_ref idref="oc-d0"/>
      </symbol>
      <symbol id="sm-82e">
         <name>UARTClockSourceGet</name>
         <value>0x4185</value>
         <object_component_ref idref="oc-dc"/>
      </symbol>
      <symbol id="sm-82f">
         <name>UARTCharPutNonBlocking</name>
         <value>0x3ff9</value>
         <object_component_ref idref="oc-dc"/>
      </symbol>
      <symbol id="sm-830">
         <name>UARTDMAEnable</name>
         <value>0x411f</value>
         <object_component_ref idref="oc-dc"/>
      </symbol>
      <symbol id="sm-831">
         <name>UARTTxIntModeSet</name>
         <value>0x3f5d</value>
         <object_component_ref idref="oc-dc"/>
      </symbol>
      <symbol id="sm-832">
         <name>UARTFIFODisable</name>
         <value>0x3e03</value>
         <object_component_ref idref="oc-dc"/>
      </symbol>
      <symbol id="sm-833">
         <name>UARTIntUnregister</name>
         <value>0x40a5</value>
         <object_component_ref idref="oc-dc"/>
      </symbol>
      <symbol id="sm-834">
         <name>UARTRxErrorClear</name>
         <value>0x4161</value>
         <object_component_ref idref="oc-dc"/>
      </symbol>
      <symbol id="sm-835">
         <name>UARTModemControlSet</name>
         <value>0x3ea5</value>
         <object_component_ref idref="oc-dc"/>
      </symbol>
      <symbol id="sm-836">
         <name>UARTFlowControlSet</name>
         <value>0x3f2f</value>
         <object_component_ref idref="oc-dc"/>
      </symbol>
      <symbol id="sm-837">
         <name>UARTConfigSetExpClk</name>
         <value>0x3cdd</value>
         <object_component_ref idref="oc-dc"/>
      </symbol>
      <symbol id="sm-838">
         <name>UARTSmartCardDisable</name>
         <value>0x3e8f</value>
         <object_component_ref idref="oc-dc"/>
      </symbol>
      <symbol id="sm-839">
         <name>UARTDisable</name>
         <value>0x3dc3</value>
         <object_component_ref idref="oc-dc"/>
      </symbol>
      <symbol id="sm-83a">
         <name>UART9BitDisable</name>
         <value>0x41ab</value>
         <object_component_ref idref="oc-dc"/>
      </symbol>
      <symbol id="sm-83b">
         <name>UARTFIFOLevelGet</name>
         <value>0x3cb5</value>
         <object_component_ref idref="oc-dc"/>
      </symbol>
      <symbol id="sm-83c">
         <name>UARTBusy</name>
         <value>0x4065</value>
         <object_component_ref idref="oc-dc"/>
      </symbol>
      <symbol id="sm-83d">
         <name>UARTDisableSIR</name>
         <value>0x3e47</value>
         <object_component_ref idref="oc-dc"/>
      </symbol>
      <symbol id="sm-83e">
         <name>UARTLoopbackEnable</name>
         <value>0x422f</value>
         <object_component_ref idref="oc-dc"/>
      </symbol>
      <symbol id="sm-83f">
         <name>UARTIntEnable</name>
         <value>0x40bf</value>
         <object_component_ref idref="oc-dc"/>
      </symbol>
      <symbol id="sm-840">
         <name>UARTCharsAvail</name>
         <value>0x3f8b</value>
         <object_component_ref idref="oc-dc"/>
      </symbol>
      <symbol id="sm-841">
         <name>UARTCharGetNonBlocking</name>
         <value>0x3fc7</value>
         <object_component_ref idref="oc-dc"/>
      </symbol>
      <symbol id="sm-842">
         <name>UARTClockSourceSet</name>
         <value>0x4171</value>
         <object_component_ref idref="oc-dc"/>
      </symbol>
      <symbol id="sm-843">
         <name>UARTTxIntModeGet</name>
         <value>0x3f79</value>
         <object_component_ref idref="oc-dc"/>
      </symbol>
      <symbol id="sm-844">
         <name>UARTModemStatusGet</name>
         <value>0x3f1b</value>
         <object_component_ref idref="oc-dc"/>
      </symbol>
      <symbol id="sm-845">
         <name>UARTIntDisable</name>
         <value>0x40d7</value>
         <object_component_ref idref="oc-dc"/>
      </symbol>
      <symbol id="sm-846">
         <name>UARTCharPut</name>
         <value>0x401d</value>
         <object_component_ref idref="oc-dc"/>
      </symbol>
      <symbol id="sm-847">
         <name>UARTParityModeSet</name>
         <value>0x3c6f</value>
         <object_component_ref idref="oc-dc"/>
      </symbol>
      <symbol id="sm-848">
         <name>UARTRxErrorGet</name>
         <value>0x414f</value>
         <object_component_ref idref="oc-dc"/>
      </symbol>
      <symbol id="sm-849">
         <name>UARTConfigGetExpClk</name>
         <value>0x3d53</value>
         <object_component_ref idref="oc-dc"/>
      </symbol>
      <symbol id="sm-84a">
         <name>UARTEnableSIR</name>
         <value>0x3e19</value>
         <object_component_ref idref="oc-dc"/>
      </symbol>
      <symbol id="sm-84b">
         <name>UARTEnable</name>
         <value>0x3d9f</value>
         <object_component_ref idref="oc-dc"/>
      </symbol>
      <symbol id="sm-84c">
         <name>UART9BitAddrSend</name>
         <value>0x41e7</value>
         <object_component_ref idref="oc-dc"/>
      </symbol>
      <symbol id="sm-84d">
         <name>UARTModemControlGet</name>
         <value>0x3f09</value>
         <object_component_ref idref="oc-dc"/>
      </symbol>
      <symbol id="sm-84e">
         <name>UARTSmartCardEnable</name>
         <value>0x3e5d</value>
         <object_component_ref idref="oc-dc"/>
      </symbol>
      <symbol id="sm-84f">
         <name>UARTFlowControlGet</name>
         <value>0x3f4b</value>
         <object_component_ref idref="oc-dc"/>
      </symbol>
      <symbol id="sm-850">
         <name>UARTFIFOEnable</name>
         <value>0x3ded</value>
         <object_component_ref idref="oc-dc"/>
      </symbol>
      <symbol id="sm-851">
         <name>UARTIntClear</name>
         <value>0x410d</value>
         <object_component_ref idref="oc-dc"/>
      </symbol>
      <symbol id="sm-852">
         <name>UARTIntStatus</name>
         <value>0x40ef</value>
         <object_component_ref idref="oc-dc"/>
      </symbol>
      <symbol id="sm-853">
         <name>UARTDMADisable</name>
         <value>0x4137</value>
         <object_component_ref idref="oc-dc"/>
      </symbol>
      <symbol id="sm-854">
         <name>UART9BitEnable</name>
         <value>0x4195</value>
         <object_component_ref idref="oc-dc"/>
      </symbol>
      <symbol id="sm-855">
         <name>UARTSpaceAvail</name>
         <value>0x3fa9</value>
         <object_component_ref idref="oc-dc"/>
      </symbol>
      <symbol id="sm-856">
         <name>UARTCharGet</name>
         <value>0x3fe3</value>
         <object_component_ref idref="oc-dc"/>
      </symbol>
      <symbol id="sm-857">
         <name>UARTFIFOLevelSet</name>
         <value>0x3c9d</value>
         <object_component_ref idref="oc-dc"/>
      </symbol>
      <symbol id="sm-858">
         <name>UARTModemControlClear</name>
         <value>0x3ee5</value>
         <object_component_ref idref="oc-dc"/>
      </symbol>
      <symbol id="sm-859">
         <name>UARTParityModeGet</name>
         <value>0x3c8b</value>
         <object_component_ref idref="oc-dc"/>
      </symbol>
      <symbol id="sm-85a">
         <name>UARTIntRegister</name>
         <value>0x4083</value>
         <object_component_ref idref="oc-dc"/>
      </symbol>
      <symbol id="sm-85b">
         <name>UARTBreakCtl</name>
         <value>0x403b</value>
         <object_component_ref idref="oc-dc"/>
      </symbol>
      <symbol id="sm-85c">
         <name>UART9BitAddrSet</name>
         <value>0x41c1</value>
         <object_component_ref idref="oc-dc"/>
      </symbol>
      <symbol id="sm-870">
         <name>_c_int00</name>
         <value>0x55d9</value>
         <object_component_ref idref="oc-24"/>
      </symbol>
      <symbol id="sm-871">
         <name>__stack</name>
         <value>0x200053c0</value>
         <object_component_ref idref="oc-2a"/>
      </symbol>
      <symbol id="sm-88f">
         <name>__TI_decompress_lzss</name>
         <value>0x5571</value>
         <object_component_ref idref="oc-12"/>
      </symbol>
      <symbol id="sm-8a6">
         <name>__TI_decompress_none</name>
         <value>0x5739</value>
         <object_component_ref idref="oc-18"/>
      </symbol>
      <symbol id="sm-8b8">
         <name>__TI_zero_init</name>
         <value>0x5747</value>
         <object_component_ref idref="oc-1e"/>
      </symbol>
      <symbol id="sm-8d9">
         <name>C$$EXIT</name>
         <value>0x562d</value>
         <object_component_ref idref="oc-6f"/>
      </symbol>
      <symbol id="sm-8da">
         <name>abort</name>
         <value>0x5631</value>
         <object_component_ref idref="oc-6f"/>
      </symbol>
      <symbol id="sm-8db">
         <name>exit</name>
         <value>0x5639</value>
         <object_component_ref idref="oc-6f"/>
      </symbol>
      <symbol id="sm-8dc">
         <name>__TI_dtors_ptr</name>
         <value>0x200055f8</value>
         <object_component_ref idref="oc-af"/>
      </symbol>
      <symbol id="sm-8dd">
         <name>__TI_cleanup_ptr</name>
         <value>0x200055f4</value>
         <object_component_ref idref="oc-af"/>
      </symbol>
      <symbol id="sm-8de">
         <name>__TI_enable_exit_profile_output</name>
         <value>0x200055fc</value>
         <object_component_ref idref="oc-af"/>
      </symbol>
      <symbol id="sm-8f9">
         <name>memcpy</name>
         <value>0x53e9</value>
         <object_component_ref idref="oc-3f"/>
      </symbol>
      <symbol id="sm-8fa">
         <name>__aeabi_memcpy</name>
         <value>0x53e9</value>
         <object_component_ref idref="oc-3f"/>
      </symbol>
      <symbol id="sm-8fb">
         <name>__aeabi_memcpy8</name>
         <value>0x53e9</value>
         <object_component_ref idref="oc-3f"/>
      </symbol>
      <symbol id="sm-8fc">
         <name>__aeabi_memcpy4</name>
         <value>0x53e9</value>
         <object_component_ref idref="oc-3f"/>
      </symbol>
      <symbol id="sm-90b">
         <name>__aeabi_memset</name>
         <value>0x5487</value>
         <object_component_ref idref="oc-4b"/>
      </symbol>
      <symbol id="sm-90c">
         <name>memset</name>
         <value>0x548d</value>
         <object_component_ref idref="oc-4b"/>
      </symbol>
      <symbol id="sm-90d">
         <name>__aeabi_memset8</name>
         <value>0x5487</value>
         <object_component_ref idref="oc-4b"/>
      </symbol>
      <symbol id="sm-90e">
         <name>__aeabi_memset4</name>
         <value>0x5487</value>
         <object_component_ref idref="oc-4b"/>
      </symbol>
      <symbol id="sm-90f">
         <name>__aeabi_memclr8</name>
         <value>0x5485</value>
         <object_component_ref idref="oc-4b"/>
      </symbol>
      <symbol id="sm-910">
         <name>__aeabi_memclr4</name>
         <value>0x5485</value>
         <object_component_ref idref="oc-4b"/>
      </symbol>
      <symbol id="sm-911">
         <name>__aeabi_memclr</name>
         <value>0x5485</value>
         <object_component_ref idref="oc-4b"/>
      </symbol>
      <symbol id="sm-91b">
         <name>__mpu_init</name>
         <value>0x4f0b</value>
         <object_component_ref idref="oc-57"/>
      </symbol>
      <symbol id="sm-925">
         <name>_system_pre_init</name>
         <value>0x5765</value>
         <object_component_ref idref="oc-5d"/>
      </symbol>
      <symbol id="sm-92d">
         <name>main_func_sp</name>
         <value>0x20005620</value>
         <object_component_ref idref="oc-75"/>
      </symbol>
      <symbol id="sm-946">
         <name>_nop</name>
         <value>0x5733</value>
         <object_component_ref idref="oc-fd"/>
      </symbol>
      <symbol id="sm-947">
         <name>_lock</name>
         <value>0x2000560c</value>
         <object_component_ref idref="oc-b2"/>
      </symbol>
      <symbol id="sm-948">
         <name>_unlock</name>
         <value>0x20005610</value>
         <object_component_ref idref="oc-b2"/>
      </symbol>
      <symbol id="sm-949">
         <name>_register_lock</name>
         <value>0x572b</value>
         <object_component_ref idref="oc-fd"/>
      </symbol>
      <symbol id="sm-94a">
         <name>_register_unlock</name>
         <value>0x5725</value>
         <object_component_ref idref="oc-fd"/>
      </symbol>
      <symbol id="sm-95e">
         <name>_args_main</name>
         <value>0x570d</value>
         <object_component_ref idref="oc-69"/>
      </symbol>
      <symbol id="sm-988">
         <name>__TI_auto_init</name>
         <value>0x5501</value>
         <object_component_ref idref="oc-63"/>
      </symbol>
      <symbol id="sm-9a2">
         <name>copy_in</name>
         <value>0x5681</value>
         <object_component_ref idref="oc-99"/>
      </symbol>
      <symbol id="sm-9ac">
         <name>_system_post_cinit</name>
         <value>0x5173</value>
         <object_component_ref idref="oc-9f"/>
      </symbol>
      <symbol id="sm-9ad">
         <name>__TI_static_base__</name>
         <value>0x0</value>
      </symbol>
      <symbol id="sm-9b0">
         <name>SHT$$INIT_ARRAY$$Limit</name>
         <value>0x0</value>
      </symbol>
      <symbol id="sm-9b1">
         <name>SHT$$INIT_ARRAY$$Base</name>
         <value>0x0</value>
      </symbol>
   </symbol_table>
   <title>Link successful</title>
</link_info>
