<?xml version="1.0"?>
<link_info>
   <banner>TI ARM Linker PC v16.9.3.LTS</banner>
   <copyright>Copyright (c) 1996-2017 Texas Instruments Incorporated</copyright>
   <link_time>0x5aa7055f</link_time>
   <link_errors>0x0</link_errors>
   <output_file>Music_IMU.out</output_file>
   <entry_point>
      <name>_c_int00</name>
      <address>0x55cd</address>
   </entry_point>
   <input_file_list>
      <input_file id="fl-2">
         <path>.\</path>
         <kind>object</kind>
         <file>BLE_serial.obj</file>
         <name>BLE_serial.obj</name>
      </input_file>
      <input_file id="fl-3">
         <path>.\</path>
         <kind>object</kind>
         <file>main.obj</file>
         <name>main.obj</name>
      </input_file>
      <input_file id="fl-4">
         <path>.\</path>
         <kind>object</kind>
         <file>tm4c123gh6pm_startup_ccs.obj</file>
         <name>tm4c123gh6pm_startup_ccs.obj</name>
      </input_file>
      <input_file id="fl-5">
         <path>.\FreeRTOS\Source\</path>
         <kind>object</kind>
         <file>croutine.obj</file>
         <name>croutine.obj</name>
      </input_file>
      <input_file id="fl-6">
         <path>.\FreeRTOS\Source\</path>
         <kind>object</kind>
         <file>event_groups.obj</file>
         <name>event_groups.obj</name>
      </input_file>
      <input_file id="fl-7">
         <path>.\FreeRTOS\Source\</path>
         <kind>object</kind>
         <file>list.obj</file>
         <name>list.obj</name>
      </input_file>
      <input_file id="fl-8">
         <path>.\FreeRTOS\Source\</path>
         <kind>object</kind>
         <file>queue.obj</file>
         <name>queue.obj</name>
      </input_file>
      <input_file id="fl-9">
         <path>.\FreeRTOS\Source\</path>
         <kind>object</kind>
         <file>stream_buffer.obj</file>
         <name>stream_buffer.obj</name>
      </input_file>
      <input_file id="fl-a">
         <path>.\FreeRTOS\Source\</path>
         <kind>object</kind>
         <file>tasks.obj</file>
         <name>tasks.obj</name>
      </input_file>
      <input_file id="fl-b">
         <path>.\FreeRTOS\Source\</path>
         <kind>object</kind>
         <file>timers.obj</file>
         <name>timers.obj</name>
      </input_file>
      <input_file id="fl-c">
         <path>.\FreeRTOS\Source\portable\CCS\ARM_CM4F\</path>
         <kind>object</kind>
         <file>port.obj</file>
         <name>port.obj</name>
      </input_file>
      <input_file id="fl-d">
         <path>.\FreeRTOS\Source\portable\CCS\ARM_CM4F\</path>
         <kind>object</kind>
         <file>portasm.obj</file>
         <name>portasm.obj</name>
      </input_file>
      <input_file id="fl-e">
         <path>.\FreeRTOS\Source\portable\MemMang\</path>
         <kind>object</kind>
         <file>heap_1.obj</file>
         <name>heap_1.obj</name>
      </input_file>
      <input_file id="fl-f">
         <path>.\driverlib\</path>
         <kind>object</kind>
         <file>adc.obj</file>
         <name>adc.obj</name>
      </input_file>
      <input_file id="fl-10">
         <path>.\driverlib\</path>
         <kind>object</kind>
         <file>aes.obj</file>
         <name>aes.obj</name>
      </input_file>
      <input_file id="fl-11">
         <path>.\driverlib\</path>
         <kind>object</kind>
         <file>can.obj</file>
         <name>can.obj</name>
      </input_file>
      <input_file id="fl-12">
         <path>.\driverlib\</path>
         <kind>object</kind>
         <file>comp.obj</file>
         <name>comp.obj</name>
      </input_file>
      <input_file id="fl-13">
         <path>.\driverlib\</path>
         <kind>object</kind>
         <file>cpu.obj</file>
         <name>cpu.obj</name>
      </input_file>
      <input_file id="fl-14">
         <path>.\driverlib\</path>
         <kind>object</kind>
         <file>crc.obj</file>
         <name>crc.obj</name>
      </input_file>
      <input_file id="fl-15">
         <path>.\driverlib\</path>
         <kind>object</kind>
         <file>des.obj</file>
         <name>des.obj</name>
      </input_file>
      <input_file id="fl-16">
         <path>.\driverlib\</path>
         <kind>object</kind>
         <file>eeprom.obj</file>
         <name>eeprom.obj</name>
      </input_file>
      <input_file id="fl-17">
         <path>.\driverlib\</path>
         <kind>object</kind>
         <file>emac.obj</file>
         <name>emac.obj</name>
      </input_file>
      <input_file id="fl-18">
         <path>.\driverlib\</path>
         <kind>object</kind>
         <file>epi.obj</file>
         <name>epi.obj</name>
      </input_file>
      <input_file id="fl-19">
         <path>.\driverlib\</path>
         <kind>object</kind>
         <file>epi_workaround_ccs.obj</file>
         <name>epi_workaround_ccs.obj</name>
      </input_file>
      <input_file id="fl-1a">
         <path>.\driverlib\</path>
         <kind>object</kind>
         <file>flash.obj</file>
         <name>flash.obj</name>
      </input_file>
      <input_file id="fl-1b">
         <path>.\driverlib\</path>
         <kind>object</kind>
         <file>fpu.obj</file>
         <name>fpu.obj</name>
      </input_file>
      <input_file id="fl-1c">
         <path>.\driverlib\</path>
         <kind>object</kind>
         <file>gpio.obj</file>
         <name>gpio.obj</name>
      </input_file>
      <input_file id="fl-1d">
         <path>.\driverlib\</path>
         <kind>object</kind>
         <file>hibernate.obj</file>
         <name>hibernate.obj</name>
      </input_file>
      <input_file id="fl-1e">
         <path>.\driverlib\</path>
         <kind>object</kind>
         <file>i2c.obj</file>
         <name>i2c.obj</name>
      </input_file>
      <input_file id="fl-1f">
         <path>.\driverlib\</path>
         <kind>object</kind>
         <file>interrupt.obj</file>
         <name>interrupt.obj</name>
      </input_file>
      <input_file id="fl-20">
         <path>.\driverlib\</path>
         <kind>object</kind>
         <file>lcd.obj</file>
         <name>lcd.obj</name>
      </input_file>
      <input_file id="fl-21">
         <path>.\driverlib\</path>
         <kind>object</kind>
         <file>mpu.obj</file>
         <name>mpu.obj</name>
      </input_file>
      <input_file id="fl-22">
         <path>.\driverlib\</path>
         <kind>object</kind>
         <file>onewire.obj</file>
         <name>onewire.obj</name>
      </input_file>
      <input_file id="fl-23">
         <path>.\driverlib\</path>
         <kind>object</kind>
         <file>pwm.obj</file>
         <name>pwm.obj</name>
      </input_file>
      <input_file id="fl-24">
         <path>.\driverlib\</path>
         <kind>object</kind>
         <file>qei.obj</file>
         <name>qei.obj</name>
      </input_file>
      <input_file id="fl-25">
         <path>.\driverlib\</path>
         <kind>object</kind>
         <file>shamd5.obj</file>
         <name>shamd5.obj</name>
      </input_file>
      <input_file id="fl-26">
         <path>.\driverlib\</path>
         <kind>object</kind>
         <file>ssi.obj</file>
         <name>ssi.obj</name>
      </input_file>
      <input_file id="fl-27">
         <path>.\driverlib\</path>
         <kind>object</kind>
         <file>sw_crc.obj</file>
         <name>sw_crc.obj</name>
      </input_file>
      <input_file id="fl-28">
         <path>.\driverlib\</path>
         <kind>object</kind>
         <file>sysctl.obj</file>
         <name>sysctl.obj</name>
      </input_file>
      <input_file id="fl-29">
         <path>.\driverlib\</path>
         <kind>object</kind>
         <file>sysexc.obj</file>
         <name>sysexc.obj</name>
      </input_file>
      <input_file id="fl-2a">
         <path>.\driverlib\</path>
         <kind>object</kind>
         <file>systick.obj</file>
         <name>systick.obj</name>
      </input_file>
      <input_file id="fl-2b">
         <path>.\driverlib\</path>
         <kind>object</kind>
         <file>timer.obj</file>
         <name>timer.obj</name>
      </input_file>
      <input_file id="fl-2c">
         <path>.\driverlib\</path>
         <kind>object</kind>
         <file>uart.obj</file>
         <name>uart.obj</name>
      </input_file>
      <input_file id="fl-2d">
         <path>.\driverlib\</path>
         <kind>object</kind>
         <file>udma.obj</file>
         <name>udma.obj</name>
      </input_file>
      <input_file id="fl-2e">
         <path>.\driverlib\</path>
         <kind>object</kind>
         <file>usb.obj</file>
         <name>usb.obj</name>
      </input_file>
      <input_file id="fl-2f">
         <path>.\driverlib\</path>
         <kind>object</kind>
         <file>watchdog.obj</file>
         <name>watchdog.obj</name>
      </input_file>
      <input_file id="fl-37">
         <kind>object</kind>
         <file>&lt;internal&gt;</file>
         <name>&lt;internal&gt;</name>
      </input_file>
      <input_file id="fl-ed">
         <path>C:\ti\ccsv7\tools\compiler\ti-cgt-arm_16.9.3.LTS\lib\</path>
         <kind>archive</kind>
         <file>rtsv7M4_T_le_v4SPD16_eabi.lib</file>
         <name>boot.obj</name>
      </input_file>
      <input_file id="fl-ee">
         <path>C:\ti\ccsv7\tools\compiler\ti-cgt-arm_16.9.3.LTS\lib\</path>
         <kind>archive</kind>
         <file>rtsv7M4_T_le_v4SPD16_eabi.lib</file>
         <name>copy_decompress_lzss.obj</name>
      </input_file>
      <input_file id="fl-ef">
         <path>C:\ti\ccsv7\tools\compiler\ti-cgt-arm_16.9.3.LTS\lib\</path>
         <kind>archive</kind>
         <file>rtsv7M4_T_le_v4SPD16_eabi.lib</file>
         <name>copy_decompress_none.obj</name>
      </input_file>
      <input_file id="fl-f0">
         <path>C:\ti\ccsv7\tools\compiler\ti-cgt-arm_16.9.3.LTS\lib\</path>
         <kind>archive</kind>
         <file>rtsv7M4_T_le_v4SPD16_eabi.lib</file>
         <name>copy_zero_init.obj</name>
      </input_file>
      <input_file id="fl-f1">
         <path>C:\ti\ccsv7\tools\compiler\ti-cgt-arm_16.9.3.LTS\lib\</path>
         <kind>archive</kind>
         <file>rtsv7M4_T_le_v4SPD16_eabi.lib</file>
         <name>exit.obj</name>
      </input_file>
      <input_file id="fl-f2">
         <path>C:\ti\ccsv7\tools\compiler\ti-cgt-arm_16.9.3.LTS\lib\</path>
         <kind>archive</kind>
         <file>rtsv7M4_T_le_v4SPD16_eabi.lib</file>
         <name>memcpy_t2.obj</name>
      </input_file>
      <input_file id="fl-f3">
         <path>C:\ti\ccsv7\tools\compiler\ti-cgt-arm_16.9.3.LTS\lib\</path>
         <kind>archive</kind>
         <file>rtsv7M4_T_le_v4SPD16_eabi.lib</file>
         <name>memset_t2.obj</name>
      </input_file>
      <input_file id="fl-f4">
         <path>C:\ti\ccsv7\tools\compiler\ti-cgt-arm_16.9.3.LTS\lib\</path>
         <kind>archive</kind>
         <file>rtsv7M4_T_le_v4SPD16_eabi.lib</file>
         <name>mpu_init.obj</name>
      </input_file>
      <input_file id="fl-f5">
         <path>C:\ti\ccsv7\tools\compiler\ti-cgt-arm_16.9.3.LTS\lib\</path>
         <kind>archive</kind>
         <file>rtsv7M4_T_le_v4SPD16_eabi.lib</file>
         <name>pre_init.obj</name>
      </input_file>
      <input_file id="fl-f6">
         <path>C:\ti\ccsv7\tools\compiler\ti-cgt-arm_16.9.3.LTS\lib\</path>
         <kind>archive</kind>
         <file>rtsv7M4_T_le_v4SPD16_eabi.lib</file>
         <name>stkdepth_vars.obj</name>
      </input_file>
      <input_file id="fl-f7">
         <path>C:\ti\ccsv7\tools\compiler\ti-cgt-arm_16.9.3.LTS\lib\</path>
         <kind>archive</kind>
         <file>rtsv7M4_T_le_v4SPD16_eabi.lib</file>
         <name>_lock.obj</name>
      </input_file>
      <input_file id="fl-f8">
         <path>C:\ti\ccsv7\tools\compiler\ti-cgt-arm_16.9.3.LTS\lib\</path>
         <kind>archive</kind>
         <file>rtsv7M4_T_le_v4SPD16_eabi.lib</file>
         <name>args_main.obj</name>
      </input_file>
      <input_file id="fl-f9">
         <path>C:\ti\ccsv7\tools\compiler\ti-cgt-arm_16.9.3.LTS\lib\</path>
         <kind>archive</kind>
         <file>rtsv7M4_T_le_v4SPD16_eabi.lib</file>
         <name>autoinit.obj</name>
      </input_file>
      <input_file id="fl-fa">
         <path>C:\ti\ccsv7\tools\compiler\ti-cgt-arm_16.9.3.LTS\lib\</path>
         <kind>archive</kind>
         <file>rtsv7M4_T_le_v4SPD16_eabi.lib</file>
         <name>cpy_tbl.obj</name>
      </input_file>
      <input_file id="fl-fb">
         <path>C:\ti\ccsv7\tools\compiler\ti-cgt-arm_16.9.3.LTS\lib\</path>
         <kind>archive</kind>
         <file>rtsv7M4_T_le_v4SPD16_eabi.lib</file>
         <name>startup.obj</name>
      </input_file>
   </input_file_list>
   <object_component_list>
      <object_component id="oc-f">
         <name>.intvecs</name>
         <load_address>0x0</load_address>
         <run_address>0x0</run_address>
         <size>0x26c</size>
         <input_file_ref idref="fl-4"/>
      </object_component>
      <object_component id="oc-e8">
         <name>.text</name>
         <load_address>0x26c</load_address>
         <run_address>0x26c</run_address>
         <size>0x1328</size>
         <input_file_ref idref="fl-a"/>
      </object_component>
      <object_component id="oc-d0">
         <name>.text</name>
         <load_address>0x1594</load_address>
         <run_address>0x1594</run_address>
         <size>0xf88</size>
         <input_file_ref idref="fl-28"/>
      </object_component>
      <object_component id="oc-d6">
         <name>.text</name>
         <load_address>0x251c</load_address>
         <run_address>0x251c</run_address>
         <size>0xba0</size>
         <input_file_ref idref="fl-1c"/>
      </object_component>
      <object_component id="oc-20b">
         <name>.text</name>
         <load_address>0x30bc</load_address>
         <run_address>0x30bc</run_address>
         <size>0xb50</size>
         <input_file_ref idref="fl-8"/>
      </object_component>
      <object_component id="oc-dc">
         <name>.text</name>
         <load_address>0x3c0c</load_address>
         <run_address>0x3c0c</run_address>
         <size>0x638</size>
         <input_file_ref idref="fl-2c"/>
      </object_component>
      <object_component id="oc-16e">
         <name>.text</name>
         <load_address>0x4244</load_address>
         <run_address>0x4244</run_address>
         <size>0x570</size>
         <input_file_ref idref="fl-b"/>
      </object_component>
      <object_component id="oc-116">
         <name>.text</name>
         <load_address>0x47b4</load_address>
         <run_address>0x47b4</run_address>
         <size>0x3c0</size>
         <input_file_ref idref="fl-1f"/>
      </object_component>
      <object_component id="oc-e2">
         <name>.text</name>
         <load_address>0x4b74</load_address>
         <run_address>0x4b74</run_address>
         <size>0x396</size>
         <input_file_ref idref="fl-6"/>
      </object_component>
      <object_component id="oc-57">
         <name>.text</name>
         <load_address>0x4f0a</load_address>
         <run_address>0x4f0a</run_address>
         <size>0x2</size>
         <input_file_ref idref="fl-f4"/>
      </object_component>
      <object_component id="oc-153">
         <name>.text</name>
         <load_address>0x4f0c</load_address>
         <run_address>0x4f0c</run_address>
         <size>0x13c</size>
         <input_file_ref idref="fl-c"/>
      </object_component>
      <object_component id="oc-14d">
         <name>.text</name>
         <load_address>0x5048</load_address>
         <run_address>0x5048</run_address>
         <size>0x12a</size>
         <input_file_ref idref="fl-7"/>
      </object_component>
      <object_component id="oc-9f">
         <name>.text</name>
         <load_address>0x5172</load_address>
         <run_address>0x5172</run_address>
         <size>0x2</size>
         <input_file_ref idref="fl-fb"/>
      </object_component>
      <object_component id="oc-a7">
         <name>.text</name>
         <load_address>0x5174</load_address>
         <run_address>0x5174</run_address>
         <size>0xf0</size>
         <input_file_ref idref="fl-3"/>
      </object_component>
      <object_component id="oc-1ef">
         <name>.text</name>
         <load_address>0x5264</load_address>
         <run_address>0x5264</run_address>
         <size>0xda</size>
         <input_file_ref idref="fl-d"/>
      </object_component>
      <object_component id="oc-147">
         <name>.text</name>
         <load_address>0x5340</load_address>
         <run_address>0x5340</run_address>
         <size>0x9c</size>
         <input_file_ref idref="fl-e"/>
      </object_component>
      <object_component id="oc-3f">
         <name>.text</name>
         <load_address>0x53dc</load_address>
         <run_address>0x53dc</run_address>
         <size>0x9c</size>
         <input_file_ref idref="fl-f2"/>
      </object_component>
      <object_component id="oc-4b">
         <name>.text</name>
         <load_address>0x5478</load_address>
         <run_address>0x5478</run_address>
         <size>0x7a</size>
         <input_file_ref idref="fl-f3"/>
      </object_component>
      <object_component id="oc-63">
         <name>.text</name>
         <load_address>0x54f4</load_address>
         <run_address>0x54f4</run_address>
         <size>0x70</size>
         <input_file_ref idref="fl-f9"/>
      </object_component>
      <object_component id="oc-12">
         <name>.text:decompress:lzss</name>
         <load_address>0x5564</load_address>
         <run_address>0x5564</run_address>
         <size>0x68</size>
         <input_file_ref idref="fl-ee"/>
      </object_component>
      <object_component id="oc-24">
         <name>.text</name>
         <load_address>0x55cc</load_address>
         <run_address>0x55cc</run_address>
         <size>0x54</size>
         <input_file_ref idref="fl-ed"/>
      </object_component>
      <object_component id="oc-6f">
         <name>.text</name>
         <load_address>0x5620</load_address>
         <run_address>0x5620</run_address>
         <size>0x54</size>
         <input_file_ref idref="fl-f1"/>
      </object_component>
      <object_component id="oc-99">
         <name>.text</name>
         <load_address>0x5674</load_address>
         <run_address>0x5674</run_address>
         <size>0x4c</size>
         <input_file_ref idref="fl-fa"/>
      </object_component>
      <object_component id="oc-11c">
         <name>.text</name>
         <load_address>0x56c0</load_address>
         <run_address>0x56c0</run_address>
         <size>0x3e</size>
         <input_file_ref idref="fl-13"/>
      </object_component>
      <object_component id="oc-69">
         <name>.text</name>
         <load_address>0x5700</load_address>
         <run_address>0x5700</run_address>
         <size>0x18</size>
         <input_file_ref idref="fl-f8"/>
      </object_component>
      <object_component id="oc-fb">
         <name>.text</name>
         <load_address>0x5718</load_address>
         <run_address>0x5718</run_address>
         <size>0x14</size>
         <input_file_ref idref="fl-f7"/>
      </object_component>
      <object_component id="oc-18">
         <name>.text:decompress:none</name>
         <load_address>0x572c</load_address>
         <run_address>0x572c</run_address>
         <size>0xe</size>
         <input_file_ref idref="fl-ef"/>
      </object_component>
      <object_component id="oc-1e">
         <name>.text:decompress:ZI</name>
         <load_address>0x573a</load_address>
         <run_address>0x573a</run_address>
         <size>0xc</size>
         <input_file_ref idref="fl-f0"/>
      </object_component>
      <object_component id="oc-2b">
         <name>.text</name>
         <load_address>0x5746</load_address>
         <run_address>0x5746</run_address>
         <size>0xc</size>
         <input_file_ref idref="fl-4"/>
      </object_component>
      <object_component id="oc-12b">
         <name>.text:SysCtlDelay</name>
         <load_address>0x5752</load_address>
         <run_address>0x5752</run_address>
         <size>0x6</size>
         <input_file_ref idref="fl-28"/>
      </object_component>
      <object_component id="oc-5d">
         <name>.text</name>
         <load_address>0x5758</load_address>
         <run_address>0x5758</run_address>
         <size>0x4</size>
         <input_file_ref idref="fl-f5"/>
      </object_component>
      <object_component id="oc-128">
         <name>.const:g_pppui32XTALtoVCO</name>
         <load_address>0x575c</load_address>
         <run_address>0x575c</run_address>
         <size>0x1b0</size>
         <input_file_ref idref="fl-28"/>
      </object_component>
      <object_component id="oc-134">
         <name>.const:g_ppui32GPIOIntMapSnowflake</name>
         <load_address>0x590c</load_address>
         <run_address>0x590c</run_address>
         <size>0xd8</size>
         <input_file_ref idref="fl-1c"/>
      </object_component>
      <object_component id="oc-12e">
         <name>.const:g_ppui32GPIOIntMapBlizzard</name>
         <load_address>0x59e4</load_address>
         <run_address>0x59e4</run_address>
         <size>0xc0</size>
         <input_file_ref idref="fl-1c"/>
      </object_component>
      <object_component id="oc-1b0">
         <name>.const:g_pui32Regs</name>
         <load_address>0x5aa4</load_address>
         <run_address>0x5aa4</run_address>
         <size>0x9c</size>
         <input_file_ref idref="fl-1f"/>
      </object_component>
      <object_component id="oc-137">
         <name>.const:g_pui32GPIOBaseAddrs</name>
         <load_address>0x5b40</load_address>
         <run_address>0x5b40</run_address>
         <size>0x90</size>
         <input_file_ref idref="fl-1c"/>
      </object_component>
      <object_component id="oc-122">
         <name>.const:g_pui32Xtals</name>
         <load_address>0x5bd0</load_address>
         <run_address>0x5bd0</run_address>
         <size>0x6c</size>
         <input_file_ref idref="fl-28"/>
      </object_component>
      <object_component id="oc-13c">
         <name>.const:g_ppui32UARTIntMap</name>
         <load_address>0x5c3c</load_address>
         <run_address>0x5c3c</run_address>
         <size>0x40</size>
         <input_file_ref idref="fl-2c"/>
      </object_component>
      <object_component id="oc-142">
         <name>.const:g_ppui32UARTIntMapSnowflake</name>
         <load_address>0x5c7c</load_address>
         <run_address>0x5c7c</run_address>
         <size>0x40</size>
         <input_file_ref idref="fl-2c"/>
      </object_component>
      <object_component id="oc-113">
         <name>.const:g_sXTALtoMEMTIM</name>
         <load_address>0x5cbc</load_address>
         <run_address>0x5cbc</run_address>
         <size>0x30</size>
         <input_file_ref idref="fl-28"/>
      </object_component>
      <object_component id="oc-1ad">
         <name>.const:g_pui32Priority</name>
         <load_address>0x5cec</load_address>
         <run_address>0x5cec</run_address>
         <size>0x20</size>
         <input_file_ref idref="fl-1f"/>
      </object_component>
      <object_component id="oc-1b6">
         <name>.const:g_pui32Dii16Regs</name>
         <load_address>0x5d0c</load_address>
         <run_address>0x5d0c</run_address>
         <size>0x14</size>
         <input_file_ref idref="fl-1f"/>
      </object_component>
      <object_component id="oc-1b3">
         <name>.const:g_pui32EnRegs</name>
         <load_address>0x5d20</load_address>
         <run_address>0x5d20</run_address>
         <size>0x14</size>
         <input_file_ref idref="fl-1f"/>
      </object_component>
      <object_component id="oc-1b9">
         <name>.const:g_pui32PendRegs</name>
         <load_address>0x5d34</load_address>
         <run_address>0x5d34</run_address>
         <size>0x14</size>
         <input_file_ref idref="fl-1f"/>
      </object_component>
      <object_component id="oc-1bc">
         <name>.const:g_pui32UnpendRegs</name>
         <load_address>0x5d48</load_address>
         <run_address>0x5d48</run_address>
         <size>0x14</size>
         <input_file_ref idref="fl-1f"/>
      </object_component>
      <object_component id="oc-125">
         <name>.const:g_pui32VCOFrequencies</name>
         <load_address>0x5d5c</load_address>
         <run_address>0x5d5c</run_address>
         <size>0x8</size>
         <input_file_ref idref="fl-28"/>
      </object_component>
      <object_component id="oc-131">
         <name>.const</name>
         <load_address>0x5d64</load_address>
         <run_address>0x5d64</run_address>
         <size>0x8</size>
         <input_file_ref idref="fl-1c"/>
      </object_component>
      <object_component id="oc-13f">
         <name>.const</name>
         <load_address>0x5d6c</load_address>
         <run_address>0x5d6c</run_address>
         <size>0x8</size>
         <input_file_ref idref="fl-2c"/>
      </object_component>
      <object_component id="oc-24d">
         <name>.const</name>
         <load_address>0x5d74</load_address>
         <run_address>0x5d74</run_address>
         <size>0x4</size>
         <input_file_ref idref="fl-c"/>
      </object_component>
      <object_component id="oc-293">
         <name>.cinit..data.load</name>
         <load_address>0x5d78</load_address>
         <run_address>0x5d78</run_address>
         <size>0x17</size>
      </object_component>
      <object_component id="oc-290">
         <name>__TI_handler_table</name>
         <load_address>0x5d90</load_address>
         <run_address>0x5d90</run_address>
         <size>0xc</size>
      </object_component>
      <object_component id="oc-294">
         <name>.cinit..bss.load</name>
         <load_address>0x5da0</load_address>
         <run_address>0x5da0</run_address>
         <size>0x8</size>
      </object_component>
      <object_component id="oc-292">
         <name>.cinit..vtable.load</name>
         <load_address>0x5da8</load_address>
         <run_address>0x5da8</run_address>
         <size>0x8</size>
      </object_component>
      <object_component id="oc-291">
         <name>__TI_cinit_table</name>
         <load_address>0x5db0</load_address>
         <run_address>0x5db0</run_address>
         <size>0x18</size>
      </object_component>
      <object_component id="oc-1aa">
         <name>.vtable</name>
         <uninitialized>true</uninitialized>
         <run_address>0x20000000</run_address>
         <size>0x26c</size>
         <input_file_ref idref="fl-1f"/>
      </object_component>
      <object_component id="oc-165">
         <name>.data</name>
         <load_address>0x200055c0</load_address>
         <run_address>0x200055c0</run_address>
         <size>0x34</size>
         <input_file_ref idref="fl-a"/>
      </object_component>
      <object_component id="oc-211">
         <name>.data</name>
         <load_address>0x20005600</load_address>
         <run_address>0x20005600</run_address>
         <size>0xc</size>
         <input_file_ref idref="fl-b"/>
      </object_component>
      <object_component id="oc-1f4">
         <name>.data</name>
         <load_address>0x2000561c</load_address>
         <run_address>0x2000561c</run_address>
         <size>0x4</size>
         <input_file_ref idref="fl-c"/>
      </object_component>
      <object_component id="oc-1e0">
         <name>.data</name>
         <load_address>0x20005614</load_address>
         <run_address>0x20005614</run_address>
         <size>0x8</size>
         <input_file_ref idref="fl-e"/>
      </object_component>
      <object_component id="oc-af">
         <name>.data:$O1$$</name>
         <load_address>0x200055f4</load_address>
         <run_address>0x200055f4</run_address>
         <size>0xc</size>
         <input_file_ref idref="fl-f1"/>
      </object_component>
      <object_component id="oc-75">
         <name>.data</name>
         <load_address>0x20005620</load_address>
         <run_address>0x20005620</run_address>
         <size>0x4</size>
         <input_file_ref idref="fl-f6"/>
      </object_component>
      <object_component id="oc-b2">
         <name>.data:$O1$$</name>
         <load_address>0x2000560c</load_address>
         <run_address>0x2000560c</run_address>
         <size>0x8</size>
         <input_file_ref idref="fl-f7"/>
      </object_component>
      <object_component id="oc-168">
         <name>.bss:pxReadyTasksLists</name>
         <uninitialized>true</uninitialized>
         <run_address>0x2000526c</run_address>
         <size>0x64</size>
         <input_file_ref idref="fl-a"/>
      </object_component>
      <object_component id="oc-17d">
         <name>.bss:xDelayedTaskList1</name>
         <uninitialized>true</uninitialized>
         <run_address>0x20005348</run_address>
         <size>0x14</size>
         <input_file_ref idref="fl-a"/>
      </object_component>
      <object_component id="oc-180">
         <name>.bss:xDelayedTaskList2</name>
         <uninitialized>true</uninitialized>
         <run_address>0x2000535c</run_address>
         <size>0x14</size>
         <input_file_ref idref="fl-a"/>
      </object_component>
      <object_component id="oc-17a">
         <name>.bss</name>
         <uninitialized>true</uninitialized>
         <run_address>0x200053ac</run_address>
         <size>0x8</size>
         <input_file_ref idref="fl-a"/>
      </object_component>
      <object_component id="oc-177">
         <name>.bss:xPendingReadyList</name>
         <uninitialized>true</uninitialized>
         <run_address>0x20005370</run_address>
         <size>0x14</size>
         <input_file_ref idref="fl-a"/>
      </object_component>
      <object_component id="oc-16b">
         <name>.bss:xTasksWaitingTermination</name>
         <uninitialized>true</uninitialized>
         <run_address>0x20005398</run_address>
         <size>0x14</size>
         <input_file_ref idref="fl-a"/>
      </object_component>
      <object_component id="oc-174">
         <name>.bss:xSuspendedTaskList</name>
         <uninitialized>true</uninitialized>
         <run_address>0x20005384</run_address>
         <size>0x14</size>
         <input_file_ref idref="fl-a"/>
      </object_component>
      <object_component id="oc-217">
         <name>.bss:xActiveTimerList1</name>
         <uninitialized>true</uninitialized>
         <run_address>0x20005320</run_address>
         <size>0x14</size>
         <input_file_ref idref="fl-b"/>
      </object_component>
      <object_component id="oc-21a">
         <name>.bss:xActiveTimerList2</name>
         <uninitialized>true</uninitialized>
         <run_address>0x20005334</run_address>
         <size>0x14</size>
         <input_file_ref idref="fl-b"/>
      </object_component>
      <object_component id="oc-214">
         <name>.bss</name>
         <uninitialized>true</uninitialized>
         <run_address>0x200053b4</run_address>
         <size>0x8</size>
         <input_file_ref idref="fl-b"/>
      </object_component>
      <object_component id="oc-1e3">
         <name>.bss:ucHeap</name>
         <uninitialized>true</uninitialized>
         <run_address>0x2000026c</run_address>
         <size>0x5000</size>
         <input_file_ref idref="fl-e"/>
      </object_component>
      <object_component id="oc-ee">
         <name>.common:Serials</name>
         <uninitialized>true</uninitialized>
         <run_address>0x200053bc</run_address>
         <size>0x4</size>
      </object_component>
      <object_component id="oc-255">
         <name>.common:xQueueRegistry</name>
         <uninitialized>true</uninitialized>
         <run_address>0x200052d0</run_address>
         <size>0x50</size>
      </object_component>
      <object_component id="oc-2a">
         <name>.stack</name>
         <uninitialized>true</uninitialized>
         <run_address>0x200053c0</run_address>
         <size>0x0</size>
         <input_file_ref idref="fl-ed"/>
      </object_component>
      <object_component id="oc-295">
         <name>.stack</name>
         <uninitialized>true</uninitialized>
         <run_address>0x200053c0</run_address>
         <size>0x0</size>
      </object_component>
      <object_component id="oc-ef">
         <name>.debug_info</name>
         <load_address>0x0</load_address>
         <run_address>0x0</run_address>
         <size>0x663</size>
         <input_file_ref idref="fl-3"/>
      </object_component>
      <object_component id="oc-a8">
         <name>.debug_info</name>
         <load_address>0x663</load_address>
         <run_address>0x663</run_address>
         <size>0x3af</size>
         <input_file_ref idref="fl-3"/>
      </object_component>
      <object_component id="oc-18a">
         <name>.debug_info</name>
         <load_address>0xa12</load_address>
         <run_address>0xa12</run_address>
         <size>0x30c</size>
         <input_file_ref idref="fl-3"/>
      </object_component>
      <object_component id="oc-1a0">
         <name>.debug_info</name>
         <load_address>0xd1e</load_address>
         <run_address>0xd1e</run_address>
         <size>0x3ce</size>
         <input_file_ref idref="fl-3"/>
      </object_component>
      <object_component id="oc-ba">
         <name>.debug_info</name>
         <load_address>0x10ec</load_address>
         <run_address>0x10ec</run_address>
         <size>0x8b</size>
         <input_file_ref idref="fl-3"/>
      </object_component>
      <object_component id="oc-15a">
         <name>.debug_info</name>
         <load_address>0x1177</load_address>
         <run_address>0x1177</run_address>
         <size>0x39</size>
         <input_file_ref idref="fl-3"/>
      </object_component>
      <object_component id="oc-259">
         <name>.debug_info</name>
         <load_address>0x11b0</load_address>
         <run_address>0x11b0</run_address>
         <size>0x46</size>
         <input_file_ref idref="fl-3"/>
      </object_component>
      <object_component id="oc-191">
         <name>.debug_info</name>
         <load_address>0x11f6</load_address>
         <run_address>0x11f6</run_address>
         <size>0x46</size>
         <input_file_ref idref="fl-3"/>
      </object_component>
      <object_component id="oc-184">
         <name>.debug_info</name>
         <load_address>0x123c</load_address>
         <run_address>0x123c</run_address>
         <size>0x2c</size>
         <input_file_ref idref="fl-3"/>
      </object_component>
      <object_component id="oc-7c">
         <name>.debug_info</name>
         <load_address>0x1268</load_address>
         <run_address>0x1268</run_address>
         <size>0x18b</size>
         <input_file_ref idref="fl-3"/>
      </object_component>
      <object_component id="oc-196">
         <name>.debug_info</name>
         <load_address>0x13f3</load_address>
         <run_address>0x13f3</run_address>
         <size>0x46</size>
         <input_file_ref idref="fl-3"/>
      </object_component>
      <object_component id="oc-160">
         <name>.debug_info</name>
         <load_address>0x1439</load_address>
         <run_address>0x1439</run_address>
         <size>0x53</size>
         <input_file_ref idref="fl-3"/>
      </object_component>
      <object_component id="oc-19b">
         <name>.debug_info</name>
         <load_address>0x148c</load_address>
         <run_address>0x148c</run_address>
         <size>0x14c</size>
         <input_file_ref idref="fl-3"/>
      </object_component>
      <object_component id="oc-33">
         <name>.debug_info</name>
         <load_address>0x15d8</load_address>
         <run_address>0x15d8</run_address>
         <size>0x294</size>
         <input_file_ref idref="fl-4"/>
      </object_component>
      <object_component id="oc-10">
         <name>.debug_info</name>
         <load_address>0x186c</load_address>
         <run_address>0x186c</run_address>
         <size>0xe5</size>
         <input_file_ref idref="fl-4"/>
      </object_component>
      <object_component id="oc-2d">
         <name>.debug_info</name>
         <load_address>0x1951</load_address>
         <run_address>0x1951</run_address>
         <size>0x261</size>
         <input_file_ref idref="fl-4"/>
      </object_component>
      <object_component id="oc-3a">
         <name>.debug_info</name>
         <load_address>0x1bb2</load_address>
         <run_address>0x1bb2</run_address>
         <size>0x84</size>
         <input_file_ref idref="fl-4"/>
      </object_component>
      <object_component id="oc-15f">
         <name>.debug_info</name>
         <load_address>0x1c36</load_address>
         <run_address>0x1c36</run_address>
         <size>0x63d</size>
         <input_file_ref idref="fl-6"/>
      </object_component>
      <object_component id="oc-e5">
         <name>.debug_info</name>
         <load_address>0x2273</load_address>
         <run_address>0x2273</run_address>
         <size>0x1354</size>
         <input_file_ref idref="fl-6"/>
      </object_component>
      <object_component id="oc-1e8">
         <name>.debug_info</name>
         <load_address>0x35c7</load_address>
         <run_address>0x35c7</run_address>
         <size>0x110</size>
         <input_file_ref idref="fl-6"/>
      </object_component>
      <object_component id="oc-200">
         <name>.debug_info</name>
         <load_address>0x36d7</load_address>
         <run_address>0x36d7</run_address>
         <size>0x3ce</size>
         <input_file_ref idref="fl-6"/>
      </object_component>
      <object_component id="oc-1fb">
         <name>.debug_info</name>
         <load_address>0x3aa5</load_address>
         <run_address>0x3aa5</run_address>
         <size>0x62</size>
         <input_file_ref idref="fl-6"/>
      </object_component>
      <object_component id="oc-1ee">
         <name>.debug_info</name>
         <load_address>0x3b07</load_address>
         <run_address>0x3b07</run_address>
         <size>0x350</size>
         <input_file_ref idref="fl-7"/>
      </object_component>
      <object_component id="oc-14e">
         <name>.debug_info</name>
         <load_address>0x3e57</load_address>
         <run_address>0x3e57</run_address>
         <size>0x4ee</size>
         <input_file_ref idref="fl-7"/>
      </object_component>
      <object_component id="oc-256">
         <name>.debug_info</name>
         <load_address>0x4345</load_address>
         <run_address>0x4345</run_address>
         <size>0x768</size>
         <input_file_ref idref="fl-8"/>
      </object_component>
      <object_component id="oc-20c">
         <name>.debug_info</name>
         <load_address>0x4aad</load_address>
         <run_address>0x4aad</run_address>
         <size>0x2c83</size>
         <input_file_ref idref="fl-8"/>
      </object_component>
      <object_component id="oc-26c">
         <name>.debug_info</name>
         <load_address>0x7730</load_address>
         <run_address>0x7730</run_address>
         <size>0x1a5</size>
         <input_file_ref idref="fl-8"/>
      </object_component>
      <object_component id="oc-90">
         <name>.debug_info</name>
         <load_address>0x78d5</load_address>
         <run_address>0x78d5</run_address>
         <size>0x2c</size>
         <input_file_ref idref="fl-9"/>
      </object_component>
      <object_component id="oc-189">
         <name>.debug_info</name>
         <load_address>0x7901</load_address>
         <run_address>0x7901</run_address>
         <size>0x741</size>
         <input_file_ref idref="fl-a"/>
      </object_component>
      <object_component id="oc-166">
         <name>.debug_info</name>
         <load_address>0x8042</load_address>
         <run_address>0x8042</run_address>
         <size>0x345</size>
         <input_file_ref idref="fl-a"/>
      </object_component>
      <object_component id="oc-169">
         <name>.debug_info</name>
         <load_address>0x8387</load_address>
         <run_address>0x8387</run_address>
         <size>0xec</size>
         <input_file_ref idref="fl-a"/>
      </object_component>
      <object_component id="oc-17e">
         <name>.debug_info</name>
         <load_address>0x8473</load_address>
         <run_address>0x8473</run_address>
         <size>0xec</size>
         <input_file_ref idref="fl-a"/>
      </object_component>
      <object_component id="oc-181">
         <name>.debug_info</name>
         <load_address>0x855f</load_address>
         <run_address>0x855f</run_address>
         <size>0xec</size>
         <input_file_ref idref="fl-a"/>
      </object_component>
      <object_component id="oc-17b">
         <name>.debug_info</name>
         <load_address>0x864b</load_address>
         <run_address>0x864b</run_address>
         <size>0x12f</size>
         <input_file_ref idref="fl-a"/>
      </object_component>
      <object_component id="oc-178">
         <name>.debug_info</name>
         <load_address>0x877a</load_address>
         <run_address>0x877a</run_address>
         <size>0xec</size>
         <input_file_ref idref="fl-a"/>
      </object_component>
      <object_component id="oc-16c">
         <name>.debug_info</name>
         <load_address>0x8866</load_address>
         <run_address>0x8866</run_address>
         <size>0xfa</size>
         <input_file_ref idref="fl-a"/>
      </object_component>
      <object_component id="oc-175">
         <name>.debug_info</name>
         <load_address>0x8960</load_address>
         <run_address>0x8960</run_address>
         <size>0xee</size>
         <input_file_ref idref="fl-a"/>
      </object_component>
      <object_component id="oc-eb">
         <name>.debug_info</name>
         <load_address>0x8a4e</load_address>
         <run_address>0x8a4e</run_address>
         <size>0x3f6d</size>
         <input_file_ref idref="fl-a"/>
      </object_component>
      <object_component id="oc-230">
         <name>.debug_info</name>
         <load_address>0xc9bb</load_address>
         <run_address>0xc9bb</run_address>
         <size>0x107</size>
         <input_file_ref idref="fl-a"/>
      </object_component>
      <object_component id="oc-21e">
         <name>.debug_info</name>
         <load_address>0xcac2</load_address>
         <run_address>0xcac2</run_address>
         <size>0x81d</size>
         <input_file_ref idref="fl-b"/>
      </object_component>
      <object_component id="oc-218">
         <name>.debug_info</name>
         <load_address>0xd2df</load_address>
         <run_address>0xd2df</run_address>
         <size>0xec</size>
         <input_file_ref idref="fl-b"/>
      </object_component>
      <object_component id="oc-21b">
         <name>.debug_info</name>
         <load_address>0xd3cb</load_address>
         <run_address>0xd3cb</run_address>
         <size>0xec</size>
         <input_file_ref idref="fl-b"/>
      </object_component>
      <object_component id="oc-215">
         <name>.debug_info</name>
         <load_address>0xd4b7</load_address>
         <run_address>0xd4b7</run_address>
         <size>0x124</size>
         <input_file_ref idref="fl-b"/>
      </object_component>
      <object_component id="oc-212">
         <name>.debug_info</name>
         <load_address>0xd5db</load_address>
         <run_address>0xd5db</run_address>
         <size>0x110</size>
         <input_file_ref idref="fl-b"/>
      </object_component>
      <object_component id="oc-16f">
         <name>.debug_info</name>
         <load_address>0xd6eb</load_address>
         <run_address>0xd6eb</run_address>
         <size>0x1bfa</size>
         <input_file_ref idref="fl-b"/>
      </object_component>
      <object_component id="oc-21f">
         <name>.debug_info</name>
         <load_address>0xf2e5</load_address>
         <run_address>0xf2e5</run_address>
         <size>0x1ba</size>
         <input_file_ref idref="fl-b"/>
      </object_component>
      <object_component id="oc-1f8">
         <name>.debug_info</name>
         <load_address>0xf49f</load_address>
         <run_address>0xf49f</run_address>
         <size>0x426</size>
         <input_file_ref idref="fl-c"/>
      </object_component>
      <object_component id="oc-24e">
         <name>.debug_info</name>
         <load_address>0xf8c5</load_address>
         <run_address>0xf8c5</run_address>
         <size>0x119</size>
         <input_file_ref idref="fl-c"/>
      </object_component>
      <object_component id="oc-1f5">
         <name>.debug_info</name>
         <load_address>0xf9de</load_address>
         <run_address>0xf9de</run_address>
         <size>0x100</size>
         <input_file_ref idref="fl-c"/>
      </object_component>
      <object_component id="oc-154">
         <name>.debug_info</name>
         <load_address>0xfade</load_address>
         <run_address>0xfade</run_address>
         <size>0x720</size>
         <input_file_ref idref="fl-c"/>
      </object_component>
      <object_component id="oc-1f1">
         <name>.debug_info</name>
         <load_address>0x101fe</load_address>
         <run_address>0x101fe</run_address>
         <size>0x251</size>
         <input_file_ref idref="fl-d"/>
      </object_component>
      <object_component id="oc-1e7">
         <name>.debug_info</name>
         <load_address>0x1044f</load_address>
         <run_address>0x1044f</run_address>
         <size>0x3e8</size>
         <input_file_ref idref="fl-e"/>
      </object_component>
      <object_component id="oc-1e4">
         <name>.debug_info</name>
         <load_address>0x10837</load_address>
         <run_address>0x10837</run_address>
         <size>0xe7</size>
         <input_file_ref idref="fl-e"/>
      </object_component>
      <object_component id="oc-1e1">
         <name>.debug_info</name>
         <load_address>0x1091e</load_address>
         <run_address>0x1091e</run_address>
         <size>0xf5</size>
         <input_file_ref idref="fl-e"/>
      </object_component>
      <object_component id="oc-149">
         <name>.debug_info</name>
         <load_address>0x10a13</load_address>
         <run_address>0x10a13</run_address>
         <size>0x405</size>
         <input_file_ref idref="fl-e"/>
      </object_component>
      <object_component id="oc-120">
         <name>.debug_info</name>
         <load_address>0x10e18</load_address>
         <run_address>0x10e18</run_address>
         <size>0x332</size>
         <input_file_ref idref="fl-13"/>
      </object_component>
      <object_component id="oc-13b">
         <name>.debug_info</name>
         <load_address>0x1114a</load_address>
         <run_address>0x1114a</run_address>
         <size>0x349</size>
         <input_file_ref idref="fl-1c"/>
      </object_component>
      <object_component id="oc-12f">
         <name>.debug_info</name>
         <load_address>0x11493</load_address>
         <run_address>0x11493</run_address>
         <size>0xf6</size>
         <input_file_ref idref="fl-1c"/>
      </object_component>
      <object_component id="oc-132">
         <name>.debug_info</name>
         <load_address>0x11589</load_address>
         <run_address>0x11589</run_address>
         <size>0x144</size>
         <input_file_ref idref="fl-1c"/>
      </object_component>
      <object_component id="oc-135">
         <name>.debug_info</name>
         <load_address>0x116cd</load_address>
         <run_address>0x116cd</run_address>
         <size>0xf8</size>
         <input_file_ref idref="fl-1c"/>
      </object_component>
      <object_component id="oc-138">
         <name>.debug_info</name>
         <load_address>0x117c5</load_address>
         <run_address>0x117c5</run_address>
         <size>0xea</size>
         <input_file_ref idref="fl-1c"/>
      </object_component>
      <object_component id="oc-d7">
         <name>.debug_info</name>
         <load_address>0x118af</load_address>
         <run_address>0x118af</run_address>
         <size>0x3119</size>
         <input_file_ref idref="fl-1c"/>
      </object_component>
      <object_component id="oc-1c0">
         <name>.debug_info</name>
         <load_address>0x149c8</load_address>
         <run_address>0x149c8</run_address>
         <size>0x321</size>
         <input_file_ref idref="fl-1f"/>
      </object_component>
      <object_component id="oc-1ae">
         <name>.debug_info</name>
         <load_address>0x14ce9</load_address>
         <run_address>0x14ce9</run_address>
         <size>0xe5</size>
         <input_file_ref idref="fl-1f"/>
      </object_component>
      <object_component id="oc-1b1">
         <name>.debug_info</name>
         <load_address>0x14dce</load_address>
         <run_address>0x14dce</run_address>
         <size>0xdd</size>
         <input_file_ref idref="fl-1f"/>
      </object_component>
      <object_component id="oc-1b4">
         <name>.debug_info</name>
         <load_address>0x14eab</load_address>
         <run_address>0x14eab</run_address>
         <size>0xe1</size>
         <input_file_ref idref="fl-1f"/>
      </object_component>
      <object_component id="oc-1b7">
         <name>.debug_info</name>
         <load_address>0x14f8c</load_address>
         <run_address>0x14f8c</run_address>
         <size>0xe7</size>
         <input_file_ref idref="fl-1f"/>
      </object_component>
      <object_component id="oc-1ba">
         <name>.debug_info</name>
         <load_address>0x15073</load_address>
         <run_address>0x15073</run_address>
         <size>0xe5</size>
         <input_file_ref idref="fl-1f"/>
      </object_component>
      <object_component id="oc-1bd">
         <name>.debug_info</name>
         <load_address>0x15158</load_address>
         <run_address>0x15158</run_address>
         <size>0xe9</size>
         <input_file_ref idref="fl-1f"/>
      </object_component>
      <object_component id="oc-1ab">
         <name>.debug_info</name>
         <load_address>0x15241</load_address>
         <run_address>0x15241</run_address>
         <size>0xe6</size>
         <input_file_ref idref="fl-1f"/>
      </object_component>
      <object_component id="oc-118">
         <name>.debug_info</name>
         <load_address>0x15327</load_address>
         <run_address>0x15327</run_address>
         <size>0xce6</size>
         <input_file_ref idref="fl-1f"/>
      </object_component>
      <object_component id="oc-12d">
         <name>.debug_info</name>
         <load_address>0x1600d</load_address>
         <run_address>0x1600d</run_address>
         <size>0x3a6</size>
         <input_file_ref idref="fl-28"/>
      </object_component>
      <object_component id="oc-123">
         <name>.debug_info</name>
         <load_address>0x163b3</load_address>
         <run_address>0x163b3</run_address>
         <size>0xdc</size>
         <input_file_ref idref="fl-28"/>
      </object_component>
      <object_component id="oc-129">
         <name>.debug_info</name>
         <load_address>0x1648f</load_address>
         <run_address>0x1648f</run_address>
         <size>0xe8</size>
         <input_file_ref idref="fl-28"/>
      </object_component>
      <object_component id="oc-114">
         <name>.debug_info</name>
         <load_address>0x16577</load_address>
         <run_address>0x16577</run_address>
         <size>0xe2</size>
         <input_file_ref idref="fl-28"/>
      </object_component>
      <object_component id="oc-126">
         <name>.debug_info</name>
         <load_address>0x16659</load_address>
         <run_address>0x16659</run_address>
         <size>0xef</size>
         <input_file_ref idref="fl-28"/>
      </object_component>
      <object_component id="oc-d1">
         <name>.debug_info</name>
         <load_address>0x16748</load_address>
         <run_address>0x16748</run_address>
         <size>0x2b2c</size>
         <input_file_ref idref="fl-28"/>
      </object_component>
      <object_component id="oc-1ca">
         <name>.debug_info</name>
         <load_address>0x19274</load_address>
         <run_address>0x19274</run_address>
         <size>0x51</size>
         <input_file_ref idref="fl-28"/>
      </object_component>
      <object_component id="oc-146">
         <name>.debug_info</name>
         <load_address>0x192c5</load_address>
         <run_address>0x192c5</run_address>
         <size>0x32b</size>
         <input_file_ref idref="fl-2c"/>
      </object_component>
      <object_component id="oc-13d">
         <name>.debug_info</name>
         <load_address>0x195f0</load_address>
         <run_address>0x195f0</run_address>
         <size>0xe6</size>
         <input_file_ref idref="fl-2c"/>
      </object_component>
      <object_component id="oc-140">
         <name>.debug_info</name>
         <load_address>0x196d6</load_address>
         <run_address>0x196d6</run_address>
         <size>0x130</size>
         <input_file_ref idref="fl-2c"/>
      </object_component>
      <object_component id="oc-143">
         <name>.debug_info</name>
         <load_address>0x19806</load_address>
         <run_address>0x19806</run_address>
         <size>0xf8</size>
         <input_file_ref idref="fl-2c"/>
      </object_component>
      <object_component id="oc-de">
         <name>.debug_info</name>
         <load_address>0x198fe</load_address>
         <run_address>0x198fe</run_address>
         <size>0x26f8</size>
         <input_file_ref idref="fl-2c"/>
      </object_component>
      <object_component id="oc-25">
         <name>.debug_info</name>
         <load_address>0x1bff6</load_address>
         <run_address>0x1bff6</run_address>
         <size>0x160</size>
         <input_file_ref idref="fl-ed"/>
      </object_component>
      <object_component id="oc-86">
         <name>.debug_info</name>
         <load_address>0x1c156</load_address>
         <run_address>0x1c156</run_address>
         <size>0x293</size>
         <input_file_ref idref="fl-ee"/>
      </object_component>
      <object_component id="oc-13">
         <name>.debug_info</name>
         <load_address>0x1c3e9</load_address>
         <run_address>0x1c3e9</run_address>
         <size>0x245</size>
         <input_file_ref idref="fl-ee"/>
      </object_component>
      <object_component id="oc-35">
         <name>.debug_info</name>
         <load_address>0x1c62e</load_address>
         <run_address>0x1c62e</run_address>
         <size>0x60</size>
         <input_file_ref idref="fl-ee"/>
      </object_component>
      <object_component id="oc-81">
         <name>.debug_info</name>
         <load_address>0x1c68e</load_address>
         <run_address>0x1c68e</run_address>
         <size>0x46</size>
         <input_file_ref idref="fl-ee"/>
      </object_component>
      <object_component id="oc-4a">
         <name>.debug_info</name>
         <load_address>0x1c6d4</load_address>
         <run_address>0x1c6d4</run_address>
         <size>0x2da</size>
         <input_file_ref idref="fl-ef"/>
      </object_component>
      <object_component id="oc-1a">
         <name>.debug_info</name>
         <load_address>0x1c9ae</load_address>
         <run_address>0x1c9ae</run_address>
         <size>0x1df</size>
         <input_file_ref idref="fl-ef"/>
      </object_component>
      <object_component id="oc-45">
         <name>.debug_info</name>
         <load_address>0x1cb8d</load_address>
         <run_address>0x1cb8d</run_address>
         <size>0x46</size>
         <input_file_ref idref="fl-ef"/>
      </object_component>
      <object_component id="oc-88">
         <name>.debug_info</name>
         <load_address>0x1cbd3</load_address>
         <run_address>0x1cbd3</run_address>
         <size>0x2c</size>
         <input_file_ref idref="fl-ef"/>
      </object_component>
      <object_component id="oc-56">
         <name>.debug_info</name>
         <load_address>0x1cbff</load_address>
         <run_address>0x1cbff</run_address>
         <size>0x2c9</size>
         <input_file_ref idref="fl-f0"/>
      </object_component>
      <object_component id="oc-22">
         <name>.debug_info</name>
         <load_address>0x1cec8</load_address>
         <run_address>0x1cec8</run_address>
         <size>0x1aa</size>
         <input_file_ref idref="fl-f0"/>
      </object_component>
      <object_component id="oc-51">
         <name>.debug_info</name>
         <load_address>0x1d072</load_address>
         <run_address>0x1d072</run_address>
         <size>0x46</size>
         <input_file_ref idref="fl-f0"/>
      </object_component>
      <object_component id="oc-b6">
         <name>.debug_info</name>
         <load_address>0x1d0b8</load_address>
         <run_address>0x1d0b8</run_address>
         <size>0x3ce</size>
         <input_file_ref idref="fl-f1"/>
      </object_component>
      <object_component id="oc-b0">
         <name>.debug_info</name>
         <load_address>0x1d486</load_address>
         <run_address>0x1d486</run_address>
         <size>0x185</size>
         <input_file_ref idref="fl-f1"/>
      </object_component>
      <object_component id="oc-71">
         <name>.debug_info</name>
         <load_address>0x1d60b</load_address>
         <run_address>0x1d60b</run_address>
         <size>0x214</size>
         <input_file_ref idref="fl-f1"/>
      </object_component>
      <object_component id="oc-41">
         <name>.debug_info</name>
         <load_address>0x1d81f</load_address>
         <run_address>0x1d81f</run_address>
         <size>0x111</size>
         <input_file_ref idref="fl-f2"/>
      </object_component>
      <object_component id="oc-4e">
         <name>.debug_info</name>
         <load_address>0x1d930</load_address>
         <run_address>0x1d930</run_address>
         <size>0x13f</size>
         <input_file_ref idref="fl-f3"/>
      </object_component>
      <object_component id="oc-59">
         <name>.debug_info</name>
         <load_address>0x1da6f</load_address>
         <run_address>0x1da6f</run_address>
         <size>0x138</size>
         <input_file_ref idref="fl-f4"/>
      </object_component>
      <object_component id="oc-5f">
         <name>.debug_info</name>
         <load_address>0x1dba7</load_address>
         <run_address>0x1dba7</run_address>
         <size>0x148</size>
         <input_file_ref idref="fl-f5"/>
      </object_component>
      <object_component id="oc-76">
         <name>.debug_info</name>
         <load_address>0x1dcef</load_address>
         <run_address>0x1dcef</run_address>
         <size>0x109</size>
         <input_file_ref idref="fl-f6"/>
      </object_component>
      <object_component id="oc-103">
         <name>.debug_info</name>
         <load_address>0x1ddf8</load_address>
         <run_address>0x1ddf8</run_address>
         <size>0x2be</size>
         <input_file_ref idref="fl-f7"/>
      </object_component>
      <object_component id="oc-b3">
         <name>.debug_info</name>
         <load_address>0x1e0b6</load_address>
         <run_address>0x1e0b6</run_address>
         <size>0x113</size>
         <input_file_ref idref="fl-f7"/>
      </object_component>
      <object_component id="oc-fe">
         <name>.debug_info</name>
         <load_address>0x1e1c9</load_address>
         <run_address>0x1e1c9</run_address>
         <size>0x21f</size>
         <input_file_ref idref="fl-f7"/>
      </object_component>
      <object_component id="oc-ae">
         <name>.debug_info</name>
         <load_address>0x1e3e8</load_address>
         <run_address>0x1e3e8</run_address>
         <size>0x300</size>
         <input_file_ref idref="fl-f8"/>
      </object_component>
      <object_component id="oc-6d">
         <name>.debug_info</name>
         <load_address>0x1e6e8</load_address>
         <run_address>0x1e6e8</run_address>
         <size>0x167</size>
         <input_file_ref idref="fl-f8"/>
      </object_component>
      <object_component id="oc-f4">
         <name>.debug_info</name>
         <load_address>0x1e84f</load_address>
         <run_address>0x1e84f</run_address>
         <size>0x5e</size>
         <input_file_ref idref="fl-f8"/>
      </object_component>
      <object_component id="oc-a6">
         <name>.debug_info</name>
         <load_address>0x1e8ad</load_address>
         <run_address>0x1e8ad</run_address>
         <size>0x483</size>
         <input_file_ref idref="fl-f9"/>
      </object_component>
      <object_component id="oc-64">
         <name>.debug_info</name>
         <load_address>0x1ed30</load_address>
         <run_address>0x1ed30</run_address>
         <size>0x190</size>
         <input_file_ref idref="fl-f9"/>
      </object_component>
      <object_component id="oc-c6">
         <name>.debug_info</name>
         <load_address>0x1eec0</load_address>
         <run_address>0x1eec0</run_address>
         <size>0x39</size>
         <input_file_ref idref="fl-f9"/>
      </object_component>
      <object_component id="oc-10e">
         <name>.debug_info</name>
         <load_address>0x1eef9</load_address>
         <run_address>0x1eef9</run_address>
         <size>0x39</size>
         <input_file_ref idref="fl-f9"/>
      </object_component>
      <object_component id="oc-cb">
         <name>.debug_info</name>
         <load_address>0x1ef32</load_address>
         <run_address>0x1ef32</run_address>
         <size>0xcd</size>
         <input_file_ref idref="fl-f9"/>
      </object_component>
      <object_component id="oc-c2">
         <name>.debug_info</name>
         <load_address>0x1efff</load_address>
         <run_address>0x1efff</run_address>
         <size>0x37a</size>
         <input_file_ref idref="fl-fa"/>
      </object_component>
      <object_component id="oc-9a">
         <name>.debug_info</name>
         <load_address>0x1f379</load_address>
         <run_address>0x1f379</run_address>
         <size>0x183</size>
         <input_file_ref idref="fl-fa"/>
      </object_component>
      <object_component id="oc-109">
         <name>.debug_info</name>
         <load_address>0x1f4fc</load_address>
         <run_address>0x1f4fc</run_address>
         <size>0x2c</size>
         <input_file_ref idref="fl-fa"/>
      </object_component>
      <object_component id="oc-a2">
         <name>.debug_info</name>
         <load_address>0x1f528</load_address>
         <run_address>0x1f528</run_address>
         <size>0x145</size>
         <input_file_ref idref="fl-fb"/>
      </object_component>
      <object_component id="oc-296">
         <name>.debug_info</name>
         <load_address>0x1f66d</load_address>
         <run_address>0x1f66d</run_address>
         <size>0x9b</size>
      </object_component>
      <object_component id="oc-190">
         <name>.debug_line</name>
         <load_address>0x0</load_address>
         <run_address>0x0</run_address>
         <size>0x10e</size>
         <input_file_ref idref="fl-3"/>
      </object_component>
      <object_component id="oc-ac">
         <name>.debug_line</name>
         <load_address>0x10e</load_address>
         <run_address>0x10e</run_address>
         <size>0x5f</size>
         <input_file_ref idref="fl-3"/>
      </object_component>
      <object_component id="oc-18d">
         <name>.debug_line</name>
         <load_address>0x16d</load_address>
         <run_address>0x16d</run_address>
         <size>0x69</size>
         <input_file_ref idref="fl-3"/>
      </object_component>
      <object_component id="oc-1a3">
         <name>.debug_line</name>
         <load_address>0x1d6</load_address>
         <run_address>0x1d6</run_address>
         <size>0x6d</size>
         <input_file_ref idref="fl-3"/>
      </object_component>
      <object_component id="oc-bd">
         <name>.debug_line</name>
         <load_address>0x243</load_address>
         <run_address>0x243</run_address>
         <size>0x20</size>
         <input_file_ref idref="fl-3"/>
      </object_component>
      <object_component id="oc-15d">
         <name>.debug_line</name>
         <load_address>0x263</load_address>
         <run_address>0x263</run_address>
         <size>0x71</size>
         <input_file_ref idref="fl-3"/>
      </object_component>
      <object_component id="oc-25c">
         <name>.debug_line</name>
         <load_address>0x2d4</load_address>
         <run_address>0x2d4</run_address>
         <size>0x6a</size>
         <input_file_ref idref="fl-3"/>
      </object_component>
      <object_component id="oc-194">
         <name>.debug_line</name>
         <load_address>0x33e</load_address>
         <run_address>0x33e</run_address>
         <size>0x6b</size>
         <input_file_ref idref="fl-3"/>
      </object_component>
      <object_component id="oc-187">
         <name>.debug_line</name>
         <load_address>0x3a9</load_address>
         <run_address>0x3a9</run_address>
         <size>0x6d</size>
         <input_file_ref idref="fl-3"/>
      </object_component>
      <object_component id="oc-7f">
         <name>.debug_line</name>
         <load_address>0x416</load_address>
         <run_address>0x416</run_address>
         <size>0x65</size>
         <input_file_ref idref="fl-3"/>
      </object_component>
      <object_component id="oc-199">
         <name>.debug_line</name>
         <load_address>0x47b</load_address>
         <run_address>0x47b</run_address>
         <size>0x65</size>
         <input_file_ref idref="fl-3"/>
      </object_component>
      <object_component id="oc-163">
         <name>.debug_line</name>
         <load_address>0x4e0</load_address>
         <run_address>0x4e0</run_address>
         <size>0x7c</size>
         <input_file_ref idref="fl-3"/>
      </object_component>
      <object_component id="oc-19e">
         <name>.debug_line</name>
         <load_address>0x55c</load_address>
         <run_address>0x55c</run_address>
         <size>0x69</size>
         <input_file_ref idref="fl-3"/>
      </object_component>
      <object_component id="oc-7b">
         <name>.debug_line</name>
         <load_address>0x5c5</load_address>
         <run_address>0x5c5</run_address>
         <size>0x41</size>
         <input_file_ref idref="fl-4"/>
      </object_component>
      <object_component id="oc-32">
         <name>.debug_line</name>
         <load_address>0x606</load_address>
         <run_address>0x606</run_address>
         <size>0x41</size>
         <input_file_ref idref="fl-4"/>
      </object_component>
      <object_component id="oc-2c">
         <name>.debug_line</name>
         <load_address>0x647</load_address>
         <run_address>0x647</run_address>
         <size>0xa1</size>
         <input_file_ref idref="fl-4"/>
      </object_component>
      <object_component id="oc-3d">
         <name>.debug_line</name>
         <load_address>0x6e8</load_address>
         <run_address>0x6e8</run_address>
         <size>0x20</size>
         <input_file_ref idref="fl-4"/>
      </object_component>
      <object_component id="oc-1fa">
         <name>.debug_line</name>
         <load_address>0x708</load_address>
         <run_address>0x708</run_address>
         <size>0x15b</size>
         <input_file_ref idref="fl-6"/>
      </object_component>
      <object_component id="oc-e3">
         <name>.debug_line</name>
         <load_address>0x863</load_address>
         <run_address>0x863</run_address>
         <size>0x2e9</size>
         <input_file_ref idref="fl-6"/>
      </object_component>
      <object_component id="oc-1eb">
         <name>.debug_line</name>
         <load_address>0xb4c</load_address>
         <run_address>0xb4c</run_address>
         <size>0x65</size>
         <input_file_ref idref="fl-6"/>
      </object_component>
      <object_component id="oc-203">
         <name>.debug_line</name>
         <load_address>0xbb1</load_address>
         <run_address>0xbb1</run_address>
         <size>0x6d</size>
         <input_file_ref idref="fl-6"/>
      </object_component>
      <object_component id="oc-1fe">
         <name>.debug_line</name>
         <load_address>0xc1e</load_address>
         <run_address>0xc1e</run_address>
         <size>0x45</size>
         <input_file_ref idref="fl-6"/>
      </object_component>
      <object_component id="oc-24c">
         <name>.debug_line</name>
         <load_address>0xc63</load_address>
         <run_address>0xc63</run_address>
         <size>0x20</size>
         <input_file_ref idref="fl-7"/>
      </object_component>
      <object_component id="oc-151">
         <name>.debug_line</name>
         <load_address>0xc83</load_address>
         <run_address>0xc83</run_address>
         <size>0xf3</size>
         <input_file_ref idref="fl-7"/>
      </object_component>
      <object_component id="oc-26b">
         <name>.debug_line</name>
         <load_address>0xd76</load_address>
         <run_address>0xd76</run_address>
         <size>0x1be</size>
         <input_file_ref idref="fl-8"/>
      </object_component>
      <object_component id="oc-20f">
         <name>.debug_line</name>
         <load_address>0xf34</load_address>
         <run_address>0xf34</run_address>
         <size>0x759</size>
         <input_file_ref idref="fl-8"/>
      </object_component>
      <object_component id="oc-26f">
         <name>.debug_line</name>
         <load_address>0x168d</load_address>
         <run_address>0x168d</run_address>
         <size>0x3e</size>
         <input_file_ref idref="fl-8"/>
      </object_component>
      <object_component id="oc-93">
         <name>.debug_line</name>
         <load_address>0x16cb</load_address>
         <run_address>0x16cb</run_address>
         <size>0x65</size>
         <input_file_ref idref="fl-9"/>
      </object_component>
      <object_component id="oc-22f">
         <name>.debug_line</name>
         <load_address>0x1730</load_address>
         <run_address>0x1730</run_address>
         <size>0x15d</size>
         <input_file_ref idref="fl-a"/>
      </object_component>
      <object_component id="oc-206">
         <name>.debug_line</name>
         <load_address>0x188d</load_address>
         <run_address>0x188d</run_address>
         <size>0x3e</size>
         <input_file_ref idref="fl-a"/>
      </object_component>
      <object_component id="oc-208">
         <name>.debug_line</name>
         <load_address>0x18cb</load_address>
         <run_address>0x18cb</run_address>
         <size>0x3e</size>
         <input_file_ref idref="fl-a"/>
      </object_component>
      <object_component id="oc-22b">
         <name>.debug_line</name>
         <load_address>0x1909</load_address>
         <run_address>0x1909</run_address>
         <size>0x3e</size>
         <input_file_ref idref="fl-a"/>
      </object_component>
      <object_component id="oc-22d">
         <name>.debug_line</name>
         <load_address>0x1947</load_address>
         <run_address>0x1947</run_address>
         <size>0x3e</size>
         <input_file_ref idref="fl-a"/>
      </object_component>
      <object_component id="oc-229">
         <name>.debug_line</name>
         <load_address>0x1985</load_address>
         <run_address>0x1985</run_address>
         <size>0x3e</size>
         <input_file_ref idref="fl-a"/>
      </object_component>
      <object_component id="oc-227">
         <name>.debug_line</name>
         <load_address>0x19c3</load_address>
         <run_address>0x19c3</run_address>
         <size>0x3e</size>
         <input_file_ref idref="fl-a"/>
      </object_component>
      <object_component id="oc-20a">
         <name>.debug_line</name>
         <load_address>0x1a01</load_address>
         <run_address>0x1a01</run_address>
         <size>0x3e</size>
         <input_file_ref idref="fl-a"/>
      </object_component>
      <object_component id="oc-225">
         <name>.debug_line</name>
         <load_address>0x1a3f</load_address>
         <run_address>0x1a3f</run_address>
         <size>0x3e</size>
         <input_file_ref idref="fl-a"/>
      </object_component>
      <object_component id="oc-ea">
         <name>.debug_line</name>
         <load_address>0x1a7d</load_address>
         <run_address>0x1a7d</run_address>
         <size>0xaa6</size>
         <input_file_ref idref="fl-a"/>
      </object_component>
      <object_component id="oc-233">
         <name>.debug_line</name>
         <load_address>0x2523</load_address>
         <run_address>0x2523</run_address>
         <size>0x3e</size>
         <input_file_ref idref="fl-a"/>
      </object_component>
      <object_component id="oc-267">
         <name>.debug_line</name>
         <load_address>0x2561</load_address>
         <run_address>0x2561</run_address>
         <size>0x1a5</size>
         <input_file_ref idref="fl-b"/>
      </object_component>
      <object_component id="oc-263">
         <name>.debug_line</name>
         <load_address>0x2706</load_address>
         <run_address>0x2706</run_address>
         <size>0x3f</size>
         <input_file_ref idref="fl-b"/>
      </object_component>
      <object_component id="oc-265">
         <name>.debug_line</name>
         <load_address>0x2745</load_address>
         <run_address>0x2745</run_address>
         <size>0x3f</size>
         <input_file_ref idref="fl-b"/>
      </object_component>
      <object_component id="oc-261">
         <name>.debug_line</name>
         <load_address>0x2784</load_address>
         <run_address>0x2784</run_address>
         <size>0x3f</size>
         <input_file_ref idref="fl-b"/>
      </object_component>
      <object_component id="oc-25f">
         <name>.debug_line</name>
         <load_address>0x27c3</load_address>
         <run_address>0x27c3</run_address>
         <size>0x3f</size>
         <input_file_ref idref="fl-b"/>
      </object_component>
      <object_component id="oc-172">
         <name>.debug_line</name>
         <load_address>0x2802</load_address>
         <run_address>0x2802</run_address>
         <size>0x417</size>
         <input_file_ref idref="fl-b"/>
      </object_component>
      <object_component id="oc-222">
         <name>.debug_line</name>
         <load_address>0x2c19</load_address>
         <run_address>0x2c19</run_address>
         <size>0x3f</size>
         <input_file_ref idref="fl-b"/>
      </object_component>
      <object_component id="oc-254">
         <name>.debug_line</name>
         <load_address>0x2c58</load_address>
         <run_address>0x2c58</run_address>
         <size>0x9c</size>
         <input_file_ref idref="fl-c"/>
      </object_component>
      <object_component id="oc-269">
         <name>.debug_line</name>
         <load_address>0x2cf4</load_address>
         <run_address>0x2cf4</run_address>
         <size>0x53</size>
         <input_file_ref idref="fl-c"/>
      </object_component>
      <object_component id="oc-252">
         <name>.debug_line</name>
         <load_address>0x2d47</load_address>
         <run_address>0x2d47</run_address>
         <size>0x53</size>
         <input_file_ref idref="fl-c"/>
      </object_component>
      <object_component id="oc-157">
         <name>.debug_line</name>
         <load_address>0x2d9a</load_address>
         <run_address>0x2d9a</run_address>
         <size>0x155</size>
         <input_file_ref idref="fl-c"/>
      </object_component>
      <object_component id="oc-1f0">
         <name>.debug_line</name>
         <load_address>0x2eef</load_address>
         <run_address>0x2eef</run_address>
         <size>0xe8</size>
         <input_file_ref idref="fl-d"/>
      </object_component>
      <object_component id="oc-24a">
         <name>.debug_line</name>
         <load_address>0x2fd7</load_address>
         <run_address>0x2fd7</run_address>
         <size>0x69</size>
         <input_file_ref idref="fl-e"/>
      </object_component>
      <object_component id="oc-248">
         <name>.debug_line</name>
         <load_address>0x3040</load_address>
         <run_address>0x3040</run_address>
         <size>0x50</size>
         <input_file_ref idref="fl-e"/>
      </object_component>
      <object_component id="oc-246">
         <name>.debug_line</name>
         <load_address>0x3090</load_address>
         <run_address>0x3090</run_address>
         <size>0x50</size>
         <input_file_ref idref="fl-e"/>
      </object_component>
      <object_component id="oc-14b">
         <name>.debug_line</name>
         <load_address>0x30e0</load_address>
         <run_address>0x30e0</run_address>
         <size>0xd3</size>
         <input_file_ref idref="fl-e"/>
      </object_component>
      <object_component id="oc-11e">
         <name>.debug_line</name>
         <load_address>0x31b3</load_address>
         <run_address>0x31b3</run_address>
         <size>0xd9</size>
         <input_file_ref idref="fl-13"/>
      </object_component>
      <object_component id="oc-1d7">
         <name>.debug_line</name>
         <load_address>0x328c</load_address>
         <run_address>0x328c</run_address>
         <size>0x60</size>
         <input_file_ref idref="fl-1c"/>
      </object_component>
      <object_component id="oc-1cf">
         <name>.debug_line</name>
         <load_address>0x32ec</load_address>
         <run_address>0x32ec</run_address>
         <size>0x37</size>
         <input_file_ref idref="fl-1c"/>
      </object_component>
      <object_component id="oc-1d1">
         <name>.debug_line</name>
         <load_address>0x3323</load_address>
         <run_address>0x3323</run_address>
         <size>0x37</size>
         <input_file_ref idref="fl-1c"/>
      </object_component>
      <object_component id="oc-1d3">
         <name>.debug_line</name>
         <load_address>0x335a</load_address>
         <run_address>0x335a</run_address>
         <size>0x37</size>
         <input_file_ref idref="fl-1c"/>
      </object_component>
      <object_component id="oc-1d5">
         <name>.debug_line</name>
         <load_address>0x3391</load_address>
         <run_address>0x3391</run_address>
         <size>0x37</size>
         <input_file_ref idref="fl-1c"/>
      </object_component>
      <object_component id="oc-da">
         <name>.debug_line</name>
         <load_address>0x33c8</load_address>
         <run_address>0x33c8</run_address>
         <size>0x632</size>
         <input_file_ref idref="fl-1c"/>
      </object_component>
      <object_component id="oc-244">
         <name>.debug_line</name>
[...]
         <object_component_ref idref="oc-d0"/>
      </symbol>
      <symbol id="sm-785">
         <name>SysCtlPWMClockGet</name>
         <value>0x2331</value>
         <object_component_ref idref="oc-d0"/>
      </symbol>
      <symbol id="sm-786">
         <name>SysCtlDeepSleepPowerSet</name>
         <value>0x1ae1</value>
         <object_component_ref idref="oc-d0"/>
      </symbol>
      <symbol id="sm-787">
         <name>SysCtlClockOutConfig</name>
         <value>0x24bd</value>
         <object_component_ref idref="oc-d0"/>
      </symbol>
      <symbol id="sm-788">
         <name>SysCtlNMIStatus</name>
         <value>0x2491</value>
         <object_component_ref idref="oc-d0"/>
      </symbol>
      <symbol id="sm-789">
         <name>SysCtlDeepSleepClockConfigSet</name>
         <value>0x228d</value>
         <object_component_ref idref="oc-d0"/>
      </symbol>
      <symbol id="sm-78a">
         <name>SysCtlDelay</name>
         <value>0x5753</value>
         <object_component_ref idref="oc-12b"/>
      </symbol>
      <symbol id="sm-78b">
         <name>SysCtlVoltageEventClear</name>
         <value>0x23bd</value>
         <object_component_ref idref="oc-d0"/>
      </symbol>
      <symbol id="sm-78c">
         <name>SysCtlLDOSleepSet</name>
         <value>0x1aa1</value>
         <object_component_ref idref="oc-d0"/>
      </symbol>
      <symbol id="sm-78d">
         <name>SysCtlMOSCConfigSet</name>
         <value>0x1b37</value>
         <object_component_ref idref="oc-d0"/>
      </symbol>
      <symbol id="sm-78e">
         <name>SysCtlPeripheralEnable</name>
         <value>0x1835</value>
         <object_component_ref idref="oc-d0"/>
      </symbol>
      <symbol id="sm-78f">
         <name>SysCtlIntEnable</name>
         <value>0x1a49</value>
         <object_component_ref idref="oc-d0"/>
      </symbol>
      <symbol id="sm-790">
         <name>SysCtlNMIClear</name>
         <value>0x24a1</value>
         <object_component_ref idref="oc-d0"/>
      </symbol>
      <symbol id="sm-791">
         <name>SysCtlPeripheralPowerOff</name>
         <value>0x1771</value>
         <object_component_ref idref="oc-d0"/>
      </symbol>
      <symbol id="sm-792">
         <name>SysCtlSleepPowerSet</name>
         <value>0x1acd</value>
         <object_component_ref idref="oc-d0"/>
      </symbol>
      <symbol id="sm-793">
         <name>SysCtlDeepSleep</name>
         <value>0x1b01</value>
         <object_component_ref idref="oc-d0"/>
      </symbol>
      <symbol id="sm-794">
         <name>SysCtlLDODeepSleepSet</name>
         <value>0x1ab7</value>
         <object_component_ref idref="oc-d0"/>
      </symbol>
      <symbol id="sm-795">
         <name>SysCtlPeripheralPowerOn</name>
         <value>0x1735</value>
         <object_component_ref idref="oc-d0"/>
      </symbol>
      <symbol id="sm-796">
         <name>SysCtlPeripheralDeepSleepDisable</name>
         <value>0x1985</value>
         <object_component_ref idref="oc-d0"/>
      </symbol>
      <symbol id="sm-797">
         <name>SysCtlPeripheralSleepDisable</name>
         <value>0x18f9</value>
         <object_component_ref idref="oc-d0"/>
      </symbol>
      <symbol id="sm-798">
         <name>SysCtlVCOGet</name>
         <value>0x23d1</value>
         <object_component_ref idref="oc-d0"/>
      </symbol>
      <symbol id="sm-799">
         <name>SysCtlResetBehaviorSet</name>
         <value>0x1b9d</value>
         <object_component_ref idref="oc-d0"/>
      </symbol>
      <symbol id="sm-79a">
         <name>SysCtlReset</name>
         <value>0x1af1</value>
         <object_component_ref idref="oc-d0"/>
      </symbol>
      <symbol id="sm-79b">
         <name>SysCtlGPIOAHBDisable</name>
         <value>0x2363</value>
         <object_component_ref idref="oc-d0"/>
      </symbol>
      <symbol id="sm-79c">
         <name>SysCtlSRAMSizeGet</name>
         <value>0x1657</value>
         <object_component_ref idref="oc-d0"/>
      </symbol>
      <symbol id="sm-79d">
         <name>SysCtlClockGet</name>
         <value>0x20c5</value>
         <object_component_ref idref="oc-d0"/>
      </symbol>
      <symbol id="sm-79e">
         <name>SysCtlPeripheralDisable</name>
         <value>0x1871</value>
         <object_component_ref idref="oc-d0"/>
      </symbol>
      <symbol id="sm-79f">
         <name>SysCtlPWMClockSet</name>
         <value>0x2317</value>
         <object_component_ref idref="oc-d0"/>
      </symbol>
      <symbol id="sm-7a0">
         <name>SysCtlUSBPLLEnable</name>
         <value>0x237f</value>
         <object_component_ref idref="oc-d0"/>
      </symbol>
      <symbol id="sm-7a1">
         <name>SysCtlPeripheralSleepEnable</name>
         <value>0x18b5</value>
         <object_component_ref idref="oc-d0"/>
      </symbol>
      <symbol id="sm-7a2">
         <name>SysCtlIntUnregister</name>
         <value>0x1a39</value>
         <object_component_ref idref="oc-d0"/>
      </symbol>
      <symbol id="sm-7a3">
         <name>SysCtlUSBPLLDisable</name>
         <value>0x238b</value>
         <object_component_ref idref="oc-d0"/>
      </symbol>
      <symbol id="sm-7a4">
         <name>SysCtlPeripheralReady</name>
         <value>0x16f5</value>
         <object_component_ref idref="oc-d0"/>
      </symbol>
      <symbol id="sm-7a5">
         <name>SysCtlPIOSCCalibrate</name>
         <value>0x1b4d</value>
         <object_component_ref idref="oc-d0"/>
      </symbol>
      <symbol id="sm-7a6">
         <name>SysCtlResetCauseClear</name>
         <value>0x1b23</value>
         <object_component_ref idref="oc-d0"/>
      </symbol>
      <symbol id="sm-7a7">
         <name>SysCtlLDOSleepGet</name>
         <value>0x1ab1</value>
         <object_component_ref idref="oc-d0"/>
      </symbol>
      <symbol id="sm-7a8">
         <name>SysCtlClockFreqSet</name>
         <value>0x1bfd</value>
         <object_component_ref idref="oc-d0"/>
      </symbol>
      <symbol id="sm-7a9">
         <name>SysCtlPeripheralReset</name>
         <value>0x17ad</value>
         <object_component_ref idref="oc-d0"/>
      </symbol>
      <symbol id="sm-82a">
         <name>UARTClockSourceGet</name>
         <value>0x4185</value>
         <object_component_ref idref="oc-dc"/>
      </symbol>
      <symbol id="sm-82b">
         <name>UARTCharPutNonBlocking</name>
         <value>0x3ff9</value>
         <object_component_ref idref="oc-dc"/>
      </symbol>
      <symbol id="sm-82c">
         <name>UARTDMAEnable</name>
         <value>0x411f</value>
         <object_component_ref idref="oc-dc"/>
      </symbol>
      <symbol id="sm-82d">
         <name>UARTTxIntModeSet</name>
         <value>0x3f5d</value>
         <object_component_ref idref="oc-dc"/>
      </symbol>
      <symbol id="sm-82e">
         <name>UARTFIFODisable</name>
         <value>0x3e03</value>
         <object_component_ref idref="oc-dc"/>
      </symbol>
      <symbol id="sm-82f">
         <name>UARTIntUnregister</name>
         <value>0x40a5</value>
         <object_component_ref idref="oc-dc"/>
      </symbol>
      <symbol id="sm-830">
         <name>UARTRxErrorClear</name>
         <value>0x4161</value>
         <object_component_ref idref="oc-dc"/>
      </symbol>
      <symbol id="sm-831">
         <name>UARTModemControlSet</name>
         <value>0x3ea5</value>
         <object_component_ref idref="oc-dc"/>
      </symbol>
      <symbol id="sm-832">
         <name>UARTFlowControlSet</name>
         <value>0x3f2f</value>
         <object_component_ref idref="oc-dc"/>
      </symbol>
      <symbol id="sm-833">
         <name>UARTConfigSetExpClk</name>
         <value>0x3cdd</value>
         <object_component_ref idref="oc-dc"/>
      </symbol>
      <symbol id="sm-834">
         <name>UARTSmartCardDisable</name>
         <value>0x3e8f</value>
         <object_component_ref idref="oc-dc"/>
      </symbol>
      <symbol id="sm-835">
         <name>UARTDisable</name>
         <value>0x3dc3</value>
         <object_component_ref idref="oc-dc"/>
      </symbol>
      <symbol id="sm-836">
         <name>UART9BitDisable</name>
         <value>0x41ab</value>
         <object_component_ref idref="oc-dc"/>
      </symbol>
      <symbol id="sm-837">
         <name>UARTFIFOLevelGet</name>
         <value>0x3cb5</value>
         <object_component_ref idref="oc-dc"/>
      </symbol>
      <symbol id="sm-838">
         <name>UARTBusy</name>
         <value>0x4065</value>
         <object_component_ref idref="oc-dc"/>
      </symbol>
      <symbol id="sm-839">
         <name>UARTDisableSIR</name>
         <value>0x3e47</value>
         <object_component_ref idref="oc-dc"/>
      </symbol>
      <symbol id="sm-83a">
         <name>UARTLoopbackEnable</name>
         <value>0x422f</value>
         <object_component_ref idref="oc-dc"/>
      </symbol>
      <symbol id="sm-83b">
         <name>UARTIntEnable</name>
         <value>0x40bf</value>
         <object_component_ref idref="oc-dc"/>
      </symbol>
      <symbol id="sm-83c">
         <name>UARTCharsAvail</name>
         <value>0x3f8b</value>
         <object_component_ref idref="oc-dc"/>
      </symbol>
      <symbol id="sm-83d">
         <name>UARTCharGetNonBlocking</name>
         <value>0x3fc7</value>
         <object_component_ref idref="oc-dc"/>
      </symbol>
      <symbol id="sm-83e">
         <name>UARTClockSourceSet</name>
         <value>0x4171</value>
         <object_component_ref idref="oc-dc"/>
      </symbol>
      <symbol id="sm-83f">
         <name>UARTTxIntModeGet</name>
         <value>0x3f79</value>
         <object_component_ref idref="oc-dc"/>
      </symbol>
      <symbol id="sm-840">
         <name>UARTModemStatusGet</name>
         <value>0x3f1b</value>
         <object_component_ref idref="oc-dc"/>
      </symbol>
      <symbol id="sm-841">
         <name>UARTIntDisable</name>
         <value>0x40d7</value>
         <object_component_ref idref="oc-dc"/>
      </symbol>
      <symbol id="sm-842">
         <name>UARTCharPut</name>
         <value>0x401d</value>
         <object_component_ref idref="oc-dc"/>
      </symbol>
      <symbol id="sm-843">
         <name>UARTParityModeSet</name>
         <value>0x3c6f</value>
         <object_component_ref idref="oc-dc"/>
      </symbol>
      <symbol id="sm-844">
         <name>UARTRxErrorGet</name>
         <value>0x414f</value>
         <object_component_ref idref="oc-dc"/>
      </symbol>
      <symbol id="sm-845">
         <name>UARTConfigGetExpClk</name>
         <value>0x3d53</value>
         <object_component_ref idref="oc-dc"/>
      </symbol>
      <symbol id="sm-846">
         <name>UARTEnableSIR</name>
         <value>0x3e19</value>
         <object_component_ref idref="oc-dc"/>
      </symbol>
      <symbol id="sm-847">
         <name>UARTEnable</name>
         <value>0x3d9f</value>
         <object_component_ref idref="oc-dc"/>
      </symbol>
      <symbol id="sm-848">
         <name>UART9BitAddrSend</name>
         <value>0x41e7</value>
         <object_component_ref idref="oc-dc"/>
      </symbol>
      <symbol id="sm-849">
         <name>UARTModemControlGet</name>
         <value>0x3f09</value>
         <object_component_ref idref="oc-dc"/>
      </symbol>
      <symbol id="sm-84a">
         <name>UARTSmartCardEnable</name>
         <value>0x3e5d</value>
         <object_component_ref idref="oc-dc"/>
      </symbol>
      <symbol id="sm-84b">
         <name>UARTFlowControlGet</name>
         <value>0x3f4b</value>
         <object_component_ref idref="oc-dc"/>
      </symbol>
      <symbol id="sm-84c">
         <name>UARTFIFOEnable</name>
         <value>0x3ded</value>
         <object_component_ref idref="oc-dc"/>
      </symbol>
      <symbol id="sm-84d">
         <name>UARTIntClear</name>
         <value>0x410d</value>
         <object_component_ref idref="oc-dc"/>
      </symbol>
      <symbol id="sm-84e">
         <name>UARTIntStatus</name>
         <value>0x40ef</value>
         <object_component_ref idref="oc-dc"/>
      </symbol>
      <symbol id="sm-84f">
         <name>UARTDMADisable</name>
         <value>0x4137</value>
         <object_component_ref idref="oc-dc"/>
      </symbol>
      <symbol id="sm-850">
         <name>UART9BitEnable</name>
         <value>0x4195</value>
         <object_component_ref idref="oc-dc"/>
      </symbol>
      <symbol id="sm-851">
         <name>UARTSpaceAvail</name>
         <value>0x3fa9</value>
         <object_component_ref idref="oc-dc"/>
      </symbol>
      <symbol id="sm-852">
         <name>UARTCharGet</name>
         <value>0x3fe3</value>
         <object_component_ref idref="oc-dc"/>
      </symbol>
      <symbol id="sm-853">
         <name>UARTFIFOLevelSet</name>
         <value>0x3c9d</value>
         <object_component_ref idref="oc-dc"/>
      </symbol>
      <symbol id="sm-854">
         <name>UARTModemControlClear</name>
         <value>0x3ee5</value>
         <object_component_ref idref="oc-dc"/>
      </symbol>
      <symbol id="sm-855">
         <name>UARTParityModeGet</name>
         <value>0x3c8b</value>
         <object_component_ref idref="oc-dc"/>
      </symbol>
      <symbol id="sm-856">
         <name>UARTIntRegister</name>
         <value>0x4083</value>
         <object_component_ref idref="oc-dc"/>
      </symbol>
      <symbol id="sm-857">
         <name>UARTBreakCtl</name>
         <value>0x403b</value>
         <object_component_ref idref="oc-dc"/>
      </symbol>
      <symbol id="sm-858">
         <name>UART9BitAddrSet</name>
         <value>0x41c1</value>
         <object_component_ref idref="oc-dc"/>
      </symbol>
      <symbol id="sm-86c">
         <name>_c_int00</name>
         <value>0x55cd</value>
         <object_component_ref idref="oc-24"/>
      </symbol>
      <symbol id="sm-86d">
         <name>__stack</name>
         <value>0x200053c0</value>
         <object_component_ref idref="oc-2a"/>
      </symbol>
      <symbol id="sm-88b">
         <name>__TI_decompress_lzss</name>
         <value>0x5565</value>
         <object_component_ref idref="oc-12"/>
      </symbol>
      <symbol id="sm-8a2">
         <name>__TI_decompress_none</name>
         <value>0x572d</value>
         <object_component_ref idref="oc-18"/>
      </symbol>
      <symbol id="sm-8b4">
         <name>__TI_zero_init</name>
         <value>0x573b</value>
         <object_component_ref idref="oc-1e"/>
      </symbol>
      <symbol id="sm-8d5">
         <name>C$$EXIT</name>
         <value>0x5621</value>
         <object_component_ref idref="oc-6f"/>
      </symbol>
      <symbol id="sm-8d6">
         <name>abort</name>
         <value>0x5625</value>
         <object_component_ref idref="oc-6f"/>
      </symbol>
      <symbol id="sm-8d7">
         <name>exit</name>
         <value>0x562d</value>
         <object_component_ref idref="oc-6f"/>
      </symbol>
      <symbol id="sm-8d8">
         <name>__TI_dtors_ptr</name>
         <value>0x200055f8</value>
         <object_component_ref idref="oc-af"/>
      </symbol>
      <symbol id="sm-8d9">
         <name>__TI_cleanup_ptr</name>
         <value>0x200055f4</value>
         <object_component_ref idref="oc-af"/>
      </symbol>
      <symbol id="sm-8da">
         <name>__TI_enable_exit_profile_output</name>
         <value>0x200055fc</value>
         <object_component_ref idref="oc-af"/>
      </symbol>
      <symbol id="sm-8f5">
         <name>memcpy</name>
         <value>0x53dd</value>
         <object_component_ref idref="oc-3f"/>
      </symbol>
      <symbol id="sm-8f6">
         <name>__aeabi_memcpy</name>
         <value>0x53dd</value>
         <object_component_ref idref="oc-3f"/>
      </symbol>
      <symbol id="sm-8f7">
         <name>__aeabi_memcpy8</name>
         <value>0x53dd</value>
         <object_component_ref idref="oc-3f"/>
      </symbol>
      <symbol id="sm-8f8">
         <name>__aeabi_memcpy4</name>
         <value>0x53dd</value>
         <object_component_ref idref="oc-3f"/>
      </symbol>
      <symbol id="sm-907">
         <name>__aeabi_memset</name>
         <value>0x547b</value>
         <object_component_ref idref="oc-4b"/>
      </symbol>
      <symbol id="sm-908">
         <name>memset</name>
         <value>0x5481</value>
         <object_component_ref idref="oc-4b"/>
      </symbol>
      <symbol id="sm-909">
         <name>__aeabi_memset8</name>
         <value>0x547b</value>
         <object_component_ref idref="oc-4b"/>
      </symbol>
      <symbol id="sm-90a">
         <name>__aeabi_memset4</name>
         <value>0x547b</value>
         <object_component_ref idref="oc-4b"/>
      </symbol>
      <symbol id="sm-90b">
         <name>__aeabi_memclr8</name>
         <value>0x5479</value>
         <object_component_ref idref="oc-4b"/>
      </symbol>
      <symbol id="sm-90c">
         <name>__aeabi_memclr4</name>
         <value>0x5479</value>
         <object_component_ref idref="oc-4b"/>
      </symbol>
      <symbol id="sm-90d">
         <name>__aeabi_memclr</name>
         <value>0x5479</value>
         <object_component_ref idref="oc-4b"/>
      </symbol>
      <symbol id="sm-917">
         <name>__mpu_init</name>
         <value>0x4f0b</value>
         <object_component_ref idref="oc-57"/>
      </symbol>
      <symbol id="sm-921">
         <name>_system_pre_init</name>
         <value>0x5759</value>
         <object_component_ref idref="oc-5d"/>
      </symbol>
      <symbol id="sm-929">
         <name>main_func_sp</name>
         <value>0x20005620</value>
         <object_component_ref idref="oc-75"/>
      </symbol>
      <symbol id="sm-942">
         <name>_nop</name>
         <value>0x5727</value>
         <object_component_ref idref="oc-fb"/>
      </symbol>
      <symbol id="sm-943">
         <name>_lock</name>
         <value>0x2000560c</value>
         <object_component_ref idref="oc-b2"/>
      </symbol>
      <symbol id="sm-944">
         <name>_unlock</name>
         <value>0x20005610</value>
         <object_component_ref idref="oc-b2"/>
      </symbol>
      <symbol id="sm-945">
         <name>_register_lock</name>
         <value>0x571f</value>
         <object_component_ref idref="oc-fb"/>
      </symbol>
      <symbol id="sm-946">
         <name>_register_unlock</name>
         <value>0x5719</value>
         <object_component_ref idref="oc-fb"/>
      </symbol>
      <symbol id="sm-95a">
         <name>_args_main</name>
         <value>0x5701</value>
         <object_component_ref idref="oc-69"/>
      </symbol>
      <symbol id="sm-984">
         <name>__TI_auto_init</name>
         <value>0x54f5</value>
         <object_component_ref idref="oc-63"/>
      </symbol>
      <symbol id="sm-99e">
         <name>copy_in</name>
         <value>0x5675</value>
         <object_component_ref idref="oc-99"/>
      </symbol>
      <symbol id="sm-9a8">
         <name>_system_post_cinit</name>
         <value>0x5173</value>
         <object_component_ref idref="oc-9f"/>
      </symbol>
      <symbol id="sm-9a9">
         <name>__TI_static_base__</name>
         <value>0x0</value>
      </symbol>
      <symbol id="sm-9ac">
         <name>SHT$$INIT_ARRAY$$Limit</name>
         <value>0x0</value>
      </symbol>
      <symbol id="sm-9ad">
         <name>SHT$$INIT_ARRAY$$Base</name>
         <value>0x0</value>
      </symbol>
   </symbol_table>
   <title>Link successful</title>
</link_info>
