******************************************************************************
                  TI ARM Linker PC v16.9.3                     
******************************************************************************
>> Linked Fri Mar 16 19:23:53 2018

OUTPUT FILE NAME:   <Music_IMU.out>
ENTRY POINT SYMBOL: "_c_int00"  address: 000058cd


MEMORY CONFIGURATION

         name            origin    length      used     unused   attr    fill
----------------------  --------  ---------  --------  --------  ----  --------
  FLASH                 00000000   00040000  000060c8  00039f38  R  X
  SRAM                  20000000   00008000  00005700  00002900  RW X


SEGMENT ALLOCATION MAP

run origin  load origin   length   init length attrs members
----------  ----------- ---------- ----------- ----- -------
00000000    00000000    000060c8   000060c8    r-x
  00000000    00000000    0000026c   0000026c    r-- .intvecs
  0000026c    0000026c    000057f0   000057f0    r-x .text
  00005a5c    00005a5c    0000061c   0000061c    r-- .const
  00006078    00006078    00000050   00000050    r-- .cinit
20000000    20000000    00005700   00000000    rw-
  20000000    20000000    0000026c   00000000    rw- .vtable
  2000026c    2000026c    00005230   00000000    rw- .bss
  2000549c    2000549c    00000200   00000000    rw- .stack
  2000569c    2000569c    00000064   00000000    rw- .data


SECTION ALLOCATION MAP

 output                                  attributes/
section   page    origin      length       input sections
--------  ----  ----------  ----------   ----------------
.intvecs   0    00000000    0000026c     
                  00000000    0000026c     tm4c123gh6pm_startup_ccs.obj (.intvecs)

.text      0    0000026c    000057f0     
                  0000026c    0000137c     tasks.obj (.text)
                  000015e8    00000f88     sysctl.obj (.text)
                  00002570    00000ba0     gpio.obj (.text)
                  00003110    00000b50     queue.obj (.text)
                  00003c60    00000638     uart.obj (.text)
                  00004298    000005f8     timers.obj (.text)
                  00004890    000003c0     interrupt.obj (.text)
                  00004c50    00000396     event_groups.obj (.text)
                  00004fe6    00000002     rtsv7M4_T_le_v4SPD16_eabi.lib : mpu_init.obj (.text)
                  00004fe8    00000290     BLE_serial.obj (.text)
                  00005278    0000013c     port.obj (.text)
                  000053b4    0000012a     list.obj (.text)
                  000054de    00000002     rtsv7M4_T_le_v4SPD16_eabi.lib : startup.obj (.text)
                  000054e0    000000da     portasm.obj (.text)
                  000055ba    00000002     --HOLE-- [fill = 0]
                  000055bc    000000a4     heap_1.obj (.text)
                  00005660    0000009c     rtsv7M4_T_le_v4SPD16_eabi.lib : memcpy_t2.obj (.text)
                  000056fc    0000007c     main.obj (.text)
                  00005778    0000007a     rtsv7M4_T_le_v4SPD16_eabi.lib : memset_t2.obj (.text)
                  000057f2    00000002     --HOLE-- [fill = 0]
                  000057f4    00000070                                   : autoinit.obj (.text)
                  00005864    00000068                                   : copy_decompress_lzss.obj (.text:decompress:lzss)
                  000058cc    00000054                                   : boot.obj (.text)
                  00005920    00000054                                   : exit.obj (.text)
                  00005974    0000004c                                   : cpy_tbl.obj (.text)
                  000059c0    0000003e     cpu.obj (.text)
                  000059fe    00000002     --HOLE-- [fill = 0]
                  00005a00    00000018     rtsv7M4_T_le_v4SPD16_eabi.lib : args_main.obj (.text)
                  00005a18    00000014                                   : _lock.obj (.text)
                  00005a2c    0000000e                                   : copy_decompress_none.obj (.text:decompress:none)
                  00005a3a    0000000c                                   : copy_zero_init.obj (.text:decompress:ZI)
                  00005a46    0000000c     tm4c123gh6pm_startup_ccs.obj (.text)
                  00005a52    00000006     sysctl.obj (.text:SysCtlDelay)
                  00005a58    00000004     rtsv7M4_T_le_v4SPD16_eabi.lib : pre_init.obj (.text)

.const     0    00005a5c    0000061c     
                  00005a5c    000001b0     sysctl.obj (.const:g_pppui32XTALtoVCO)
                  00005c0c    000000d8     gpio.obj (.const:g_ppui32GPIOIntMapSnowflake)
                  00005ce4    000000c0     gpio.obj (.const:g_ppui32GPIOIntMapBlizzard)
                  00005da4    0000009c     interrupt.obj (.const:g_pui32Regs)
                  00005e40    00000090     gpio.obj (.const:g_pui32GPIOBaseAddrs)
                  00005ed0    0000006c     sysctl.obj (.const:g_pui32Xtals)
                  00005f3c    00000040     uart.obj (.const:g_ppui32UARTIntMap)
                  00005f7c    00000040     uart.obj (.const:g_ppui32UARTIntMapSnowflake)
                  00005fbc    00000030     sysctl.obj (.const:g_sXTALtoMEMTIM)
                  00005fec    00000020     interrupt.obj (.const:g_pui32Priority)
                  0000600c    00000014     interrupt.obj (.const:g_pui32Dii16Regs)
                  00006020    00000014     interrupt.obj (.const:g_pui32EnRegs)
                  00006034    00000014     interrupt.obj (.const:g_pui32PendRegs)
                  00006048    00000014     interrupt.obj (.const:g_pui32UnpendRegs)
                  0000605c    00000008     sysctl.obj (.const:g_pui32VCOFrequencies)
                  00006064    00000008     gpio.obj (.const)
                  0000606c    00000008     uart.obj (.const)
                  00006074    00000004     port.obj (.const)

.cinit     0    00006078    00000050     
                  00006078    00000017     (.cinit..data.load) [load image, compression = lzss]
                  0000608f    00000001     --HOLE-- [fill = 0]
                  00006090    0000000c     (__TI_handler_table)
                  0000609c    00000004     --HOLE-- [fill = 0]
                  000060a0    00000008     (.cinit..bss.load) [load image, compression = zero_init]
                  000060a8    00000008     (.cinit..vtable.load) [load image, compression = zero_init]
                  000060b0    00000018     (__TI_cinit_table)

.init_array 
*          0    00000000    00000000     UNINITIALIZED

.vtable    0    20000000    0000026c     UNINITIALIZED
                  20000000    0000026c     interrupt.obj (.vtable)

.bss       0    2000026c    00005230     UNINITIALIZED
                  2000026c    00005000     heap_1.obj (.bss:ucHeap)
                  2000526c    00000140     tasks.obj (.bss:pxReadyTasksLists)
                  200053ac    00000050     (.common:xQueueRegistry)
                  200053fc    00000014     timers.obj (.bss:xActiveTimerList1)
                  20005410    00000014     timers.obj (.bss:xActiveTimerList2)
                  20005424    00000014     tasks.obj (.bss:xDelayedTaskList1)
                  20005438    00000014     tasks.obj (.bss:xDelayedTaskList2)
                  2000544c    00000014     tasks.obj (.bss:xPendingReadyList)
                  20005460    00000014     tasks.obj (.bss:xSuspendedTaskList)
                  20005474    00000014     tasks.obj (.bss:xTasksWaitingTermination)
                  20005488    00000008     tasks.obj (.bss)
                  20005490    00000008     timers.obj (.bss)
                  20005498    00000004     (.common:Serials)

.stack     0    2000549c    00000200     UNINITIALIZED
                  2000549c    00000200     --HOLE--

.data      0    2000569c    00000064     UNINITIALIZED
                  2000569c    00000034     tasks.obj (.data)
                  200056d0    0000000c     rtsv7M4_T_le_v4SPD16_eabi.lib : exit.obj (.data:$O1$$)
                  200056dc    0000000c     timers.obj (.data)
                  200056e8    00000008     rtsv7M4_T_le_v4SPD16_eabi.lib : _lock.obj (.data:$O1$$)
                  200056f0    00000008     heap_1.obj (.data)
                  200056f8    00000004     port.obj (.data)
                  200056fc    00000004     rtsv7M4_T_le_v4SPD16_eabi.lib : stkdepth_vars.obj (.data)

MODULE SUMMARY

       Module                         code    ro data   rw data
       ------                         ----    -------   -------
    .\
       BLE_serial.obj                 656     0         4      
       tm4c123gh6pm_startup_ccs.obj   12      620       0      
       main.obj                       124     0         0      
    +--+------------------------------+-------+---------+---------+
       Total:                         792     620       4      
                                                               
    .\FreeRTOS\Source\
       tasks.obj                      4988    0         480    
       queue.obj                      2896    0         80     
       timers.obj                     1528    0         60     
       event_groups.obj               918     0         0      
       list.obj                       298     0         0      
    +--+------------------------------+-------+---------+---------+
       Total:                         10628   0         620    
                                                               
    .\FreeRTOS\Source\portable\CCS\ARM_CM4F\
       port.obj                       316     4         4      
       portasm.obj                    218     0         0      
    +--+------------------------------+-------+---------+---------+
       Total:                         534     4         4      
                                                               
    .\FreeRTOS\Source\portable\MemMang\
       heap_1.obj                     164     0         20488  
    +--+------------------------------+-------+---------+---------+
       Total:                         164     0         20488  
                                                               
    .\driverlib\
       sysctl.obj                     3982    596       0      
       gpio.obj                       2976    560       0      
       interrupt.obj                  960     268       620    
       uart.obj                       1592    136       0      
       cpu.obj                        62      0         0      
    +--+------------------------------+-------+---------+---------+
       Total:                         9572    1560      620    
                                                               
    C:\ti\ccsv7\tools\compiler\ti-cgt-arm_16.9.3.LTS\lib\rtsv7M4_T_le_v4SPD16_eabi.lib
       memcpy_t2.obj                  156     0         0      
       memset_t2.obj                  122     0         0      
       autoinit.obj                   112     0         0      
       copy_decompress_lzss.obj       104     0         0      
       exit.obj                       84      0         12     
       boot.obj                       84      0         0      
       cpy_tbl.obj                    76      0         0      
       _lock.obj                      20      0         8      
       args_main.obj                  24      0         0      
       copy_decompress_none.obj       14      0         0      
       copy_zero_init.obj             12      0         0      
       pre_init.obj                   4       0         0      
       stkdepth_vars.obj              0       0         4      
       mpu_init.obj                   2       0         0      
       startup.obj                    2       0         0      
    +--+------------------------------+-------+---------+---------+
       Total:                         816     0         24     
                                                               
       Stack:                         0       0         512    
       Linker Generated:              0       75        0      
    +--+------------------------------+-------+---------+---------+
       Grand Total:                   22506   2259      22272  


LINKER GENERATED COPY TABLES

__TI_cinit_table @ 000060b0 records: 3, size/record: 8, table size: 24
	.data: load addr=00006078, load size=00000017 bytes, run addr=2000569c, run size=00000064 bytes, compression=lzss
	.bss: load addr=000060a0, load size=00000008 bytes, run addr=2000026c, run size=00005230 bytes, compression=zero_init
	.vtable: load addr=000060a8, load size=00000008 bytes, run addr=20000000, run size=0000026c bytes, compression=zero_init


LINKER GENERATED HANDLER TABLE

__TI_handler_table @ 00006090 records: 3, size/record: 4, table size: 12
	index: 0, handler: __TI_zero_init
	index: 1, handler: __TI_decompress_lzss
	index: 2, handler: __TI_decompress_none


GLOBAL SYMBOLS: SORTED ALPHABETICALLY BY Name 

address   name                              
-------   ----                              
00004fe9  BLE_serialTask                    
00005921  C$$EXIT                           
000059f5  CPUbasepriGet                     
000059e7  CPUbasepriSet                     
000059c1  CPUcpsid                          
000059d7  CPUcpsie                          
000059cd  CPUprimask                        
000059e3  CPUwfi                            
000030e9  GPIOADCTriggerDisable             
000030cb  GPIOADCTriggerEnable              
000030ad  GPIODMATriggerDisable             
0000308f  GPIODMATriggerEnable              
0000262f  GPIODirModeGet                    
000025d3  GPIODirModeSet                    
00002b9f  GPIOIntClear                      
00002b63  GPIOIntDisable                    
00002b49  GPIOIntEnable                     
00002bb3  GPIOIntRegister                   
00002beb  GPIOIntRegisterPin                
00002b7d  GPIOIntStatus                     
0000271f  GPIOIntTypeGet                    
0000267b  GPIOIntTypeSet                    
00002bd1  GPIOIntUnregister                 
00002c19  GPIOIntUnregisterPin              
000029f7  GPIOPadConfigGet                  
000027bd  GPIOPadConfigSet                  
00003031  GPIOPinConfigure                  
00002c3d  GPIOPinRead                       
00002c75  GPIOPinTypeADC                    
00002c99  GPIOPinTypeCAN                    
00002cbd  GPIOPinTypeComparator             
00002ce1  GPIOPinTypeComparatorOutput       
00002d05  GPIOPinTypeDIVSCLK                
00002d29  GPIOPinTypeEPI                    
00002d4d  GPIOPinTypeEthernetLED            
00002d71  GPIOPinTypeEthernetMII            
00002d95  GPIOPinTypeGPIOInput              
00002db9  GPIOPinTypeGPIOOutput             
00002ddd  GPIOPinTypeGPIOOutputOD           
00002e01  GPIOPinTypeHibernateRTCCLK        
00002e25  GPIOPinTypeI2C                    
00002e49  GPIOPinTypeI2CSCL                 
00002e6d  GPIOPinTypeLCD                    
00002e91  GPIOPinTypeOneWire                
00002eb5  GPIOPinTypePWM                    
00002ed9  GPIOPinTypeQEI                    
00002efd  GPIOPinTypeSSI                    
00002f21  GPIOPinTypeTimer                  
00002f45  GPIOPinTypeTrace                  
00002f69  GPIOPinTypeUART                   
00002f8d  GPIOPinTypeUSBAnalog              
00002fb1  GPIOPinTypeUSBDigital             
00002fd5  GPIOPinTypeWakeHigh               
00002ffb  GPIOPinTypeWakeLow                
00003021  GPIOPinWakeStatus                 
00002c55  GPIOPinWrite                      
00004a51  IntDisable                        
000049df  IntEnable                         
00004ac3  IntIsEnabled                      
000048a3  IntMasterDisable                  
00004893  IntMasterEnable                   
00004bb9  IntPendClear                      
00004b49  IntPendSet                        
000049bb  IntPriorityGet                    
00004933  IntPriorityGroupingGet            
00004919  IntPriorityGroupingSet            
00004c13  IntPriorityMaskGet                
00004c07  IntPriorityMaskSet                
0000496b  IntPrioritySet                    
000048b3  IntRegister                       
00004c1b  IntTrigger                        
00004905  IntUnregister                     
00005a47  ResetISR                          
UNDEFED   SHT$$INIT_ARRAY$$Base             
UNDEFED   SHT$$INIT_ARRAY$$Limit            
20005498  Serials                           
0000252d  SysCtlAltClkConfig                
00001c51  SysCtlClockFreqSet                
00002119  SysCtlClockGet                    
00002511  SysCtlClockOutConfig              
00001f49  SysCtlClockSet                    
00001b55  SysCtlDeepSleep                   
000022e1  SysCtlDeepSleepClockConfigSet     
000022c5  SysCtlDeepSleepClockSet           
00001b35  SysCtlDeepSleepPowerSet           
00005a53  SysCtlDelay                       
000016e1  SysCtlFlashSectorSizeGet          
000016b5  SysCtlFlashSizeGet                
000023b7  SysCtlGPIOAHBDisable              
0000239b  SysCtlGPIOAHBEnable               
00001ac9  SysCtlIntClear                    
00001ab1  SysCtlIntDisable                  
00001a9d  SysCtlIntEnable                   
00001a75  SysCtlIntRegister                 
00001ad9  SysCtlIntStatus                   
00001a8d  SysCtlIntUnregister               
00001b1b  SysCtlLDODeepSleepGet             
00001b0b  SysCtlLDODeepSleepSet             
00001b05  SysCtlLDOSleepGet                 
00001af5  SysCtlLDOSleepSet                 
00001b8b  SysCtlMOSCConfigSet               
000024f5  SysCtlNMIClear                    
000024e5  SysCtlNMIStatus                   
00001ba1  SysCtlPIOSCCalibrate              
00002385  SysCtlPWMClockGet                 
0000236b  SysCtlPWMClockSet                 
00001a21  SysCtlPeripheralClockGating       
000019d9  SysCtlPeripheralDeepSleepDisable  
00001989  SysCtlPeripheralDeepSleepEnable   
000018c5  SysCtlPeripheralDisable           
00001889  SysCtlPeripheralEnable            
000017c5  SysCtlPeripheralPowerOff          
00001789  SysCtlPeripheralPowerOn           
00001709  SysCtlPeripheralPresent           
00001749  SysCtlPeripheralReady             
00001801  SysCtlPeripheralReset             
0000194d  SysCtlPeripheralSleepDisable      
00001909  SysCtlPeripheralSleepEnable       
00001b45  SysCtlReset                       
00001c01  SysCtlResetBehaviorGet            
00001bf1  SysCtlResetBehaviorSet            
00001b77  SysCtlResetCauseClear             
00001b71  SysCtlResetCauseGet               
000016ab  SysCtlSRAMSizeGet                 
00001b4d  SysCtlSleep                       
00001b21  SysCtlSleepPowerSet               
000023df  SysCtlUSBPLLDisable               
000023d3  SysCtlUSBPLLEnable                
00002425  SysCtlVCOGet                      
00002411  SysCtlVoltageEventClear           
000023f1  SysCtlVoltageEventConfig          
00002405  SysCtlVoltageEventStatus          
00005205  UART0IntHandler                   
000051bb  UART1IntHandler                   
0000423b  UART9BitAddrSend                  
00004215  UART9BitAddrSet                   
000041ff  UART9BitDisable                   
000041e9  UART9BitEnable                    
000050d9  UARTBLEinit                       
0000408f  UARTBreakCtl                      
000040b9  UARTBusy                          
00004037  UARTCharGet                       
0000401b  UARTCharGetNonBlocking            
00004071  UARTCharPut                       
0000404d  UARTCharPutNonBlocking            
00003fdf  UARTCharsAvail                    
000041d9  UARTClockSourceGet                
000041c5  UARTClockSourceSet                
00003da7  UARTConfigGetExpClk               
00003d31  UARTConfigSetExpClk               
0000418b  UARTDMADisable                    
00004173  UARTDMAEnable                     
00003e17  UARTDisable                       
00003e9b  UARTDisableSIR                    
00003df3  UARTEnable                        
00003e6d  UARTEnableSIR                     
00003e57  UARTFIFODisable                   
00003e41  UARTFIFOEnable                    
00003d09  UARTFIFOLevelGet                  
00003cf1  UARTFIFOLevelSet                  
00003f9f  UARTFlowControlGet                
00003f83  UARTFlowControlSet                
00004161  UARTIntClear                      
0000412b  UARTIntDisable                    
00004113  UARTIntEnable                     
000040d7  UARTIntRegister                   
00004143  UARTIntStatus                     
000040f9  UARTIntUnregister                 
00004283  UARTLoopbackEnable                
00003f39  UARTModemControlClear             
00003f5d  UARTModemControlGet               
00003ef9  UARTModemControlSet               
00003f6f  UARTModemStatusGet                
00003cdf  UARTParityModeGet                 
00003cc3  UARTParityModeSet                 
000041b5  UARTRxErrorClear                  
000041a3  UARTRxErrorGet                    
00003ee3  UARTSmartCardDisable              
00003eb1  UARTSmartCardEnable               
00003ffd  UARTSpaceAvail                    
00003fcd  UARTTxIntModeGet                  
00003fb1  UARTTxIntModeSet                  
2000569c  __STACK_END                       
00000200  __STACK_SIZE                      
2000569c  __STACK_TOP                       
000060b0  __TI_CINIT_Base                   
000060c8  __TI_CINIT_Limit                  
00006090  __TI_Handler_Table_Base           
0000609c  __TI_Handler_Table_Limit          
000057f5  __TI_auto_init                    
200056d0  __TI_cleanup_ptr                  
00005865  __TI_decompress_lzss              
00005a2d  __TI_decompress_none              
200056d4  __TI_dtors_ptr                    
200056d8  __TI_enable_exit_profile_output   
ffffffff  __TI_pprof_out_hndl               
ffffffff  __TI_prof_data_size               
ffffffff  __TI_prof_data_start              
00000000  __TI_static_base__                
00005a3b  __TI_zero_init                    
00005779  __aeabi_memclr                    
00005779  __aeabi_memclr4                   
00005779  __aeabi_memclr8                   
00005661  __aeabi_memcpy                    
00005661  __aeabi_memcpy4                   
00005661  __aeabi_memcpy8                   
0000577b  __aeabi_memset                    
0000577b  __aeabi_memset4                   
0000577b  __aeabi_memset8                   
ffffffff  __binit__                         
ffffffff  __c_args__                        
00004fe7  __mpu_init                        
2000549c  __stack                           
00005a01  _args_main                        
000058cd  _c_int00                          
200056e8  _lock                             
00005a27  _nop                              
00005a1f  _register_lock                    
00005a19  _register_unlock                  
000054df  _system_post_cinit                
00005a59  _system_pre_init                  
200056ec  _unlock                           
00005925  abort                             
ffffffff  binit                             
00005975  copy_in                           
0000592d  exit                              
20000000  g_pfnRAMVectors                   
00000000  g_pfnVectors                      
0000571d  main                              
200056fc  main_func_sp                      
00005661  memcpy                            
00005781  memset                            
00003b79  pcQueueGetName                    
00000ae7  pcTaskGetName                     
000043d3  pcTimerGetName                    
000055bd  pvPortMalloc                      
00000f75  pvTaskGetThreadLocalStoragePointer
000047d5  pvTimerGetTimerID                 
2000569c  pxCurrentTCB                      
00005279  pxPortInitialiseStack             
00006074  ulMaxSyscallInterruptPriority     
000054f1  ulPortGetIPSR                     
000010f5  ulTaskNotifyTake                  
00005497  uxListRemove                      
000038c3  uxQueueMessagesWaiting            
000038f9  uxQueueMessagesWaitingFromISR     
000038d9  uxQueueSpacesAvailable            
00000ae1  uxTaskGetNumberOfTasks            
000005cf  uxTaskPriorityGet                 
000005f3  uxTaskPriorityGetFromISR          
000010c9  uxTaskResetEventItemValue         
00005707  vApplicationGetIdleTaskMemory     
00005715  vApplicationIdleHook              
00005713  vApplicationMallocFailedHook      
000056fd  vApplicationStackOverflowHook     
00004fa1  vEventGroupClearBitsCallback      
00004f5d  vEventGroupDelete                 
00004f91  vEventGroupSetBitsCallback        
000053b5  vListInitialise                   
000053e5  vListInitialiseItem               
00005431  vListInsert                       
000053f5  vListInsertEnd                    
000055ad  vPortEnableVFP                    
00005319  vPortEndScheduler                 
0000531b  vPortEnterCritical                
0000533b  vPortExitCritical                 
00005635  vPortFree                         
0000563f  vPortInitialiseBlocks             
00005569  vPortSVCHandler                   
00005377  vPortSetupTimerInterrupt          
00005589  vPortStartFirstTask               
00003b37  vQueueAddToRegistry               
0000390b  vQueueDelete                      
00003bb9  vQueueUnregisterQueue             
00003bfd  vQueueWaitForMessageRestricted    
00000599  vTaskDelay                        
00000509  vTaskDelayUntil                   
00000479  vTaskDelete                       
000009a3  vTaskEndScheduler                 
00000e73  vTaskInternalSetTimeOutState      
00000f13  vTaskMissedYield                  
0000144d  vTaskNotifyGiveFromISR            
00000cf1  vTaskPlaceOnEventList             
00000d3d  vTaskPlaceOnEventListRestricted   
00000d0d  vTaskPlaceOnUnorderedEventList    
00000645  vTaskPrioritySet                  
00000df1  vTaskRemoveFromUnorderedEventList 
00000833  vTaskResume                       
00000f41  vTaskSetThreadLocalStoragePointer 
00000e55  vTaskSetTimeOutState              
0000094d  vTaskStartScheduler               
0000074d  vTaskSuspend                      
000009bf  vTaskSuspendAll                   
00000c1d  vTaskSwitchContext                
000047ef  vTimerSetTimerID                  
00004e35  xEventGroupClearBits              
00004c51  xEventGroupCreate                 
00004e61  xEventGroupGetBitsFromISR         
00004e91  xEventGroupSetBits                
00004c71  xEventGroupSync                   
00004d45  xEventGroupWaitBits               
00005647  xPortGetFreeHeapSize              
00005509  xPortPendSVHandler                
000052e3  xPortStartScheduler               
00005351  xPortSysTickHandler               
000031af  xQueueGenericCreate               
00003111  xQueueGenericReset                
00003235  xQueueGenericSend                 
0000335d  xQueueGenericSendFromISR          
000033fd  xQueueGiveFromISR                 
00003ad3  xQueueIsQueueEmptyFromISR         
00003b15  xQueueIsQueueFullFromISR          
000036b5  xQueuePeek                        
00003871  xQueuePeekFromISR                 
0000348f  xQueueReceive                     
000037d9  xQueueReceiveFromISR              
200053ac  xQueueRegistry                    
000035a7  xQueueSemaphoreTake               
00000e95  xTaskCheckForTimeOut              
0000026d  xTaskCreate                       
0000123d  xTaskGenericNotify                
00001335  xTaskGenericNotifyFromISR         
00001093  xTaskGetCurrentTaskHandle         
000010a3  xTaskGetSchedulerState            
00000abd  xTaskGetTickCount                 
00000acd  xTaskGetTickCountFromISR          
00000b19  xTaskIncrementTick                
000014ff  xTaskNotifyStateClear             
00001171  xTaskNotifyWait                   
00000d71  xTaskRemoveFromEventList          
000009d5  xTaskResumeAll                    
000008b5  xTaskResumeFromISR                
000042c5  xTimerCreate                      
00004299  xTimerCreateTimerTask             
00004339  xTimerGenericCommand              
000043bd  xTimerGetExpiryTime               
000043ab  xTimerGetPeriod                   
000043a5  xTimerGetTimerDaemonTaskHandle    
000047a9  xTimerIsTimerActive               
0000483f  xTimerPendFunctionCall            
00004809  xTimerPendFunctionCallFromISR     


GLOBAL SYMBOLS: SORTED BY Symbol Address 

address   name                              
-------   ----                              
00000000  __TI_static_base__                
00000000  g_pfnVectors                      
00000200  __STACK_SIZE                      
0000026d  xTaskCreate                       
00000479  vTaskDelete                       
00000509  vTaskDelayUntil                   
00000599  vTaskDelay                        
000005cf  uxTaskPriorityGet                 
000005f3  uxTaskPriorityGetFromISR          
00000645  vTaskPrioritySet                  
0000074d  vTaskSuspend                      
00000833  vTaskResume                       
000008b5  xTaskResumeFromISR                
0000094d  vTaskStartScheduler               
000009a3  vTaskEndScheduler                 
000009bf  vTaskSuspendAll                   
000009d5  xTaskResumeAll                    
00000abd  xTaskGetTickCount                 
00000acd  xTaskGetTickCountFromISR          
00000ae1  uxTaskGetNumberOfTasks            
00000ae7  pcTaskGetName                     
00000b19  xTaskIncrementTick                
00000c1d  vTaskSwitchContext                
00000cf1  vTaskPlaceOnEventList             
00000d0d  vTaskPlaceOnUnorderedEventList    
00000d3d  vTaskPlaceOnEventListRestricted   
00000d71  xTaskRemoveFromEventList          
00000df1  vTaskRemoveFromUnorderedEventList 
00000e55  vTaskSetTimeOutState              
00000e73  vTaskInternalSetTimeOutState      
00000e95  xTaskCheckForTimeOut              
00000f13  vTaskMissedYield                  
00000f41  vTaskSetThreadLocalStoragePointer 
00000f75  pvTaskGetThreadLocalStoragePointer
00001093  xTaskGetCurrentTaskHandle         
000010a3  xTaskGetSchedulerState            
000010c9  uxTaskResetEventItemValue         
000010f5  ulTaskNotifyTake                  
00001171  xTaskNotifyWait                   
0000123d  xTaskGenericNotify                
00001335  xTaskGenericNotifyFromISR         
0000144d  vTaskNotifyGiveFromISR            
000014ff  xTaskNotifyStateClear             
000016ab  SysCtlSRAMSizeGet                 
000016b5  SysCtlFlashSizeGet                
000016e1  SysCtlFlashSectorSizeGet          
00001709  SysCtlPeripheralPresent           
00001749  SysCtlPeripheralReady             
00001789  SysCtlPeripheralPowerOn           
000017c5  SysCtlPeripheralPowerOff          
00001801  SysCtlPeripheralReset             
00001889  SysCtlPeripheralEnable            
000018c5  SysCtlPeripheralDisable           
00001909  SysCtlPeripheralSleepEnable       
0000194d  SysCtlPeripheralSleepDisable      
00001989  SysCtlPeripheralDeepSleepEnable   
000019d9  SysCtlPeripheralDeepSleepDisable  
00001a21  SysCtlPeripheralClockGating       
00001a75  SysCtlIntRegister                 
00001a8d  SysCtlIntUnregister               
00001a9d  SysCtlIntEnable                   
00001ab1  SysCtlIntDisable                  
00001ac9  SysCtlIntClear                    
00001ad9  SysCtlIntStatus                   
00001af5  SysCtlLDOSleepSet                 
00001b05  SysCtlLDOSleepGet                 
00001b0b  SysCtlLDODeepSleepSet             
00001b1b  SysCtlLDODeepSleepGet             
00001b21  SysCtlSleepPowerSet               
00001b35  SysCtlDeepSleepPowerSet           
00001b45  SysCtlReset                       
00001b4d  SysCtlSleep                       
00001b55  SysCtlDeepSleep                   
00001b71  SysCtlResetCauseGet               
00001b77  SysCtlResetCauseClear             
00001b8b  SysCtlMOSCConfigSet               
00001ba1  SysCtlPIOSCCalibrate              
00001bf1  SysCtlResetBehaviorSet            
00001c01  SysCtlResetBehaviorGet            
00001c51  SysCtlClockFreqSet                
00001f49  SysCtlClockSet                    
00002119  SysCtlClockGet                    
000022c5  SysCtlDeepSleepClockSet           
000022e1  SysCtlDeepSleepClockConfigSet     
0000236b  SysCtlPWMClockSet                 
00002385  SysCtlPWMClockGet                 
0000239b  SysCtlGPIOAHBEnable               
000023b7  SysCtlGPIOAHBDisable              
000023d3  SysCtlUSBPLLEnable                
000023df  SysCtlUSBPLLDisable               
000023f1  SysCtlVoltageEventConfig          
00002405  SysCtlVoltageEventStatus          
00002411  SysCtlVoltageEventClear           
00002425  SysCtlVCOGet                      
000024e5  SysCtlNMIStatus                   
000024f5  SysCtlNMIClear                    
00002511  SysCtlClockOutConfig              
0000252d  SysCtlAltClkConfig                
000025d3  GPIODirModeSet                    
0000262f  GPIODirModeGet                    
0000267b  GPIOIntTypeSet                    
0000271f  GPIOIntTypeGet                    
000027bd  GPIOPadConfigSet                  
000029f7  GPIOPadConfigGet                  
00002b49  GPIOIntEnable                     
00002b63  GPIOIntDisable                    
00002b7d  GPIOIntStatus                     
00002b9f  GPIOIntClear                      
00002bb3  GPIOIntRegister                   
00002bd1  GPIOIntUnregister                 
00002beb  GPIOIntRegisterPin                
00002c19  GPIOIntUnregisterPin              
00002c3d  GPIOPinRead                       
00002c55  GPIOPinWrite                      
00002c75  GPIOPinTypeADC                    
00002c99  GPIOPinTypeCAN                    
00002cbd  GPIOPinTypeComparator             
00002ce1  GPIOPinTypeComparatorOutput       
00002d05  GPIOPinTypeDIVSCLK                
00002d29  GPIOPinTypeEPI                    
00002d4d  GPIOPinTypeEthernetLED            
00002d71  GPIOPinTypeEthernetMII            
00002d95  GPIOPinTypeGPIOInput              
00002db9  GPIOPinTypeGPIOOutput             
00002ddd  GPIOPinTypeGPIOOutputOD           
00002e01  GPIOPinTypeHibernateRTCCLK        
00002e25  GPIOPinTypeI2C                    
00002e49  GPIOPinTypeI2CSCL                 
00002e6d  GPIOPinTypeLCD                    
00002e91  GPIOPinTypeOneWire                
00002eb5  GPIOPinTypePWM                    
00002ed9  GPIOPinTypeQEI                    
00002efd  GPIOPinTypeSSI                    
00002f21  GPIOPinTypeTimer                  
00002f45  GPIOPinTypeTrace                  
00002f69  GPIOPinTypeUART                   
00002f8d  GPIOPinTypeUSBAnalog              
00002fb1  GPIOPinTypeUSBDigital             
00002fd5  GPIOPinTypeWakeHigh               
00002ffb  GPIOPinTypeWakeLow                
00003021  GPIOPinWakeStatus                 
00003031  GPIOPinConfigure                  
0000308f  GPIODMATriggerEnable              
000030ad  GPIODMATriggerDisable             
000030cb  GPIOADCTriggerEnable              
000030e9  GPIOADCTriggerDisable             
00003111  xQueueGenericReset                
000031af  xQueueGenericCreate               
00003235  xQueueGenericSend                 
0000335d  xQueueGenericSendFromISR          
000033fd  xQueueGiveFromISR                 
0000348f  xQueueReceive                     
000035a7  xQueueSemaphoreTake               
000036b5  xQueuePeek                        
000037d9  xQueueReceiveFromISR              
00003871  xQueuePeekFromISR                 
000038c3  uxQueueMessagesWaiting            
000038d9  uxQueueSpacesAvailable            
000038f9  uxQueueMessagesWaitingFromISR     
0000390b  vQueueDelete                      
00003ad3  xQueueIsQueueEmptyFromISR         
00003b15  xQueueIsQueueFullFromISR          
00003b37  vQueueAddToRegistry               
00003b79  pcQueueGetName                    
00003bb9  vQueueUnregisterQueue             
00003bfd  vQueueWaitForMessageRestricted    
00003cc3  UARTParityModeSet                 
00003cdf  UARTParityModeGet                 
00003cf1  UARTFIFOLevelSet                  
00003d09  UARTFIFOLevelGet                  
00003d31  UARTConfigSetExpClk               
00003da7  UARTConfigGetExpClk               
00003df3  UARTEnable                        
00003e17  UARTDisable                       
00003e41  UARTFIFOEnable                    
00003e57  UARTFIFODisable                   
00003e6d  UARTEnableSIR                     
00003e9b  UARTDisableSIR                    
00003eb1  UARTSmartCardEnable               
00003ee3  UARTSmartCardDisable              
00003ef9  UARTModemControlSet               
00003f39  UARTModemControlClear             
00003f5d  UARTModemControlGet               
00003f6f  UARTModemStatusGet                
00003f83  UARTFlowControlSet                
00003f9f  UARTFlowControlGet                
00003fb1  UARTTxIntModeSet                  
00003fcd  UARTTxIntModeGet                  
00003fdf  UARTCharsAvail                    
00003ffd  UARTSpaceAvail                    
0000401b  UARTCharGetNonBlocking            
00004037  UARTCharGet                       
0000404d  UARTCharPutNonBlocking            
00004071  UARTCharPut                       
0000408f  UARTBreakCtl                      
000040b9  UARTBusy                          
000040d7  UARTIntRegister                   
000040f9  UARTIntUnregister                 
00004113  UARTIntEnable                     
0000412b  UARTIntDisable                    
00004143  UARTIntStatus                     
00004161  UARTIntClear                      
00004173  UARTDMAEnable                     
0000418b  UARTDMADisable                    
000041a3  UARTRxErrorGet                    
000041b5  UARTRxErrorClear                  
000041c5  UARTClockSourceSet                
000041d9  UARTClockSourceGet                
000041e9  UART9BitEnable                    
000041ff  UART9BitDisable                   
00004215  UART9BitAddrSet                   
0000423b  UART9BitAddrSend                  
00004283  UARTLoopbackEnable                
00004299  xTimerCreateTimerTask             
000042c5  xTimerCreate                      
00004339  xTimerGenericCommand              
000043a5  xTimerGetTimerDaemonTaskHandle    
000043ab  xTimerGetPeriod                   
000043bd  xTimerGetExpiryTime               
000043d3  pcTimerGetName                    
000047a9  xTimerIsTimerActive               
000047d5  pvTimerGetTimerID                 
000047ef  vTimerSetTimerID                  
00004809  xTimerPendFunctionCallFromISR     
0000483f  xTimerPendFunctionCall            
00004893  IntMasterEnable                   
000048a3  IntMasterDisable                  
000048b3  IntRegister                       
00004905  IntUnregister                     
00004919  IntPriorityGroupingSet            
00004933  IntPriorityGroupingGet            
0000496b  IntPrioritySet                    
000049bb  IntPriorityGet                    
000049df  IntEnable                         
00004a51  IntDisable                        
00004ac3  IntIsEnabled                      
00004b49  IntPendSet                        
00004bb9  IntPendClear                      
00004c07  IntPriorityMaskSet                
00004c13  IntPriorityMaskGet                
00004c1b  IntTrigger                        
00004c51  xEventGroupCreate                 
00004c71  xEventGroupSync                   
00004d45  xEventGroupWaitBits               
00004e35  xEventGroupClearBits              
00004e61  xEventGroupGetBitsFromISR         
00004e91  xEventGroupSetBits                
00004f5d  vEventGroupDelete                 
00004f91  vEventGroupSetBitsCallback        
00004fa1  vEventGroupClearBitsCallback      
00004fe7  __mpu_init                        
00004fe9  BLE_serialTask                    
000050d9  UARTBLEinit                       
000051bb  UART1IntHandler                   
00005205  UART0IntHandler                   
00005279  pxPortInitialiseStack             
000052e3  xPortStartScheduler               
00005319  vPortEndScheduler                 
0000531b  vPortEnterCritical                
0000533b  vPortExitCritical                 
00005351  xPortSysTickHandler               
00005377  vPortSetupTimerInterrupt          
000053b5  vListInitialise                   
000053e5  vListInitialiseItem               
000053f5  vListInsertEnd                    
00005431  vListInsert                       
00005497  uxListRemove                      
000054df  _system_post_cinit                
000054f1  ulPortGetIPSR                     
00005509  xPortPendSVHandler                
00005569  vPortSVCHandler                   
00005589  vPortStartFirstTask               
000055ad  vPortEnableVFP                    
000055bd  pvPortMalloc                      
00005635  vPortFree                         
0000563f  vPortInitialiseBlocks             
00005647  xPortGetFreeHeapSize              
00005661  __aeabi_memcpy                    
00005661  __aeabi_memcpy4                   
00005661  __aeabi_memcpy8                   
00005661  memcpy                            
000056fd  vApplicationStackOverflowHook     
00005707  vApplicationGetIdleTaskMemory     
00005713  vApplicationMallocFailedHook      
00005715  vApplicationIdleHook              
0000571d  main                              
00005779  __aeabi_memclr                    
00005779  __aeabi_memclr4                   
00005779  __aeabi_memclr8                   
0000577b  __aeabi_memset                    
0000577b  __aeabi_memset4                   
0000577b  __aeabi_memset8                   
00005781  memset                            
000057f5  __TI_auto_init                    
00005865  __TI_decompress_lzss              
000058cd  _c_int00                          
00005921  C$$EXIT                           
00005925  abort                             
0000592d  exit                              
00005975  copy_in                           
000059c1  CPUcpsid                          
000059cd  CPUprimask                        
000059d7  CPUcpsie                          
000059e3  CPUwfi                            
000059e7  CPUbasepriSet                     
000059f5  CPUbasepriGet                     
00005a01  _args_main                        
00005a19  _register_unlock                  
00005a1f  _register_lock                    
00005a27  _nop                              
00005a2d  __TI_decompress_none              
00005a3b  __TI_zero_init                    
00005a47  ResetISR                          
00005a53  SysCtlDelay                       
00005a59  _system_pre_init                  
00006074  ulMaxSyscallInterruptPriority     
00006090  __TI_Handler_Table_Base           
0000609c  __TI_Handler_Table_Limit          
000060b0  __TI_CINIT_Base                   
000060c8  __TI_CINIT_Limit                  
20000000  g_pfnRAMVectors                   
200053ac  xQueueRegistry                    
20005498  Serials                           
2000549c  __stack                           
2000569c  __STACK_END                       
2000569c  __STACK_TOP                       
2000569c  pxCurrentTCB                      
200056d0  __TI_cleanup_ptr                  
200056d4  __TI_dtors_ptr                    
200056d8  __TI_enable_exit_profile_output   
200056e8  _lock                             
200056ec  _unlock                           
200056fc  main_func_sp                      
ffffffff  __TI_pprof_out_hndl               
ffffffff  __TI_prof_data_size               
ffffffff  __TI_prof_data_start              
ffffffff  __binit__                         
ffffffff  __c_args__                        
ffffffff  binit                             
UNDEFED   SHT$$INIT_ARRAY$$Base             
UNDEFED   SHT$$INIT_ARRAY$$Limit            

[341 symbols]
